ARM Linker, 5.03 [Build 76] [MDK-ARM Lite]

==============================================================================

Section Cross References

    main.o(i.ConfigureUART) refers to uart.o(i.UARTClockSourceSet) for UARTClockSourceSet
    main.o(i.ConfigureUART) refers to uartstdio.o(i.UARTStdioConfig) for UARTStdioConfig
    main.o(i.main) refers to main.o(i.ConfigureUART) for ConfigureUART
    main.o(i.main) refers to uartstdio.o(i.UARTprintf) for UARTprintf
    main.o(i.main) refers to queue.o(i.xQueueCreateMutex) for xQueueCreateMutex
    main.o(i.main) refers to adc_task.o(i.ADCTaskInit) for ADCTaskInit
    main.o(i.main) refers to controls.o(i.ControlsTaskInit) for ControlsTaskInit
    main.o(i.main) refers to pwm_task.o(i.PWMTaskInit) for PWMTaskInit
    main.o(i.main) refers to spi_task.o(i.SPITaskInit) for SPITaskInit
    main.o(i.main) refers to interpreter.o(i.InterpreterTaskInit) for InterpreterTaskInit
    main.o(i.main) refers to gpio_task.o(i.GPIOTaskInit) for GPIOTaskInit
    main.o(i.main) refers to tasks.o(i.vTaskStartScheduler) for vTaskStartScheduler
    main.o(i.main) refers to main.o(.constdata) for .constdata
    main.o(i.main) refers to main.o(.data) for .data
    main.o(i.main) refers to main.o(i.Producer) for Producer
    led_task.o(i.LEDTask) refers to tasks.o(i.xTaskGetTickCount) for xTaskGetTickCount
    led_task.o(i.LEDTask) refers to queue.o(i.xQueueGenericReceive) for xQueueGenericReceive
    led_task.o(i.LEDTask) refers to rgb.o(i.RGBColorSet) for RGBColorSet
    led_task.o(i.LEDTask) refers to uartstdio.o(i.UARTprintf) for UARTprintf
    led_task.o(i.LEDTask) refers to queue.o(i.xQueueGenericSend) for xQueueGenericSend
    led_task.o(i.LEDTask) refers to rgb.o(i.RGBEnable) for RGBEnable
    led_task.o(i.LEDTask) refers to tasks.o(i.vTaskDelayUntil) for vTaskDelayUntil
    led_task.o(i.LEDTask) refers to rgb.o(i.RGBDisable) for RGBDisable
    led_task.o(i.LEDTask) refers to led_task.o(.data) for .data
    led_task.o(i.LEDTask) refers to led_task.o(.bss) for .bss
    led_task.o(i.LEDTask) refers to main.o(.data) for g_pUARTSemaphore
    led_task.o(i.LEDTaskInit) refers to rgb.o(i.RGBInit) for RGBInit
    led_task.o(i.LEDTaskInit) refers to rgb.o(i.RGBIntensitySet) for RGBIntensitySet
    led_task.o(i.LEDTaskInit) refers to rgb.o(i.RGBColorSet) for RGBColorSet
    led_task.o(i.LEDTaskInit) refers to uartstdio.o(i.UARTprintf) for UARTprintf
    led_task.o(i.LEDTaskInit) refers to queue.o(i.xQueueGenericCreate) for xQueueGenericCreate
    led_task.o(i.LEDTaskInit) refers to tasks.o(i.xTaskGenericCreate) for xTaskGenericCreate
    led_task.o(i.LEDTaskInit) refers to led_task.o(.data) for .data
    led_task.o(i.LEDTaskInit) refers to led_task.o(.bss) for .bss
    led_task.o(i.LEDTaskInit) refers to led_task.o(i.LEDTask) for LEDTask
    port.o(.emb_text) refers to tasks.o(i.vTaskSwitchContext) for vTaskSwitchContext
    port.o(.emb_text) refers to tasks.o(.data) for pxCurrentTCB
    port.o(i.pxPortInitialiseStack) refers to port.o(i.prvTaskExitError) for prvTaskExitError
    port.o(i.vPortEnterCritical) refers to port.o(.data) for .data
    port.o(i.vPortExitCritical) refers to port.o(.data) for .data
    port.o(i.xPortStartScheduler) refers to port.o(i.vPortSetupTimerInterrupt) for vPortSetupTimerInterrupt
    port.o(i.xPortStartScheduler) refers to port.o(.emb_text) for __asm___6_port_c_39a90d8d__prvEnableVFP
    port.o(i.xPortStartScheduler) refers to port.o(.data) for .data
    port.o(i.xPortSysTickHandler) refers to tasks.o(i.xTaskIncrementTick) for xTaskIncrementTick
    queue.o(i.prvCopyDataFromQueue) refers to memcpya.o(.text) for __aeabi_memcpy
    queue.o(i.prvCopyDataToQueue) refers to memcpya.o(.text) for __aeabi_memcpy
    queue.o(i.prvCopyDataToQueue) refers to tasks.o(i.xTaskPriorityDisinherit) for xTaskPriorityDisinherit
    queue.o(i.prvUnlockQueue) refers to port.o(i.vPortEnterCritical) for vPortEnterCritical
    queue.o(i.prvUnlockQueue) refers to tasks.o(i.xTaskRemoveFromEventList) for xTaskRemoveFromEventList
    queue.o(i.prvUnlockQueue) refers to tasks.o(i.vTaskMissedYield) for vTaskMissedYield
    queue.o(i.prvUnlockQueue) refers to port.o(i.vPortExitCritical) for vPortExitCritical
    queue.o(i.uxQueueMessagesWaiting) refers to port.o(i.vPortEnterCritical) for vPortEnterCritical
    queue.o(i.uxQueueMessagesWaiting) refers to port.o(i.vPortExitCritical) for vPortExitCritical
    queue.o(i.uxQueueSpacesAvailable) refers to port.o(i.vPortEnterCritical) for vPortEnterCritical
    queue.o(i.uxQueueSpacesAvailable) refers to port.o(i.vPortExitCritical) for vPortExitCritical
    queue.o(i.vQueueAddToRegistry) refers to queue.o(.bss) for .bss
    queue.o(i.vQueueDelete) refers to queue.o(i.vQueueUnregisterQueue) for vQueueUnregisterQueue
    queue.o(i.vQueueDelete) refers to heap_1.o(i.vPortFree) for vPortFree
    queue.o(i.vQueueUnregisterQueue) refers to queue.o(.bss) for .bss
[...]
    adc.o(i.ADCIntRegister) refers to interrupt.o(i.IntRegister) for IntRegister
    adc.o(i.ADCIntRegister) refers to interrupt.o(i.IntEnable) for IntEnable
    adc.o(i.ADCIntUnregister) refers to interrupt.o(i.IntDisable) for IntDisable
    adc.o(i.ADCIntUnregister) refers to interrupt.o(i.IntUnregister) for IntUnregister
    adc.o(i.ADCSoftwareOversampleConfigure) refers to adc.o(.data) for .data
    adc.o(i.ADCSoftwareOversampleDataGet) refers to adc.o(.data) for .data
    adc.o(i.ADCSoftwareOversampleStepConfigure) refers to adc.o(.data) for .data
    gpio.o(i.GPIOIntRegister) refers to gpio.o(i._GPIOIntNumberGet) for _GPIOIntNumberGet
    gpio.o(i.GPIOIntRegister) refers to interrupt.o(i.IntRegister) for IntRegister
    gpio.o(i.GPIOIntRegister) refers to interrupt.o(i.IntEnable) for IntEnable
    gpio.o(i.GPIOIntRegisterPin) refers to gpio.o(i._GPIOIntNumberGet) for _GPIOIntNumberGet
    gpio.o(i.GPIOIntRegisterPin) refers to interrupt.o(i.IntRegister) for IntRegister
    gpio.o(i.GPIOIntRegisterPin) refers to interrupt.o(i.IntEnable) for IntEnable
    gpio.o(i.GPIOIntUnregister) refers to gpio.o(i._GPIOIntNumberGet) for _GPIOIntNumberGet
    gpio.o(i.GPIOIntUnregister) refers to interrupt.o(i.IntDisable) for IntDisable
    gpio.o(i.GPIOIntUnregister) refers to interrupt.o(i.IntUnregister) for IntUnregister
    gpio.o(i.GPIOIntUnregisterPin) refers to gpio.o(i._GPIOIntNumberGet) for _GPIOIntNumberGet
    gpio.o(i.GPIOIntUnregisterPin) refers to interrupt.o(i.IntDisable) for IntDisable
    gpio.o(i.GPIOIntUnregisterPin) refers to interrupt.o(i.IntUnregister) for IntUnregister
    gpio.o(i.GPIOPinConfigure) refers to gpio.o(.constdata) for .constdata
    gpio.o(i.GPIOPinTypeADC) refers to gpio.o(i.GPIODirModeSet) for GPIODirModeSet
    gpio.o(i.GPIOPinTypeADC) refers to gpio.o(i.GPIOPadConfigSet) for GPIOPadConfigSet
    gpio.o(i.GPIOPinTypeCAN) refers to gpio.o(i.GPIODirModeSet) for GPIODirModeSet
    gpio.o(i.GPIOPinTypeCAN) refers to gpio.o(i.GPIOPadConfigSet) for GPIOPadConfigSet
    gpio.o(i.GPIOPinTypeComparator) refers to gpio.o(i.GPIODirModeSet) for GPIODirModeSet
    gpio.o(i.GPIOPinTypeComparator) refers to gpio.o(i.GPIOPadConfigSet) for GPIOPadConfigSet
    gpio.o(i.GPIOPinTypeComparatorOutput) refers to gpio.o(i.GPIODirModeSet) for GPIODirModeSet
    gpio.o(i.GPIOPinTypeComparatorOutput) refers to gpio.o(i.GPIOPadConfigSet) for GPIOPadConfigSet
    gpio.o(i.GPIOPinTypeDIVSCLK) refers to gpio.o(i.GPIODirModeSet) for GPIODirModeSet
    gpio.o(i.GPIOPinTypeDIVSCLK) refers to gpio.o(i.GPIOPadConfigSet) for GPIOPadConfigSet
    gpio.o(i.GPIOPinTypeEPI) refers to gpio.o(i.GPIODirModeSet) for GPIODirModeSet
    gpio.o(i.GPIOPinTypeEPI) refers to gpio.o(i.GPIOPadConfigSet) for GPIOPadConfigSet
    gpio.o(i.GPIOPinTypeEthernetLED) refers to gpio.o(i.GPIODirModeSet) for GPIODirModeSet
    gpio.o(i.GPIOPinTypeEthernetLED) refers to gpio.o(i.GPIOPadConfigSet) for GPIOPadConfigSet
    gpio.o(i.GPIOPinTypeEthernetMII) refers to gpio.o(i.GPIODirModeSet) for GPIODirModeSet
    gpio.o(i.GPIOPinTypeEthernetMII) refers to gpio.o(i.GPIOPadConfigSet) for GPIOPadConfigSet
    gpio.o(i.GPIOPinTypeGPIOInput) refers to gpio.o(i.GPIODirModeSet) for GPIODirModeSet
    gpio.o(i.GPIOPinTypeGPIOInput) refers to gpio.o(i.GPIOPadConfigSet) for GPIOPadConfigSet
    gpio.o(i.GPIOPinTypeGPIOOutput) refers to gpio.o(i.GPIOPadConfigSet) for GPIOPadConfigSet
    gpio.o(i.GPIOPinTypeGPIOOutput) refers to gpio.o(i.GPIODirModeSet) for GPIODirModeSet
    gpio.o(i.GPIOPinTypeGPIOOutputOD) refers to gpio.o(i.GPIOPadConfigSet) for GPIOPadConfigSet
    gpio.o(i.GPIOPinTypeGPIOOutputOD) refers to gpio.o(i.GPIODirModeSet) for GPIODirModeSet
    gpio.o(i.GPIOPinTypeHibernateRTCCLK) refers to gpio.o(i.GPIODirModeSet) for GPIODirModeSet
    gpio.o(i.GPIOPinTypeHibernateRTCCLK) refers to gpio.o(i.GPIOPadConfigSet) for GPIOPadConfigSet
    gpio.o(i.GPIOPinTypeI2C) refers to gpio.o(i.GPIODirModeSet) for GPIODirModeSet
    gpio.o(i.GPIOPinTypeI2C) refers to gpio.o(i.GPIOPadConfigSet) for GPIOPadConfigSet
    gpio.o(i.GPIOPinTypeI2CSCL) refers to gpio.o(i.GPIODirModeSet) for GPIODirModeSet
    gpio.o(i.GPIOPinTypeI2CSCL) refers to gpio.o(i.GPIOPadConfigSet) for GPIOPadConfigSet
    gpio.o(i.GPIOPinTypeLCD) refers to gpio.o(i.GPIODirModeSet) for GPIODirModeSet
    gpio.o(i.GPIOPinTypeLCD) refers to gpio.o(i.GPIOPadConfigSet) for GPIOPadConfigSet
    gpio.o(i.GPIOPinTypeOneWire) refers to gpio.o(i.GPIODirModeSet) for GPIODirModeSet
    gpio.o(i.GPIOPinTypeOneWire) refers to gpio.o(i.GPIOPadConfigSet) for GPIOPadConfigSet
    gpio.o(i.GPIOPinTypePWM) refers to gpio.o(i.GPIODirModeSet) for GPIODirModeSet
    gpio.o(i.GPIOPinTypePWM) refers to gpio.o(i.GPIOPadConfigSet) for GPIOPadConfigSet
    gpio.o(i.GPIOPinTypeQEI) refers to gpio.o(i.GPIODirModeSet) for GPIODirModeSet
    gpio.o(i.GPIOPinTypeQEI) refers to gpio.o(i.GPIOPadConfigSet) for GPIOPadConfigSet
    gpio.o(i.GPIOPinTypeSSI) refers to gpio.o(i.GPIODirModeSet) for GPIODirModeSet
    gpio.o(i.GPIOPinTypeSSI) refers to gpio.o(i.GPIOPadConfigSet) for GPIOPadConfigSet
    gpio.o(i.GPIOPinTypeTimer) refers to gpio.o(i.GPIODirModeSet) for GPIODirModeSet
    gpio.o(i.GPIOPinTypeTimer) refers to gpio.o(i.GPIOPadConfigSet) for GPIOPadConfigSet
    gpio.o(i.GPIOPinTypeTrace) refers to gpio.o(i.GPIODirModeSet) for GPIODirModeSet
    gpio.o(i.GPIOPinTypeTrace) refers to gpio.o(i.GPIOPadConfigSet) for GPIOPadConfigSet
    gpio.o(i.GPIOPinTypeUART) refers to gpio.o(i.GPIODirModeSet) for GPIODirModeSet
    gpio.o(i.GPIOPinTypeUART) refers to gpio.o(i.GPIOPadConfigSet) for GPIOPadConfigSet
    gpio.o(i.GPIOPinTypeUSBAnalog) refers to gpio.o(i.GPIODirModeSet) for GPIODirModeSet
    gpio.o(i.GPIOPinTypeUSBAnalog) refers to gpio.o(i.GPIOPadConfigSet) for GPIOPadConfigSet
    gpio.o(i.GPIOPinTypeUSBDigital) refers to gpio.o(i.GPIODirModeSet) for GPIODirModeSet
    gpio.o(i.GPIOPinTypeUSBDigital) refers to gpio.o(i.GPIOPadConfigSet) for GPIOPadConfigSet
    gpio.o(i.GPIOPinTypeWakeHigh) refers to gpio.o(i.GPIODirModeSet) for GPIODirModeSet
    gpio.o(i.GPIOPinTypeWakeHigh) refers to gpio.o(i.GPIOPadConfigSet) for GPIOPadConfigSet
    gpio.o(i.GPIOPinTypeWakeLow) refers to gpio.o(i.GPIODirModeSet) for GPIODirModeSet
    gpio.o(i.GPIOPinTypeWakeLow) refers to gpio.o(i.GPIOPadConfigSet) for GPIOPadConfigSet
    gpio.o(i._GPIOIntNumberGet) refers to gpio.o(.constdata) for .constdata
    interrupt.o(i.IntDisable) refers to interrupt.o(.constdata) for .constdata
    interrupt.o(i.IntEnable) refers to interrupt.o(.constdata) for .constdata
    interrupt.o(i.IntIsEnabled) refers to interrupt.o(.constdata) for .constdata
    interrupt.o(i.IntMasterDisable) refers to cpu.o(.emb_text) for CPUcpsid
    interrupt.o(i.IntMasterEnable) refers to cpu.o(.emb_text) for CPUcpsie
    interrupt.o(i.IntPendClear) refers to interrupt.o(.constdata) for .constdata
    interrupt.o(i.IntPendSet) refers to interrupt.o(.constdata) for .constdata
    interrupt.o(i.IntPriorityGet) refers to interrupt.o(.constdata) for .constdata
    interrupt.o(i.IntPriorityGroupingGet) refers to interrupt.o(.constdata) for .constdata
    interrupt.o(i.IntPriorityGroupingSet) refers to interrupt.o(.constdata) for .constdata
    interrupt.o(i.IntPriorityMaskGet) refers to cpu.o(.emb_text) for CPUbasepriGet
    interrupt.o(i.IntPriorityMaskSet) refers to cpu.o(.emb_text) for CPUbasepriSet
    interrupt.o(i.IntPrioritySet) refers to interrupt.o(.constdata) for .constdata
    interrupt.o(i.IntRegister) refers to interrupt.o(vtable) for vtable
    interrupt.o(i.IntUnregister) refers to interrupt.o(i._IntDefaultHandler) for _IntDefaultHandler
    interrupt.o(i.IntUnregister) refers to interrupt.o(vtable) for vtable
    pwm.o(i.PWMFaultIntRegister) refers to interrupt.o(i.IntRegister) for IntRegister
    pwm.o(i.PWMFaultIntRegister) refers to interrupt.o(i.IntEnable) for IntEnable
    pwm.o(i.PWMFaultIntUnregister) refers to interrupt.o(i.IntDisable) for IntDisable
    pwm.o(i.PWMFaultIntUnregister) refers to interrupt.o(i.IntUnregister) for IntUnregister
    pwm.o(i.PWMGenIntRegister) refers to pwm.o(i._PWMGenIntNumberGet) for _PWMGenIntNumberGet
    pwm.o(i.PWMGenIntRegister) refers to interrupt.o(i.IntRegister) for IntRegister
    pwm.o(i.PWMGenIntRegister) refers to interrupt.o(i.IntEnable) for IntEnable
    pwm.o(i.PWMGenIntUnregister) refers to pwm.o(i._PWMGenIntNumberGet) for _PWMGenIntNumberGet
    pwm.o(i.PWMGenIntUnregister) refers to interrupt.o(i.IntDisable) for IntDisable
    pwm.o(i.PWMGenIntUnregister) refers to interrupt.o(i.IntUnregister) for IntUnregister
    ssi.o(i.SSIIntRegister) refers to interrupt.o(i.IntRegister) for IntRegister
    ssi.o(i.SSIIntRegister) refers to interrupt.o(i.IntEnable) for IntEnable
    ssi.o(i.SSIIntRegister) refers to ssi.o(.constdata) for .constdata
    ssi.o(i.SSIIntUnregister) refers to interrupt.o(i.IntDisable) for IntDisable
    ssi.o(i.SSIIntUnregister) refers to interrupt.o(i.IntUnregister) for IntUnregister
    ssi.o(i.SSIIntUnregister) refers to ssi.o(.constdata) for .constdata
    sysctl.o(i.SysCtlClockFreqSet) refers to sysctl.o(.constdata) for .constdata
    sysctl.o(i.SysCtlClockGet) refers to sysctl.o(.constdata) for .constdata
    sysctl.o(i.SysCtlClockSet) refers to sysctl.o(.emb_text) for SysCtlDelay
    sysctl.o(i.SysCtlDeepSleep) refers to cpu.o(.emb_text) for CPUwfi
    sysctl.o(i.SysCtlIntRegister) refers to interrupt.o(i.IntRegister) for IntRegister
    sysctl.o(i.SysCtlIntRegister) refers to interrupt.o(i.IntEnable) for IntEnable
    sysctl.o(i.SysCtlIntUnregister) refers to interrupt.o(i.IntDisable) for IntDisable
    sysctl.o(i.SysCtlIntUnregister) refers to interrupt.o(i.IntUnregister) for IntUnregister
    sysctl.o(i.SysCtlSleep) refers to cpu.o(.emb_text) for CPUwfi
    sysctl.o(i.SysCtlVCOGet) refers to sysctl.o(.constdata) for .constdata
    timer.o(i.TimerIntRegister) refers to interrupt.o(i.IntRegister) for IntRegister
    timer.o(i.TimerIntRegister) refers to interrupt.o(i.IntEnable) for IntEnable
    timer.o(i.TimerIntRegister) refers to timer.o(.constdata) for .constdata
    timer.o(i.TimerIntUnregister) refers to interrupt.o(i.IntDisable) for IntDisable
    timer.o(i.TimerIntUnregister) refers to interrupt.o(i.IntUnregister) for IntUnregister
    timer.o(i.TimerIntUnregister) refers to timer.o(.constdata) for .constdata
    uart.o(i.UARTIntRegister) refers to interrupt.o(i.IntRegister) for IntRegister
    uart.o(i.UARTIntRegister) refers to interrupt.o(i.IntEnable) for IntEnable
    uart.o(i.UARTIntRegister) refers to uart.o(.constdata) for .constdata
    uart.o(i.UARTIntUnregister) refers to interrupt.o(i.IntDisable) for IntDisable
    uart.o(i.UARTIntUnregister) refers to interrupt.o(i.IntUnregister) for IntUnregister
    uart.o(i.UARTIntUnregister) refers to uart.o(.constdata) for .constdata
    entry.o(.ARM.Collect$$$$00000000) refers (Special) to entry10a.o(.ARM.Collect$$$$0000000D) for __rt_final_cpp
    entry.o(.ARM.Collect$$$$00000000) refers (Special) to entry11a.o(.ARM.Collect$$$$0000000F) for __rt_final_exit
    entry.o(.ARM.Collect$$$$00000000) refers (Special) to entry7b.o(.ARM.Collect$$$$00000008) for _main_clock
    entry.o(.ARM.Collect$$$$00000000) refers (Special) to entry8b.o(.ARM.Collect$$$$0000000A) for _main_cpp_init
    entry.o(.ARM.Collect$$$$00000000) refers (Special) to entry9a.o(.ARM.Collect$$$$0000000B) for _main_init
    entry.o(.ARM.Collect$$$$00000000) refers (Special) to entry5.o(.ARM.Collect$$$$00000004) for _main_scatterload
    entry.o(.ARM.Collect$$$$00000000) refers (Special) to entry2.o(.ARM.Collect$$$$00000001) for _main_stk
    ffixul.o(.text) refers (Special) to iusefp.o(.text) for __I$use$fp
    ffixul.o(.text) refers to llshl.o(.text) for __aeabi_llsl
    entry2.o(.ARM.Collect$$$$00000001) refers to entry2.o(.ARM.Collect$$$$00002712) for __lit__00000000
    entry2.o(.ARM.Collect$$$$00002712) refers to startup_rvmdk.o(STACK) for __initial_sp
    entry2.o(__vectab_stack_and_reset_area) refers to startup_rvmdk.o(STACK) for __initial_sp
    entry2.o(__vectab_stack_and_reset_area) refers to entry.o(.ARM.Collect$$$$00000000) for __main
    entry5.o(.ARM.Collect$$$$00000004) refers to init.o(.text) for __scatterload
    entry9a.o(.ARM.Collect$$$$0000000B) refers to main.o(i.main) for main
    entry9b.o(.ARM.Collect$$$$0000000C) refers to main.o(i.main) for main
    init.o(.text) refers to entry5.o(.ARM.Collect$$$$00000004) for __main_after_scatterload


==============================================================================

Removing Unused input sections from the image.

    Removing led_task.o(i.LEDTask), (272 bytes).
    Removing led_task.o(i.LEDTaskInit), (192 bytes).
    Removing led_task.o(.bss), (12 bytes).
    Removing led_task.o(.data), (8 bytes).
    Removing port.o(i.vPortEndScheduler), (2 bytes).
    Removing queue.o(i.ucQueueGetQueueType), (6 bytes).
    Removing queue.o(i.uxQueueGetQueueNumber), (4 bytes).
    Removing queue.o(i.uxQueueMessagesWaiting), (18 bytes).
    Removing queue.o(i.uxQueueMessagesWaitingFromISR), (4 bytes).
    Removing queue.o(i.uxQueueSpacesAvailable), (22 bytes).
    Removing queue.o(i.vQueueAddToRegistry), (36 bytes).
    Removing queue.o(i.vQueueDelete), (18 bytes).
    Removing queue.o(i.vQueueSetQueueNumber), (4 bytes).
    Removing queue.o(i.vQueueUnregisterQueue), (36 bytes).
    Removing queue.o(i.xQueueGenericSendFromISR), (96 bytes).
    Removing queue.o(i.xQueueGiveMutexRecursive), (42 bytes).
    Removing queue.o(i.xQueueIsQueueEmptyFromISR), (12 bytes).
    Removing queue.o(i.xQueueIsQueueFullFromISR), (16 bytes).
    Removing queue.o(i.xQueuePeekFromISR), (44 bytes).
    Removing queue.o(i.xQueueReceiveFromISR), (88 bytes).
    Removing queue.o(i.xQueueTakeMutexRecursive), (50 bytes).
    Removing queue.o(.bss), (80 bytes).
    Removing rgb.o(i.RGBBlinkIntHandler), (56 bytes).
    Removing rgb.o(i.RGBBlinkRateSet), (120 bytes).
    Removing rgb.o(i.RGBColorGet), (24 bytes).
    Removing rgb.o(i.RGBColorSet), (144 bytes).
    Removing rgb.o(i.RGBDisable), (92 bytes).
    Removing rgb.o(i.RGBEnable), (172 bytes).
    Removing rgb.o(i.RGBInit), (208 bytes).
    Removing rgb.o(i.RGBIntensitySet), (20 bytes).
    Removing rgb.o(i.RGBSet), (30 bytes).
    Removing rgb.o(.bss), (12 bytes).
    Removing rgb.o(.data), (8 bytes).
    Removing startup_rvmdk.o(HEAP), (0 bytes).
    Removing startup_rvmdk.o(.text), (0 bytes).
    Removing tasks.o(i.prvListTaskWithinSingleList), (126 bytes).
    Removing tasks.o(i.prvTaskCheckFreeStackSpace), (20 bytes).
    Removing tasks.o(i.prvTaskIsTaskSuspended), (32 bytes).
    Removing tasks.o(i.ulTaskNotifyTake), (156 bytes).
    Removing tasks.o(i.uxTaskGetNumberOfTasks), (12 bytes).
    Removing tasks.o(i.uxTaskGetStackHighWaterMark), (16 bytes).
    Removing tasks.o(i.uxTaskGetSystemState), (152 bytes).
    Removing tasks.o(i.uxTaskGetTaskNumber), (8 bytes).
    Removing tasks.o(i.uxTaskPriorityGet), (28 bytes).
    Removing tasks.o(i.uxTaskPriorityGetFromISR), (36 bytes).
    Removing tasks.o(i.uxTaskResetEventItemValue), (24 bytes).
    Removing tasks.o(i.vTaskDelay), (84 bytes).
    Removing tasks.o(i.vTaskDelete), (144 bytes).
    Removing tasks.o(i.vTaskEndScheduler), (28 bytes).
    Removing tasks.o(i.vTaskNotifyGiveFromISR), (132 bytes).
    Removing tasks.o(i.vTaskPlaceOnUnorderedEventList), (88 bytes).
    Removing tasks.o(i.vTaskPrioritySet), (180 bytes).
    Removing tasks.o(i.vTaskResume), (112 bytes).
    Removing tasks.o(i.vTaskSetTaskNumber), (8 bytes).
    Removing tasks.o(i.vTaskSuspend), (160 bytes).
    Removing tasks.o(i.xTaskGenericNotify), (164 bytes).
    Removing tasks.o(i.xTaskGenericNotifyFromISR), (184 bytes).
    Removing tasks.o(i.xTaskGetCurrentTaskHandle), (12 bytes).
    Removing tasks.o(i.xTaskGetTickCountFromISR), (12 bytes).
    Removing tasks.o(i.xTaskNotifyStateClear), (48 bytes).
    Removing tasks.o(i.xTaskNotifyWait), (184 bytes).
    Removing tasks.o(i.xTaskRemoveFromUnorderedEventList), (80 bytes).
    Removing tasks.o(i.xTaskResumeFromISR), (120 bytes).
    Removing uartstdio.o(i.UARTgetc), (24 bytes).
    Removing ustdlib.o(i.ucmptime), (82 bytes).
    Removing ustdlib.o(i.ulocaltime), (168 bytes).
    Removing ustdlib.o(i.umktime), (58 bytes).
    Removing ustdlib.o(i.urand), (28 bytes).
    Removing ustdlib.o(i.usnprintf), (18 bytes).
    Removing ustdlib.o(i.usprintf), (22 bytes).
    Removing ustdlib.o(i.usrand), (12 bytes).
    Removing ustdlib.o(i.ustrcasecmp), (8 bytes).
    Removing ustdlib.o(i.ustrcmp), (8 bytes).
    Removing ustdlib.o(i.ustrlen), (16 bytes).
    Removing ustdlib.o(i.ustrncasecmp), (70 bytes).
    Removing ustdlib.o(i.ustrncmp), (46 bytes).
    Removing ustdlib.o(i.ustrncpy), (34 bytes).
    Removing ustdlib.o(i.ustrstr), (42 bytes).
    Removing ustdlib.o(i.ustrtof), (320 bytes).
    Removing ustdlib.o(i.ustrtoul), (154 bytes).
    Removing ustdlib.o(i.uvsnprintf), (592 bytes).
    Removing ustdlib.o(.constdata), (76 bytes).
    Removing ustdlib.o(.conststring), (17 bytes).
    Removing ustdlib.o(.data), (4 bytes).
    Removing adc_task.o(i.ADC_PrintJSON), (68 bytes).
    Removing adc_task.o(.constdata), (71 bytes).
    Removing adc_task.o(.data), (4 bytes).
    Removing pwm_task.o(i.PWM_duty_change_wind), (24 bytes).
    Removing pwm_task.o(.data), (4 bytes).
    Removing interpreter.o(.data), (4 bytes).
    Removing spi_task.o(.data), (4 bytes).
    Removing heap_1.o(i.vPortInitialiseBlocks), (12 bytes).
    Removing heap_1.o(i.xPortGetFreeHeapSize), (16 bytes).
    Removing adc.o(i.ADCBusy), (8 bytes).
    Removing adc.o(i.ADCClockConfigGet), (32 bytes).
    Removing adc.o(i.ADCComparatorConfigure), (10 bytes).
    Removing adc.o(i.ADCComparatorIntClear), (4 bytes).
    Removing adc.o(i.ADCComparatorIntDisable), (18 bytes).
    Removing adc.o(i.ADCComparatorIntEnable), (16 bytes).
    Removing adc.o(i.ADCComparatorIntStatus), (4 bytes).
    Removing adc.o(i.ADCComparatorRegionSet), (14 bytes).
    Removing adc.o(i.ADCComparatorReset), (40 bytes).
    Removing adc.o(i.ADCIntClearEx), (4 bytes).
    Removing adc.o(i.ADCIntDisable), (16 bytes).
    Removing adc.o(i.ADCIntDisableEx), (10 bytes).
    Removing adc.o(i.ADCIntEnableEx), (8 bytes).
    Removing adc.o(i.ADCIntStatus), (52 bytes).
    Removing adc.o(i.ADCIntStatusEx), (22 bytes).
    Removing adc.o(i.ADCIntUnregister), (108 bytes).
    Removing adc.o(i.ADCPhaseDelayGet), (4 bytes).
    Removing adc.o(i.ADCPhaseDelaySet), (4 bytes).
    Removing adc.o(i.ADCProcessorTrigger), (26 bytes).
    Removing adc.o(i.ADCReferenceGet), (8 bytes).
    Removing adc.o(i.ADCReferenceSet), (12 bytes).
    Removing adc.o(i.ADCSequenceDMADisable), (18 bytes).
    Removing adc.o(i.ADCSequenceDMAEnable), (16 bytes).
    Removing adc.o(i.ADCSequenceOverflow), (12 bytes).
    Removing adc.o(i.ADCSequenceOverflowClear), (10 bytes).
    Removing adc.o(i.ADCSequenceUnderflow), (12 bytes).
    Removing adc.o(i.ADCSequenceUnderflowClear), (10 bytes).
    Removing adc.o(i.ADCSoftwareOversampleConfigure), (44 bytes).
    Removing adc.o(i.ADCSoftwareOversampleDataGet), (88 bytes).
    Removing adc.o(i.ADCSoftwareOversampleStepConfigure), (168 bytes).
    Removing adc.o(.data), (6 bytes).
    Removing gpio.o(i.GPIOADCTriggerDisable), (14 bytes).
    Removing gpio.o(i.GPIOADCTriggerEnable), (12 bytes).
    Removing gpio.o(i.GPIODMATriggerDisable), (14 bytes).
    Removing gpio.o(i.GPIODMATriggerEnable), (12 bytes).
    Removing gpio.o(i.GPIODirModeGet), (34 bytes).
    Removing gpio.o(i.GPIOIntClear), (6 bytes).
    Removing gpio.o(i.GPIOIntDisable), (14 bytes).
    Removing gpio.o(i.GPIOIntEnable), (12 bytes).
    Removing gpio.o(i.GPIOIntRegister), (26 bytes).
    Removing gpio.o(i.GPIOIntRegisterPin), (30 bytes).
    Removing gpio.o(i.GPIOIntStatus), (14 bytes).
    Removing gpio.o(i.GPIOIntTypeGet), (68 bytes).
    Removing gpio.o(i.GPIOIntTypeSet), (80 bytes).
    Removing gpio.o(i.GPIOIntUnregister), (22 bytes).
    Removing gpio.o(i.GPIOIntUnregisterPin), (26 bytes).
    Removing gpio.o(i.GPIOPadConfigGet), (204 bytes).
    Removing gpio.o(i.GPIOPinRead), (6 bytes).
    Removing gpio.o(i.GPIOPinTypeCAN), (28 bytes).
    Removing gpio.o(i.GPIOPinTypeComparator), (28 bytes).
    Removing gpio.o(i.GPIOPinTypeComparatorOutput), (28 bytes).
    Removing gpio.o(i.GPIOPinTypeDIVSCLK), (28 bytes).
    Removing gpio.o(i.GPIOPinTypeEPI), (28 bytes).
    Removing gpio.o(i.GPIOPinTypeEthernetLED), (28 bytes).
    Removing gpio.o(i.GPIOPinTypeEthernetMII), (28 bytes).
    Removing gpio.o(i.GPIOPinTypeGPIOInput), (28 bytes).
    Removing gpio.o(i.GPIOPinTypeGPIOOutputOD), (28 bytes).
    Removing gpio.o(i.GPIOPinTypeHibernateRTCCLK), (28 bytes).
    Removing gpio.o(i.GPIOPinTypeI2C), (28 bytes).
    Removing gpio.o(i.GPIOPinTypeI2CSCL), (28 bytes).
    Removing gpio.o(i.GPIOPinTypeLCD), (28 bytes).
    Removing gpio.o(i.GPIOPinTypeOneWire), (28 bytes).
    Removing gpio.o(i.GPIOPinTypeQEI), (28 bytes).
    Removing gpio.o(i.GPIOPinTypeTimer), (28 bytes).
    Removing gpio.o(i.GPIOPinTypeTrace), (28 bytes).
    Removing gpio.o(i.GPIOPinTypeUART), (28 bytes).
    Removing gpio.o(i.GPIOPinTypeUSBAnalog), (28 bytes).
    Removing gpio.o(i.GPIOPinTypeUSBDigital), (28 bytes).
    Removing gpio.o(i.GPIOPinTypeWakeHigh), (30 bytes).
    Removing gpio.o(i.GPIOPinTypeWakeLow), (30 bytes).
    Removing gpio.o(i.GPIOPinWakeStatus), (6 bytes).
    Removing gpio.o(i._GPIOIntNumberGet), (80 bytes).
    Removing interrupt.o(i.IntDisable), (100 bytes).
    Removing interrupt.o(i.IntIsEnabled), (96 bytes).
    Removing interrupt.o(i.IntMasterDisable), (14 bytes).
    Removing interrupt.o(i.IntMasterEnable), (14 bytes).
    Removing interrupt.o(i.IntPendClear), (68 bytes).
    Removing interrupt.o(i.IntPendSet), (84 bytes).
    Removing interrupt.o(i.IntPriorityGet), (28 bytes).
    Removing interrupt.o(i.IntPriorityGroupingGet), (36 bytes).
    Removing interrupt.o(i.IntPriorityGroupingSet), (28 bytes).
    Removing interrupt.o(i.IntPriorityMaskGet), (4 bytes).
    Removing interrupt.o(i.IntPriorityMaskSet), (4 bytes).
    Removing interrupt.o(i.IntTrigger), (12 bytes).
    Removing interrupt.o(i.IntUnregister), (20 bytes).
    Removing interrupt.o(i._IntDefaultHandler), (2 bytes).
    Removing pwm.o(i.PWMClockGet), (26 bytes).
    Removing pwm.o(i.PWMClockSet), (20 bytes).
    Removing pwm.o(i.PWMDeadBandDisable), (12 bytes).
    Removing pwm.o(i.PWMFaultIntClear), (8 bytes).
    Removing pwm.o(i.PWMFaultIntClearExt), (4 bytes).
    Removing pwm.o(i.PWMFaultIntRegister), (92 bytes).
    Removing pwm.o(i.PWMFaultIntUnregister), (84 bytes).
    Removing pwm.o(i.PWMGenDisable), (10 bytes).
    Removing pwm.o(i.PWMGenFaultClear), (18 bytes).
    Removing pwm.o(i.PWMGenFaultConfigure), (18 bytes).
    Removing pwm.o(i.PWMGenFaultStatus), (18 bytes).
    Removing pwm.o(i.PWMGenFaultTriggerGet), (12 bytes).
    Removing pwm.o(i.PWMGenFaultTriggerSet), (12 bytes).
    Removing pwm.o(i.PWMGenIntClear), (6 bytes).
    Removing pwm.o(i.PWMGenIntRegister), (26 bytes).
    Removing pwm.o(i.PWMGenIntStatus), (12 bytes).
    Removing pwm.o(i.PWMGenIntTrigDisable), (10 bytes).
    Removing pwm.o(i.PWMGenIntTrigEnable), (10 bytes).
    Removing pwm.o(i.PWMGenIntUnregister), (22 bytes).
    Removing pwm.o(i.PWMGenPeriodGet), (18 bytes).
    Removing pwm.o(i.PWMIntDisable), (10 bytes).
    Removing pwm.o(i.PWMIntEnable), (8 bytes).
    Removing pwm.o(i.PWMIntStatus), (10 bytes).
    Removing pwm.o(i.PWMOutputFault), (16 bytes).
    Removing pwm.o(i.PWMOutputFaultLevel), (16 bytes).
    Removing pwm.o(i.PWMOutputUpdateMode), (62 bytes).
    Removing pwm.o(i.PWMPulseWidthGet), (32 bytes).
    Removing pwm.o(i.PWMSyncTimeBase), (4 bytes).
    Removing pwm.o(i.PWMSyncUpdate), (4 bytes).
    Removing pwm.o(i._PWMGenIntNumberGet), (224 bytes).
    Removing ssi.o(i.SSIAdvDataPutFrameEnd), (20 bytes).
    Removing ssi.o(i.SSIAdvDataPutFrameEndNonBlocking), (26 bytes).
    Removing ssi.o(i.SSIAdvFrameHoldDisable), (10 bytes).
    Removing ssi.o(i.SSIAdvFrameHoldEnable), (10 bytes).
    Removing ssi.o(i.SSIAdvModeSet), (12 bytes).
    Removing ssi.o(i.SSIBusy), (8 bytes).
    Removing ssi.o(i.SSIClockSourceGet), (6 bytes).
    Removing ssi.o(i.SSIClockSourceSet), (6 bytes).
    Removing ssi.o(i.SSIDMADisable), (10 bytes).
    Removing ssi.o(i.SSIDMAEnable), (8 bytes).
    Removing ssi.o(i.SSIDataGet), (14 bytes).
    Removing ssi.o(i.SSIDataPutNonBlocking), (16 bytes).
    Removing ssi.o(i.SSIDisable), (10 bytes).
    Removing ssi.o(i.SSIIntClear), (4 bytes).
    Removing ssi.o(i.SSIIntDisable), (10 bytes).
    Removing ssi.o(i.SSIIntEnable), (8 bytes).
    Removing ssi.o(i.SSIIntRegister), (88 bytes).
    Removing ssi.o(i.SSIIntStatus), (10 bytes).
    Removing ssi.o(i.SSIIntUnregister), (88 bytes).
    Removing ssi.o(.constdata), (64 bytes).
    Removing sysctl.o(.emb_text), (6 bytes).
    Removing sysctl.o(i.SysCtlAltClkConfig), (12 bytes).
    Removing sysctl.o(i.SysCtlClockFreqSet), (740 bytes).
    Removing sysctl.o(i.SysCtlClockOutConfig), (20 bytes).
    Removing sysctl.o(i.SysCtlClockSet), (288 bytes).
    Removing sysctl.o(i.SysCtlDeepSleep), (32 bytes).
    Removing sysctl.o(i.SysCtlDeepSleepClockConfigSet), (112 bytes).
    Removing sysctl.o(i.SysCtlDeepSleepClockSet), (12 bytes).
    Removing sysctl.o(i.SysCtlDeepSleepPowerSet), (12 bytes).
    Removing sysctl.o(i.SysCtlFlashSectorSizeGet), (56 bytes).
    Removing sysctl.o(i.SysCtlFlashSizeGet), (56 bytes).
    Removing sysctl.o(i.SysCtlGPIOAHBDisable), (28 bytes).
    Removing sysctl.o(i.SysCtlGPIOAHBEnable), (24 bytes).
    Removing sysctl.o(i.SysCtlIntClear), (12 bytes).
    Removing sysctl.o(i.SysCtlIntDisable), (16 bytes).
    Removing sysctl.o(i.SysCtlIntEnable), (16 bytes).
    Removing sysctl.o(i.SysCtlIntRegister), (20 bytes).
    Removing sysctl.o(i.SysCtlIntStatus), (16 bytes).
    Removing sysctl.o(i.SysCtlIntUnregister), (18 bytes).
    Removing sysctl.o(i.SysCtlLDODeepSleepGet), (12 bytes).
    Removing sysctl.o(i.SysCtlLDODeepSleepSet), (12 bytes).
    Removing sysctl.o(i.SysCtlLDOSleepGet), (12 bytes).
    Removing sysctl.o(i.SysCtlLDOSleepSet), (12 bytes).
    Removing sysctl.o(i.SysCtlMOSCConfigSet), (12 bytes).
    Removing sysctl.o(i.SysCtlNMIClear), (16 bytes).
    Removing sysctl.o(i.SysCtlNMIStatus), (12 bytes).
    Removing sysctl.o(i.SysCtlPIOSCCalibrate), (76 bytes).
    Removing sysctl.o(i.SysCtlPWMClockGet), (24 bytes).
    Removing sysctl.o(i.SysCtlPeripheralClockGating), (68 bytes).
    Removing sysctl.o(i.SysCtlPeripheralDeepSleepDisable), (40 bytes).
    Removing sysctl.o(i.SysCtlPeripheralDeepSleepEnable), (40 bytes).
    Removing sysctl.o(i.SysCtlPeripheralDisable), (40 bytes).
    Removing sysctl.o(i.SysCtlPeripheralPowerOff), (40 bytes).
    Removing sysctl.o(i.SysCtlPeripheralPowerOn), (40 bytes).
    Removing sysctl.o(i.SysCtlPeripheralPresent), (44 bytes).
    Removing sysctl.o(i.SysCtlPeripheralReady), (44 bytes).
    Removing sysctl.o(i.SysCtlPeripheralReset), (60 bytes).
    Removing sysctl.o(i.SysCtlPeripheralSleepDisable), (40 bytes).
    Removing sysctl.o(i.SysCtlPeripheralSleepEnable), (40 bytes).
    Removing sysctl.o(i.SysCtlReset), (16 bytes).
    Removing sysctl.o(i.SysCtlResetBehaviorGet), (12 bytes).
    Removing sysctl.o(i.SysCtlResetBehaviorSet), (12 bytes).
    Removing sysctl.o(i.SysCtlResetCauseClear), (16 bytes).
    Removing sysctl.o(i.SysCtlResetCauseGet), (12 bytes).
    Removing sysctl.o(i.SysCtlSRAMSizeGet), (16 bytes).
    Removing sysctl.o(i.SysCtlSleep), (4 bytes).
    Removing sysctl.o(i.SysCtlSleepPowerSet), (12 bytes).
    Removing sysctl.o(i.SysCtlUSBPLLDisable), (16 bytes).
    Removing sysctl.o(i.SysCtlUSBPLLEnable), (16 bytes).
    Removing sysctl.o(i.SysCtlVCOGet), (120 bytes).
    Removing sysctl.o(i.SysCtlVoltageEventClear), (16 bytes).
    Removing sysctl.o(i.SysCtlVoltageEventConfig), (12 bytes).
    Removing sysctl.o(i.SysCtlVoltageEventStatus), (12 bytes).
    Removing timer.o(i.TimerADCEventGet), (4 bytes).
    Removing timer.o(i.TimerADCEventSet), (4 bytes).
    Removing timer.o(i.TimerClockSourceGet), (6 bytes).
    Removing timer.o(i.TimerClockSourceSet), (6 bytes).
    Removing timer.o(i.TimerControlEvent), (18 bytes).
    Removing timer.o(i.TimerControlLevel), (22 bytes).
    Removing timer.o(i.TimerControlStall), (22 bytes).
    Removing timer.o(i.TimerControlWaitOnTrigger), (48 bytes).
    Removing timer.o(i.TimerDMAEventGet), (4 bytes).
    Removing timer.o(i.TimerDMAEventSet), (4 bytes).
    Removing timer.o(i.TimerIntClear), (4 bytes).
    Removing timer.o(i.TimerIntEnable), (8 bytes).
    Removing timer.o(i.TimerIntRegister), (104 bytes).
    Removing timer.o(i.TimerIntStatus), (10 bytes).
    Removing timer.o(i.TimerIntUnregister), (104 bytes).
    Removing timer.o(i.TimerLoadGet), (10 bytes).
    Removing timer.o(i.TimerLoadGet64), (14 bytes).
    Removing timer.o(i.TimerLoadSet64), (6 bytes).
    Removing timer.o(i.TimerMatchGet), (10 bytes).
    Removing timer.o(i.TimerMatchGet64), (14 bytes).
    Removing timer.o(i.TimerMatchSet), (18 bytes).
    Removing timer.o(i.TimerMatchSet64), (6 bytes).
    Removing timer.o(i.TimerPrescaleGet), (10 bytes).
    Removing timer.o(i.TimerPrescaleMatchGet), (10 bytes).
    Removing timer.o(i.TimerPrescaleMatchSet), (18 bytes).
    Removing timer.o(i.TimerPrescaleSet), (18 bytes).
    Removing timer.o(i.TimerRTCDisable), (10 bytes).
    Removing timer.o(i.TimerRTCEnable), (10 bytes).
    Removing timer.o(i.TimerSynchronize), (4 bytes).
    Removing timer.o(i.TimerUpdateMode), (42 bytes).
    Removing timer.o(i.TimerValueGet), (10 bytes).
    Removing timer.o(i.TimerValueGet64), (14 bytes).
    Removing timer.o(.constdata), (160 bytes).
    Removing uart.o(i.UART9BitAddrSend), (38 bytes).
    Removing uart.o(i.UART9BitAddrSet), (10 bytes).
    Removing uart.o(i.UART9BitDisable), (14 bytes).
    Removing uart.o(i.UART9BitEnable), (14 bytes).
    Removing uart.o(i.UARTBreakCtl), (18 bytes).
    Removing uart.o(i.UARTBusy), (8 bytes).
    Removing uart.o(i.UARTCharGet), (12 bytes).
    Removing uart.o(i.UARTCharGetNonBlocking), (16 bytes).
    Removing uart.o(i.UARTCharPut), (12 bytes).
    Removing uart.o(i.UARTCharPutNonBlocking), (16 bytes).
    Removing uart.o(i.UARTCharsAvail), (10 bytes).
    Removing uart.o(i.UARTClockSourceGet), (6 bytes).
    Removing uart.o(i.UARTConfigGetExpClk), (46 bytes).
    Removing uart.o(i.UARTConfigSetExpClk), (110 bytes).
    Removing uart.o(i.UARTDMADisable), (10 bytes).
    Removing uart.o(i.UARTDMAEnable), (8 bytes).
    Removing uart.o(i.UARTDisable), (30 bytes).
    Removing uart.o(i.UARTDisableSIR), (10 bytes).
    Removing uart.o(i.UARTEnable), (20 bytes).
    Removing uart.o(i.UARTEnableSIR), (18 bytes).
    Removing uart.o(i.UARTFIFODisable), (10 bytes).
    Removing uart.o(i.UARTFIFOEnable), (10 bytes).
    Removing uart.o(i.UARTFIFOLevelGet), (16 bytes).
    Removing uart.o(i.UARTFIFOLevelSet), (6 bytes).
    Removing uart.o(i.UARTFlowControlGet), (8 bytes).
    Removing uart.o(i.UARTFlowControlSet), (12 bytes).
    Removing uart.o(i.UARTIntClear), (4 bytes).
    Removing uart.o(i.UARTIntDisable), (10 bytes).
    Removing uart.o(i.UARTIntEnable), (8 bytes).
    Removing uart.o(i.UARTIntRegister), (88 bytes).
    Removing uart.o(i.UARTIntStatus), (10 bytes).
    Removing uart.o(i.UARTIntUnregister), (88 bytes).
    Removing uart.o(i.UARTLoopbackEnable), (10 bytes).
    Removing uart.o(i.UARTModemControlClear), (14 bytes).
    Removing uart.o(i.UARTModemControlGet), (8 bytes).
    Removing uart.o(i.UARTModemControlSet), (12 bytes).
    Removing uart.o(i.UARTModemStatusGet), (10 bytes).
    Removing uart.o(i.UARTParityModeGet), (8 bytes).
    Removing uart.o(i.UARTParityModeSet), (12 bytes).
    Removing uart.o(i.UARTRxErrorClear), (6 bytes).
    Removing uart.o(i.UARTRxErrorGet), (8 bytes).
    Removing uart.o(i.UARTSmartCardDisable), (10 bytes).
    Removing uart.o(i.UARTSmartCardEnable), (22 bytes).
    Removing uart.o(i.UARTSpaceAvail), (10 bytes).
    Removing uart.o(i.UARTTxIntModeGet), (8 bytes).
    Removing uart.o(i.UARTTxIntModeSet), (12 bytes).
    Removing uart.o(.constdata), (128 bytes).
    Removing cpu.o(.emb_text), (38 bytes).
    Removing ffixul.o(.text), (44 bytes).

364 unused section(s) (total 14450 bytes) removed from the image.

==============================================================================

Image Symbol Table

    Local Symbols

    Symbol Name                              Value     Ov Type        Size  Object(Section)

    RESET                                    0x00000000   Section      648  startup_rvmdk.o(RESET)
    ../clib/../cmprslib/zerorunl.c           0x00000000   Number         0  __dczerorl.o ABSOLUTE
    ../clib/microlib/init/entry.s            0x00000000   Number         0  entry10b.o ABSOLUTE
    ../clib/microlib/init/entry.s            0x00000000   Number         0  entry8a.o ABSOLUTE
    ../clib/microlib/init/entry.s            0x00000000   Number         0  entry11b.o ABSOLUTE
    ../clib/microlib/init/entry.s            0x00000000   Number         0  entry8b.o ABSOLUTE
    ../clib/microlib/init/entry.s            0x00000000   Number         0  entry9a.o ABSOLUTE
    ../clib/microlib/init/entry.s            0x00000000   Number         0  entry10a.o ABSOLUTE
    ../clib/microlib/init/entry.s            0x00000000   Number         0  entry9b.o ABSOLUTE
    ../clib/microlib/init/entry.s            0x00000000   Number         0  entry7b.o ABSOLUTE
    ../clib/microlib/init/entry.s            0x00000000   Number         0  entry.o ABSOLUTE
    ../clib/microlib/init/entry.s            0x00000000   Number         0  entry2.o ABSOLUTE
    ../clib/microlib/init/entry.s            0x00000000   Number         0  entry5.o ABSOLUTE
    ../clib/microlib/init/entry.s            0x00000000   Number         0  entry11a.o ABSOLUTE
    ../clib/microlib/init/entry.s            0x00000000   Number         0  entry7a.o ABSOLUTE
    ../clib/microlib/longlong.c              0x00000000   Number         0  llshl.o ABSOLUTE
    ../clib/microlib/string/memcpy.c         0x00000000   Number         0  memcpyb.o ABSOLUTE
    ../clib/microlib/string/memcpy.c         0x00000000   Number         0  memcpya.o ABSOLUTE
    ../clib/microlib/string/memset.c         0x00000000   Number         0  memseta.o ABSOLUTE
    ../clib/microlib/stubs.s                 0x00000000   Number         0  iusefp.o ABSOLUTE
    ../fplib/microlib/fpfix.c                0x00000000   Number         0  ffixul.o ABSOLUTE
    ..\\third_party\\FreeRTOS\\Source\\portable\\RVDS\\ARM_CM4F\\port.c 0x00000000   Number         0  port.o ABSOLUTE
    ..\drivers\rgb.c                         0x00000000   Number         0  rgb.o ABSOLUTE
    ..\third_party\FreeRTOS\Source\list.c    0x00000000   Number         0  list.o ABSOLUTE
    ..\third_party\FreeRTOS\Source\portable\RVDS\ARM_CM4F\port.c 0x00000000   Number         0  port.o ABSOLUTE
    ..\third_party\FreeRTOS\Source\queue.c   0x00000000   Number         0  queue.o ABSOLUTE
    ..\third_party\FreeRTOS\Source\tasks.c   0x00000000   Number         0  tasks.o ABSOLUTE
    ..\utils\uartstdio.c                     0x00000000   Number         0  uartstdio.o ABSOLUTE
    ..\utils\ustdlib.c                       0x00000000   Number         0  ustdlib.o ABSOLUTE
    adc.c                                    0x00000000   Number         0  adc.o ABSOLUTE
    adc_task.c                               0x00000000   Number         0  adc_task.o ABSOLUTE
    controls.c                               0x00000000   Number         0  controls.o ABSOLUTE
    cpu.c                                    0x00000000   Number         0  cpu.o ABSOLUTE
    cpu.c                                    0x00000000   Number         0  cpu.o ABSOLUTE
    dc.s                                     0x00000000   Number         0  dc.o ABSOLUTE
    gpio.c                                   0x00000000   Number         0  gpio.o ABSOLUTE
    gpio_task.c                              0x00000000   Number         0  gpio_task.o ABSOLUTE
    handlers.s                               0x00000000   Number         0  handlers.o ABSOLUTE
    heap_1.c                                 0x00000000   Number         0  heap_1.o ABSOLUTE
    init.s                                   0x00000000   Number         0  init.o ABSOLUTE
    interpreter.c                            0x00000000   Number         0  interpreter.o ABSOLUTE
    interrupt.c                              0x00000000   Number         0  interrupt.o ABSOLUTE
    led_task.c                               0x00000000   Number         0  led_task.o ABSOLUTE
    main.c                                   0x00000000   Number         0  main.o ABSOLUTE
    pwm.c                                    0x00000000   Number         0  pwm.o ABSOLUTE
    pwm_task.c                               0x00000000   Number         0  pwm_task.o ABSOLUTE
    spi_task.c                               0x00000000   Number         0  spi_task.o ABSOLUTE
    ssi.c                                    0x00000000   Number         0  ssi.o ABSOLUTE
    startup_rvmdk.S                          0x00000000   Number         0  startup_rvmdk.o ABSOLUTE
    sysctl.c                                 0x00000000   Number         0  sysctl.o ABSOLUTE
    sysctl.c                                 0x00000000   Number         0  sysctl.o ABSOLUTE
    timer.c                                  0x00000000   Number         0  timer.o ABSOLUTE
    uart.c                                   0x00000000   Number         0  uart.o ABSOLUTE
    $v0                                      0x0000026c   Number         0  startup_rvmdk.o(RESET)
    NmiSR                                    0x00000281   Thumb Code     0  startup_rvmdk.o(RESET)
    FaultISR                                 0x00000283   Thumb Code     0  startup_rvmdk.o(RESET)
    IntDefaultHandler                        0x00000285   Thumb Code     0  startup_rvmdk.o(RESET)
    .ARM.Collect$$$$00000000                 0x00000288   Section        0  entry.o(.ARM.Collect$$$$00000000)
    .ARM.Collect$$$$00000001                 0x00000288   Section        4  entry2.o(.ARM.Collect$$$$00000001)
    .ARM.Collect$$$$00000004                 0x0000028c   Section        4  entry5.o(.ARM.Collect$$$$00000004)
    .ARM.Collect$$$$00000008                 0x00000290   Section        0  entry7b.o(.ARM.Collect$$$$00000008)
    .ARM.Collect$$$$0000000A                 0x00000290   Section        0  entry8b.o(.ARM.Collect$$$$0000000A)
    .ARM.Collect$$$$0000000B                 0x00000290   Section        8  entry9a.o(.ARM.Collect$$$$0000000B)
    .ARM.Collect$$$$0000000D                 0x00000298   Section        0  entry10a.o(.ARM.Collect$$$$0000000D)
    .ARM.Collect$$$$0000000F                 0x00000298   Section        0  entry11a.o(.ARM.Collect$$$$0000000F)
    .ARM.Collect$$$$00002712                 0x00000298   Section        4  entry2.o(.ARM.Collect$$$$00002712)
    __lit__00000000                          0x00000298   Data           4  entry2.o(.ARM.Collect$$$$00002712)
    .emb_text                                0x0000029c   Section      182  port.o(.emb_text)
    $v0                                      0x0000029c   Number         0  port.o(.emb_text)
    .text                                    0x00000352   Section        0  memcpya.o(.text)
    .text                                    0x00000376   Section        0  memseta.o(.text)
    .text                                    0x0000039c   Section       36  init.o(.text)
    .text                                    0x000003c0   Section        0  __dczerorl.o(.text)
    i.ADC0Seq2_Handler                       0x000003fc   Section        0  adc_task.o(i.ADC0Seq2_Handler)
    i.ADCClockConfigSet                      0x00000480   Section        0  adc.o(i.ADCClockConfigSet)
    i.ADCHardwareOversampleConfigure         0x0000049c   Section        0  adc.o(i.ADCHardwareOversampleConfigure)
    i.ADCIntClear                            0x000004ae   Section        0  adc.o(i.ADCIntClear)
    i.ADCIntEnable                           0x000004b8   Section        0  adc.o(i.ADCIntEnable)
    i.ADCIntRegister                         0x000004c8   Section        0  adc.o(i.ADCIntRegister)
    i.ADCSequenceConfigure                   0x00000530   Section        0  adc.o(i.ADCSequenceConfigure)
    i.ADCSequenceDataGet                     0x00000590   Section        0  adc.o(i.ADCSequenceDataGet)
    i.ADCSequenceDisable                     0x000005b4   Section        0  adc.o(i.ADCSequenceDisable)
    i.ADCSequenceEnable                      0x000005c4   Section        0  adc.o(i.ADCSequenceEnable)
    i.ADCSequenceStepConfigure               0x000005d2   Section        0  adc.o(i.ADCSequenceStepConfigure)
    i.ADCTask                                0x0000066c   Section        0  adc_task.o(i.ADCTask)
    ADCTask                                  0x0000066d   Thumb Code   134  adc_task.o(i.ADCTask)
    i.ADCTaskInit                            0x0000071c   Section        0  adc_task.o(i.ADCTaskInit)
    i.ADC_Print                              0x0000087c   Section        0  adc_task.o(i.ADC_Print)
    i.ADC_PrintFreq                          0x00000944   Section        0  adc_task.o(i.ADC_PrintFreq)
    i.ConfigureUART                          0x00000950   Section        0  main.o(i.ConfigureUART)
    i.ControlsTask                           0x000009ac   Section        0  controls.o(i.ControlsTask)
    ControlsTask                             0x000009ad   Thumb Code    58  controls.o(i.ControlsTask)
    i.ControlsTaskInit                       0x000009fc   Section        0  controls.o(i.ControlsTaskInit)
    i.GPIODirModeSet                         0x00000a34   Section        0  gpio.o(i.GPIODirModeSet)
    i.GPIOPadConfigSet                       0x00000a5c   Section        0  gpio.o(i.GPIOPadConfigSet)
    i.GPIOPinConfigure                       0x00000b94   Section        0  gpio.o(i.GPIOPinConfigure)
    i.GPIOPinTypeADC                         0x00000bd8   Section        0  gpio.o(i.GPIOPinTypeADC)
    i.GPIOPinTypeGPIOOutput                  0x00000bf4   Section        0  gpio.o(i.GPIOPinTypeGPIOOutput)
    i.GPIOPinTypePWM                         0x00000c10   Section        0  gpio.o(i.GPIOPinTypePWM)
    i.GPIOPinTypeSSI                         0x00000c2c   Section        0  gpio.o(i.GPIOPinTypeSSI)
    i.GPIOPinWrite                           0x00000c48   Section        0  gpio.o(i.GPIOPinWrite)
    i.GPIOTask                               0x00000c50   Section        0  gpio_task.o(i.GPIOTask)
    GPIOTask                                 0x00000c51   Thumb Code    70  gpio_task.o(i.GPIOTask)
    i.GPIOTaskInit                           0x00000ca8   Section        0  gpio_task.o(i.GPIOTaskInit)
    i.GPIO_PB2_SET_HIGH                      0x00000cf8   Section        0  gpio_task.o(i.GPIO_PB2_SET_HIGH)
    i.GPIO_PB2_SET_LOW                       0x00000d08   Section        0  gpio_task.o(i.GPIO_PB2_SET_LOW)
    i.IntEnable                              0x00000d18   Section        0  interrupt.o(i.IntEnable)
    i.IntPrioritySet                         0x00000d7c   Section        0  interrupt.o(i.IntPrioritySet)
    i.IntRegister                            0x00000da4   Section        0  interrupt.o(i.IntRegister)
    i.InterpreterTask                        0x00000dd8   Section        0  interpreter.o(i.InterpreterTask)
    InterpreterTask                          0x00000dd9   Thumb Code   162  interpreter.o(i.InterpreterTask)
    i.InterpreterTaskInit                    0x00000ecc   Section        0  interpreter.o(i.InterpreterTaskInit)
    i.PWMDeadBandEnable                      0x00000f04   Section        0  pwm.o(i.PWMDeadBandEnable)
    i.PWMGenConfigure                        0x00000f14   Section        0  pwm.o(i.PWMGenConfigure)
    i.PWMGenEnable                           0x00000f3a   Section        0  pwm.o(i.PWMGenEnable)
    i.PWMGenPeriodSet                        0x00000f44   Section        0  pwm.o(i.PWMGenPeriodSet)
    i.PWMOutputInvert                        0x00000f56   Section        0  pwm.o(i.PWMOutputInvert)
    i.PWMOutputState                         0x00000f66   Section        0  pwm.o(i.PWMOutputState)
    i.PWMPulseWidthSet                       0x00000f76   Section        0  pwm.o(i.PWMPulseWidthSet)
    i.PWMTask                                0x00000f98   Section        0  pwm_task.o(i.PWMTask)
    PWMTask                                  0x00000f99   Thumb Code    54  pwm_task.o(i.PWMTask)
    i.PWMTaskInit                            0x00000fe0   Section        0  pwm_task.o(i.PWMTaskInit)
    i.PWM_duty_change_chopper                0x00001148   Section        0  pwm_task.o(i.PWM_duty_change_chopper)
    i.Producer                               0x00001174   Section        0  main.o(i.Producer)
    i.SPITask                                0x00001178   Section        0  spi_task.o(i.SPITask)
    SPITask                                  0x00001179   Thumb Code    90  spi_task.o(i.SPITask)
    i.SPITaskInit                            0x000011e8   Section        0  spi_task.o(i.SPITaskInit)
    i.SSIConfigSetExpClk                     0x00001280   Section        0  ssi.o(i.SSIConfigSetExpClk)
    i.SSIDataGetNonBlocking                  0x000012ba   Section        0  ssi.o(i.SSIDataGetNonBlocking)
    i.SSIDataPut                             0x000012ce   Section        0  ssi.o(i.SSIDataPut)
    i.SSIEnable                              0x000012da   Section        0  ssi.o(i.SSIEnable)
    i.SysCtlClockGet                         0x000012e4   Section        0  sysctl.o(i.SysCtlClockGet)
    i.SysCtlPWMClockSet                      0x00001438   Section        0  sysctl.o(i.SysCtlPWMClockSet)
    i.SysCtlPeripheralEnable                 0x0000144c   Section        0  sysctl.o(i.SysCtlPeripheralEnable)
    i.TimerConfigure                         0x00001474   Section        0  timer.o(i.TimerConfigure)
    i.TimerControlTrigger                    0x000014d4   Section        0  timer.o(i.TimerControlTrigger)
    i.TimerDisable                           0x00001524   Section        0  timer.o(i.TimerDisable)
    i.TimerEnable                            0x00001534   Section        0  timer.o(i.TimerEnable)
    i.TimerIntDisable                        0x00001542   Section        0  timer.o(i.TimerIntDisable)
    i.TimerLoadSet                           0x0000154c   Section        0  timer.o(i.TimerLoadSet)
    i.UARTClockSourceSet                     0x0000155e   Section        0  uart.o(i.UARTClockSourceSet)
    i.UARTStdioConfig                        0x00001564   Section        0  uartstdio.o(i.UARTStdioConfig)
    i.UARTgets                               0x000015c0   Section        0  uartstdio.o(i.UARTgets)
    i.UARTprintf                             0x00001644   Section        0  uartstdio.o(i.UARTprintf)
    i.UARTvprintf                            0x00001658   Section        0  uartstdio.o(i.UARTvprintf)
    i.UARTwrite                              0x0000180c   Section        0  uartstdio.o(i.UARTwrite)
    i.__scatterload_copy                     0x00001848   Section       14  handlers.o(i.__scatterload_copy)
    i.__scatterload_null                     0x00001856   Section        2  handlers.o(i.__scatterload_null)
    i.__scatterload_zeroinit                 0x00001858   Section       14  handlers.o(i.__scatterload_zeroinit)
    i.clearAdcData                           0x00001866   Section        0  adc_task.o(i.clearAdcData)
    i.main                                   0x00001874   Section        0  main.o(i.main)
    i.prvAddCurrentTaskToDelayedList         0x000019b8   Section        0  tasks.o(i.prvAddCurrentTaskToDelayedList)
    prvAddCurrentTaskToDelayedList           0x000019b9   Thumb Code    48  tasks.o(i.prvAddCurrentTaskToDelayedList)
    i.prvCheckTasksWaitingTermination        0x000019ec   Section        0  tasks.o(i.prvCheckTasksWaitingTermination)
    prvCheckTasksWaitingTermination          0x000019ed   Thumb Code    80  tasks.o(i.prvCheckTasksWaitingTermination)
    i.prvCopyDataFromQueue                   0x00001a44   Section        0  queue.o(i.prvCopyDataFromQueue)
    prvCopyDataFromQueue                     0x00001a45   Thumb Code    38  queue.o(i.prvCopyDataFromQueue)
    i.prvCopyDataToQueue                     0x00001a6a   Section        0  queue.o(i.prvCopyDataToQueue)
    prvCopyDataToQueue                       0x00001a6b   Thumb Code   110  queue.o(i.prvCopyDataToQueue)
    i.prvIdleTask                            0x00001ad8   Section        0  tasks.o(i.prvIdleTask)
    prvIdleTask                              0x00001ad9   Thumb Code     6  tasks.o(i.prvIdleTask)
    i.prvResetNextTaskUnblockTime            0x00001ae0   Section        0  tasks.o(i.prvResetNextTaskUnblockTime)
    prvResetNextTaskUnblockTime              0x00001ae1   Thumb Code    26  tasks.o(i.prvResetNextTaskUnblockTime)
    i.prvTaskExitError                       0x00001b00   Section        0  port.o(i.prvTaskExitError)
    prvTaskExitError                         0x00001b01   Thumb Code    16  port.o(i.prvTaskExitError)
    i.prvUnlockQueue                         0x00001b10   Section        0  queue.o(i.prvUnlockQueue)
    prvUnlockQueue                           0x00001b11   Thumb Code   100  queue.o(i.prvUnlockQueue)
    i.pvPortMalloc                           0x00001b74   Section        0  heap_1.o(i.pvPortMalloc)
    i.pvTaskIncrementMutexHeldCount          0x00001bc0   Section        0  tasks.o(i.pvTaskIncrementMutexHeldCount)
    i.pxPortInitialiseStack                  0x00001bd8   Section        0  port.o(i.pxPortInitialiseStack)
    i.setAdcData                             0x00001c00   Section        0  adc_task.o(i.setAdcData)
    i.sqrt                                   0x00001c0e   Section        0  adc_task.o(i.sqrt)
    i.uxListRemove                           0x00001c40   Section        0  list.o(i.uxListRemove)
    i.vApplicationStackOverflowHook          0x00001c64   Section        0  main.o(i.vApplicationStackOverflowHook)
    i.vListInitialise                        0x00001c66   Section        0  list.o(i.vListInitialise)
    i.vListInitialiseItem                    0x00001c7c   Section        0  list.o(i.vListInitialiseItem)
    i.vListInsert                            0x00001c82   Section        0  list.o(i.vListInsert)
    i.vListInsertEnd                         0x00001cb2   Section        0  list.o(i.vListInsertEnd)
    i.vPortEnterCritical                     0x00001ccc   Section        0  port.o(i.vPortEnterCritical)
    i.vPortExitCritical                      0x00001ce8   Section        0  port.o(i.vPortExitCritical)
    i.vPortFree                              0x00001cfc   Section        0  heap_1.o(i.vPortFree)
    i.vPortSetupTimerInterrupt               0x00001cfe   Section        0  port.o(i.vPortSetupTimerInterrupt)
    i.vTaskDelayUntil                        0x00001d10   Section        0  tasks.o(i.vTaskDelayUntil)
    i.vTaskMissedYield                       0x00001d80   Section        0  tasks.o(i.vTaskMissedYield)
    i.vTaskPlaceOnEventList                  0x00001d8c   Section        0  tasks.o(i.vTaskPlaceOnEventList)
    i.vTaskPriorityInherit                   0x00001ddc   Section        0  tasks.o(i.vTaskPriorityInherit)
    i.vTaskSetTimeOutState                   0x00001e60   Section        0  tasks.o(i.vTaskSetTimeOutState)
    i.vTaskStartScheduler                    0x00001e70   Section        0  tasks.o(i.vTaskStartScheduler)
    i.vTaskSuspendAll                        0x00001ec4   Section        0  tasks.o(i.vTaskSuspendAll)
    i.vTaskSwitchContext                     0x00001ed4   Section        0  tasks.o(i.vTaskSwitchContext)
    i.xPortStartScheduler                    0x00001f44   Section        0  port.o(i.xPortStartScheduler)
    i.xPortSysTickHandler                    0x00001f84   Section        0  port.o(i.xPortSysTickHandler)
    i.xQueueCreateMutex                      0x00001fb0   Section        0  queue.o(i.xQueueCreateMutex)
    i.xQueueGenericCreate                    0x00001ffa   Section        0  queue.o(i.xQueueGenericCreate)
    i.xQueueGenericReceive                   0x00002044   Section        0  queue.o(i.xQueueGenericReceive)
    i.xQueueGenericReset                     0x00002170   Section        0  queue.o(i.xQueueGenericReset)
    i.xQueueGenericSend                      0x000021e0   Section        0  queue.o(i.xQueueGenericSend)
    i.xQueueGiveFromISR                      0x000022e0   Section        0  queue.o(i.xQueueGiveFromISR)
    i.xTaskCheckForTimeOut                   0x00002338   Section        0  tasks.o(i.xTaskCheckForTimeOut)
    i.xTaskGenericCreate                     0x00002380   Section        0  tasks.o(i.xTaskGenericCreate)
    i.xTaskGetTickCount                      0x00002508   Section        0  tasks.o(i.xTaskGetTickCount)
    i.xTaskIncrementTick                     0x00002514   Section        0  tasks.o(i.xTaskIncrementTick)
    i.xTaskPriorityDisinherit                0x000025c8   Section        0  tasks.o(i.xTaskPriorityDisinherit)
    i.xTaskRemoveFromEventList               0x00002638   Section        0  tasks.o(i.xTaskRemoveFromEventList)
    i.xTaskResumeAll                         0x0000269c   Section        0  tasks.o(i.xTaskResumeAll)
    .constdata                               0x0000274c   Section       94  main.o(.constdata)
    .constdata                               0x000027ac   Section       28  uartstdio.o(.constdata)
    g_pcHex                                  0x000027ac   Data           4  uartstdio.o(.constdata)
    g_ui32UARTBase                           0x000027b0   Data          12  uartstdio.o(.constdata)
    g_ui32UARTPeriph                         0x000027bc   Data          12  uartstdio.o(.constdata)
    .constdata                               0x000027c8   Section      552  gpio.o(.constdata)
    g_ppui32GPIOIntMapBlizzard               0x000027c8   Data         192  gpio.o(.constdata)
    g_ppui32GPIOIntMapSnowflake              0x00002888   Data         216  gpio.o(.constdata)
    g_pui32GPIOBaseAddrs                     0x00002960   Data         144  gpio.o(.constdata)
    .constdata                               0x000029f0   Section      268  interrupt.o(.constdata)
    g_pui32Priority                          0x000029f0   Data          32  interrupt.o(.constdata)
    g_pui32Regs                              0x00002a10   Data         156  interrupt.o(.constdata)
    g_pui32EnRegs                            0x00002aac   Data          20  interrupt.o(.constdata)
    g_pui32Dii16Regs                         0x00002ac0   Data          20  interrupt.o(.constdata)
    g_pui32PendRegs                          0x00002ad4   Data          20  interrupt.o(.constdata)
    g_pui32UnpendRegs                        0x00002ae8   Data          20  interrupt.o(.constdata)
    .constdata                               0x00002afc   Section      596  sysctl.o(.constdata)
    g_pui32VCOFrequencies                    0x00002afc   Data           8  sysctl.o(.constdata)
    g_pui32Xtals                             0x00002b04   Data         108  sysctl.o(.constdata)
    g_pppui32XTALtoVCO                       0x00002b70   Data         432  sysctl.o(.constdata)
    g_sXTALtoMEMTIM                          0x00002d20   Data          48  sysctl.o(.constdata)
    .conststring                             0x00002d50   Section       17  uartstdio.o(.conststring)
    .data                                    0x20000000   Section        4  main.o(.data)
    .data                                    0x20000004   Section        4  port.o(.data)
    uxCriticalNesting                        0x20000004   Data           4  port.o(.data)
    .data                                    0x20000008   Section       56  tasks.o(.data)
    uxTasksDeleted                           0x2000000c   Data           4  tasks.o(.data)
    uxCurrentNumberOfTasks                   0x20000010   Data           4  tasks.o(.data)
    xTickCount                               0x20000014   Data           4  tasks.o(.data)
    uxTopReadyPriority                       0x20000018   Data           4  tasks.o(.data)
    xSchedulerRunning                        0x2000001c   Data           4  tasks.o(.data)
    uxPendedTicks                            0x20000020   Data           4  tasks.o(.data)
    xYieldPending                            0x20000024   Data           4  tasks.o(.data)
    xNumOfOverflows                          0x20000028   Data           4  tasks.o(.data)
    uxTaskNumber                             0x2000002c   Data           4  tasks.o(.data)
    xNextTaskUnblockTime                     0x20000030   Data           4  tasks.o(.data)
    uxSchedulerSuspended                     0x20000034   Data           4  tasks.o(.data)
    pxDelayedTaskList                        0x20000038   Data           4  tasks.o(.data)
    pxOverflowDelayedTaskList                0x2000003c   Data           4  tasks.o(.data)
    .data                                    0x20000040   Section        8  uartstdio.o(.data)
    bLastWasCR                               0x20000040   Data           1  uartstdio.o(.data)
    g_ui32Base                               0x20000044   Data           4  uartstdio.o(.data)
    .data                                    0x20000048   Section       20  adc_task.o(.data)
    AC_freq                                  0x2000004a   Data           2  adc_task.o(.data)
    .data                                    0x2000005c   Section        8  heap_1.o(.data)
    xNextFreeByte                            0x2000005c   Data           4  heap_1.o(.data)
    pucAlignedHeap                           0x20000060   Data           4  heap_1.o(.data)
    vtable                                   0x20000400   Section      620  interrupt.o(vtable)
    g_pfnRAMVectors                          0x20000400   Data         620  interrupt.o(vtable)
    .bss                                     0x2000066c   Section      420  tasks.o(.bss)
    pxReadyTasksLists                        0x2000066c   Data         320  tasks.o(.bss)
    xDelayedTaskList1                        0x200007ac   Data          20  tasks.o(.bss)
    xDelayedTaskList2                        0x200007c0   Data          20  tasks.o(.bss)
    xPendingReadyList                        0x200007d4   Data          20  tasks.o(.bss)
    xTasksWaitingTermination                 0x200007e8   Data          20  tasks.o(.bss)
    xSuspendedTaskList                       0x200007fc   Data          20  tasks.o(.bss)
    .bss                                     0x20000810   Section       48  adc_task.o(.bss)
    max                                      0x20000810   Data          16  adc_task.o(.bss)
    min                                      0x20000820   Data          16  adc_task.o(.bss)
    rms                                      0x20000830   Data          16  adc_task.o(.bss)
    .bss                                     0x20000840   Section    30000  heap_1.o(.bss)
    ucHeap                                   0x20000840   Data       30000  heap_1.o(.bss)
    STACK                                    0x20007d70   Section      512  startup_rvmdk.o(STACK)
    StackMem                                 0x20007d70   Data           0  startup_rvmdk.o(STACK)

    Global Symbols

    Symbol Name                              Value     Ov Type        Size  Object(Section)

    BuildAttributes$$THM_ISAv4$E$P$D$K$B$S$7EM$VFPi3$EXTD16$VFPS$VFMA$PE$A:L22UL41UL21$X:L11$S22US41US21$IEEE1$IW$USESV6$~STKCKD$USESV7$~SHL$OTIME$ROPI$EBA8$MICROLIB$REQ8$PRES8$EABIv2 0x00000000   Number         0  anon$$obj.o ABSOLUTE
    __ARM_use_no_argv                        0x00000000   Number         0  main.o ABSOLUTE
    __Vectors                                0x00000000   Data           0  startup_rvmdk.o(RESET)
    __cpp_initialize__aeabi_                  - Undefined Weak Reference
    __cxa_finalize                            - Undefined Weak Reference
    _clock_init                               - Undefined Weak Reference
    _microlib_exit                            - Undefined Weak Reference
    Reset_Handler                            0x0000026d   Thumb Code     0  startup_rvmdk.o(RESET)
    __main                                   0x00000289   Thumb Code     0  entry.o(.ARM.Collect$$$$00000000)
    _main_stk                                0x00000289   Thumb Code     0  entry2.o(.ARM.Collect$$$$00000001)
    _main_scatterload                        0x0000028d   Thumb Code     0  entry5.o(.ARM.Collect$$$$00000004)
    __main_after_scatterload                 0x00000291   Thumb Code     0  entry5.o(.ARM.Collect$$$$00000004)
    _main_clock                              0x00000291   Thumb Code     0  entry7b.o(.ARM.Collect$$$$00000008)
    _main_cpp_init                           0x00000291   Thumb Code     0  entry8b.o(.ARM.Collect$$$$0000000A)
    _main_init                               0x00000291   Thumb Code     0  entry9a.o(.ARM.Collect$$$$0000000B)
    __rt_final_cpp                           0x00000299   Thumb Code     0  entry10a.o(.ARM.Collect$$$$0000000D)
    __rt_final_exit                          0x00000299   Thumb Code     0  entry11a.o(.ARM.Collect$$$$0000000F)
    vPortSVCHandler                          0x0000029d   Thumb Code    28  port.o(.emb_text)
    __asm___6_port_c_39a90d8d__prvStartFirstTask 0x000002bd   Thumb Code    28  port.o(.emb_text)
    __asm___6_port_c_39a90d8d__prvEnableVFP  0x000002dd   Thumb Code    16  port.o(.emb_text)
    xPortPendSVHandler                       0x000002f1   Thumb Code    88  port.o(.emb_text)
    vPortGetIPSR                             0x0000034d   Thumb Code     6  port.o(.emb_text)
    __aeabi_memcpy                           0x00000353   Thumb Code    36  memcpya.o(.text)
    __aeabi_memcpy4                          0x00000353   Thumb Code     0  memcpya.o(.text)
    __aeabi_memcpy8                          0x00000353   Thumb Code     0  memcpya.o(.text)
    __aeabi_memset                           0x00000377   Thumb Code    14  memseta.o(.text)
    __aeabi_memset4                          0x00000377   Thumb Code     0  memseta.o(.text)
    __aeabi_memset8                          0x00000377   Thumb Code     0  memseta.o(.text)
    __aeabi_memclr                           0x00000385   Thumb Code     4  memseta.o(.text)
    __aeabi_memclr4                          0x00000385   Thumb Code     0  memseta.o(.text)
    __aeabi_memclr8                          0x00000385   Thumb Code     0  memseta.o(.text)
    _memset$wrapper                          0x00000389   Thumb Code    18  memseta.o(.text)
    __scatterload                            0x0000039d   Thumb Code    28  init.o(.text)
    __scatterload_rt2                        0x0000039d   Thumb Code     0  init.o(.text)
    __decompress                             0x000003c1   Thumb Code     0  __dczerorl.o(.text)
    __decompress0                            0x000003c1   Thumb Code    58  __dczerorl.o(.text)
    ADC0Seq2_Handler                         0x000003fd   Thumb Code   124  adc_task.o(i.ADC0Seq2_Handler)
    ADCClockConfigSet                        0x00000481   Thumb Code    28  adc.o(i.ADCClockConfigSet)
    ADCHardwareOversampleConfigure           0x0000049d   Thumb Code    18  adc.o(i.ADCHardwareOversampleConfigure)
    ADCIntClear                              0x000004af   Thumb Code    10  adc.o(i.ADCIntClear)
    ADCIntEnable                             0x000004b9   Thumb Code    16  adc.o(i.ADCIntEnable)
    ADCIntRegister                           0x000004c9   Thumb Code    92  adc.o(i.ADCIntRegister)
    ADCSequenceConfigure                     0x00000531   Thumb Code    96  adc.o(i.ADCSequenceConfigure)
    ADCSequenceDataGet                       0x00000591   Thumb Code    36  adc.o(i.ADCSequenceDataGet)
    ADCSequenceDisable                       0x000005b5   Thumb Code    16  adc.o(i.ADCSequenceDisable)
    ADCSequenceEnable                        0x000005c5   Thumb Code    14  adc.o(i.ADCSequenceEnable)
    ADCSequenceStepConfigure                 0x000005d3   Thumb Code   154  adc.o(i.ADCSequenceStepConfigure)
    ADCTaskInit                              0x0000071d   Thumb Code   308  adc_task.o(i.ADCTaskInit)
    ADC_Print                                0x0000087d   Thumb Code    72  adc_task.o(i.ADC_Print)
    ADC_PrintFreq                            0x00000945   Thumb Code     6  adc_task.o(i.ADC_PrintFreq)
    ConfigureUART                            0x00000951   Thumb Code    76  main.o(i.ConfigureUART)
    ControlsTaskInit                         0x000009fd   Thumb Code    40  controls.o(i.ControlsTaskInit)
    GPIODirModeSet                           0x00000a35   Thumb Code    40  gpio.o(i.GPIODirModeSet)
    GPIOPadConfigSet                         0x00000a5d   Thumb Code   312  gpio.o(i.GPIOPadConfigSet)
    GPIOPinConfigure                         0x00000b95   Thumb Code    60  gpio.o(i.GPIOPinConfigure)
    GPIOPinTypeADC                           0x00000bd9   Thumb Code    28  gpio.o(i.GPIOPinTypeADC)
    GPIOPinTypeGPIOOutput                    0x00000bf5   Thumb Code    28  gpio.o(i.GPIOPinTypeGPIOOutput)
    GPIOPinTypePWM                           0x00000c11   Thumb Code    28  gpio.o(i.GPIOPinTypePWM)
    GPIOPinTypeSSI                           0x00000c2d   Thumb Code    28  gpio.o(i.GPIOPinTypeSSI)
    GPIOPinWrite                             0x00000c49   Thumb Code     6  gpio.o(i.GPIOPinWrite)
    GPIOTaskInit                             0x00000ca9   Thumb Code    60  gpio_task.o(i.GPIOTaskInit)
    GPIO_PB2_SET_HIGH                        0x00000cf9   Thumb Code    10  gpio_task.o(i.GPIO_PB2_SET_HIGH)
    GPIO_PB2_SET_LOW                         0x00000d09   Thumb Code    10  gpio_task.o(i.GPIO_PB2_SET_LOW)
    IntEnable                                0x00000d19   Thumb Code    92  interrupt.o(i.IntEnable)
    IntPrioritySet                           0x00000d7d   Thumb Code    36  interrupt.o(i.IntPrioritySet)
    IntRegister                              0x00000da5   Thumb Code    44  interrupt.o(i.IntRegister)
    InterpreterTaskInit                      0x00000ecd   Thumb Code    40  interpreter.o(i.InterpreterTaskInit)
    PWMDeadBandEnable                        0x00000f05   Thumb Code    16  pwm.o(i.PWMDeadBandEnable)
    PWMGenConfigure                          0x00000f15   Thumb Code    38  pwm.o(i.PWMGenConfigure)
    PWMGenEnable                             0x00000f3b   Thumb Code    10  pwm.o(i.PWMGenEnable)
    PWMGenPeriodSet                          0x00000f45   Thumb Code    18  pwm.o(i.PWMGenPeriodSet)
    PWMOutputInvert                          0x00000f57   Thumb Code    16  pwm.o(i.PWMOutputInvert)
    PWMOutputState                           0x00000f67   Thumb Code    16  pwm.o(i.PWMOutputState)
    PWMPulseWidthSet                         0x00000f77   Thumb Code    32  pwm.o(i.PWMPulseWidthSet)
    PWMTaskInit                              0x00000fe1   Thumb Code   320  pwm_task.o(i.PWMTaskInit)
    PWM_duty_change_chopper                  0x00001149   Thumb Code    40  pwm_task.o(i.PWM_duty_change_chopper)
    Producer                                 0x00001175   Thumb Code     2  main.o(i.Producer)
    SPITaskInit                              0x000011e9   Thumb Code   126  spi_task.o(i.SPITaskInit)
    SSIConfigSetExpClk                       0x00001281   Thumb Code    58  ssi.o(i.SSIConfigSetExpClk)
    SSIDataGetNonBlocking                    0x000012bb   Thumb Code    20  ssi.o(i.SSIDataGetNonBlocking)
    SSIDataPut                               0x000012cf   Thumb Code    12  ssi.o(i.SSIDataPut)
    SSIEnable                                0x000012db   Thumb Code    10  ssi.o(i.SSIEnable)
    SysCtlClockGet                           0x000012e5   Thumb Code   304  sysctl.o(i.SysCtlClockGet)
    SysCtlPWMClockSet                        0x00001439   Thumb Code    14  sysctl.o(i.SysCtlPWMClockSet)
    SysCtlPeripheralEnable                   0x0000144d   Thumb Code    36  sysctl.o(i.SysCtlPeripheralEnable)
    TimerConfigure                           0x00001475   Thumb Code    88  timer.o(i.TimerConfigure)
    TimerControlTrigger                      0x000014d5   Thumb Code    70  timer.o(i.TimerControlTrigger)
    TimerDisable                             0x00001525   Thumb Code    16  timer.o(i.TimerDisable)
    TimerEnable                              0x00001535   Thumb Code    14  timer.o(i.TimerEnable)
    TimerIntDisable                          0x00001543   Thumb Code    10  timer.o(i.TimerIntDisable)
    TimerLoadSet                             0x0000154d   Thumb Code    18  timer.o(i.TimerLoadSet)
    UARTClockSourceSet                       0x0000155f   Thumb Code     6  uart.o(i.UARTClockSourceSet)
    UARTStdioConfig                          0x00001565   Thumb Code    82  uartstdio.o(i.UARTStdioConfig)
    UARTgets                                 0x000015c1   Thumb Code   118  uartstdio.o(i.UARTgets)
    UARTprintf                               0x00001645   Thumb Code    18  uartstdio.o(i.UARTprintf)
    UARTvprintf                              0x00001659   Thumb Code   420  uartstdio.o(i.UARTvprintf)
    UARTwrite                                0x0000180d   Thumb Code    56  uartstdio.o(i.UARTwrite)
    __scatterload_copy                       0x00001849   Thumb Code    14  handlers.o(i.__scatterload_copy)
    __scatterload_null                       0x00001857   Thumb Code     2  handlers.o(i.__scatterload_null)
    __scatterload_zeroinit                   0x00001859   Thumb Code    14  handlers.o(i.__scatterload_zeroinit)
    clearAdcData                             0x00001867   Thumb Code    12  adc_task.o(i.clearAdcData)
    main                                     0x00001875   Thumb Code   136  main.o(i.main)
    pvPortMalloc                             0x00001b75   Thumb Code    68  heap_1.o(i.pvPortMalloc)
    pvTaskIncrementMutexHeldCount            0x00001bc1   Thumb Code    18  tasks.o(i.pvTaskIncrementMutexHeldCount)
    pxPortInitialiseStack                    0x00001bd9   Thumb Code    36  port.o(i.pxPortInitialiseStack)
    setAdcData                               0x00001c01   Thumb Code    14  adc_task.o(i.setAdcData)
    sqrt                                     0x00001c0f   Thumb Code    50  adc_task.o(i.sqrt)
    uxListRemove                             0x00001c41   Thumb Code    36  list.o(i.uxListRemove)
    vApplicationStackOverflowHook            0x00001c65   Thumb Code     2  main.o(i.vApplicationStackOverflowHook)
    vListInitialise                          0x00001c67   Thumb Code    22  list.o(i.vListInitialise)
    vListInitialiseItem                      0x00001c7d   Thumb Code     6  list.o(i.vListInitialiseItem)
    vListInsert                              0x00001c83   Thumb Code    48  list.o(i.vListInsert)
    vListInsertEnd                           0x00001cb3   Thumb Code    24  list.o(i.vListInsertEnd)
    vPortEnterCritical                       0x00001ccd   Thumb Code    24  port.o(i.vPortEnterCritical)
    vPortExitCritical                        0x00001ce9   Thumb Code    16  port.o(i.vPortExitCritical)
    vPortFree                                0x00001cfd   Thumb Code     2  heap_1.o(i.vPortFree)
    vPortSetupTimerInterrupt                 0x00001cff   Thumb Code    16  port.o(i.vPortSetupTimerInterrupt)
    vTaskDelayUntil                          0x00001d11   Thumb Code   102  tasks.o(i.vTaskDelayUntil)
    vTaskMissedYield                         0x00001d81   Thumb Code     8  tasks.o(i.vTaskMissedYield)
    vTaskPlaceOnEventList                    0x00001d8d   Thumb Code    70  tasks.o(i.vTaskPlaceOnEventList)
    vTaskPriorityInherit                     0x00001ddd   Thumb Code   124  tasks.o(i.vTaskPriorityInherit)
    vTaskSetTimeOutState                     0x00001e61   Thumb Code    12  tasks.o(i.vTaskSetTimeOutState)
    vTaskStartScheduler                      0x00001e71   Thumb Code    66  tasks.o(i.vTaskStartScheduler)
    vTaskSuspendAll                          0x00001ec5   Thumb Code    10  tasks.o(i.vTaskSuspendAll)
    vTaskSwitchContext                       0x00001ed5   Thumb Code   104  tasks.o(i.vTaskSwitchContext)
    xPortStartScheduler                      0x00001f45   Thumb Code    52  port.o(i.xPortStartScheduler)
    xPortSysTickHandler                      0x00001f85   Thumb Code    38  port.o(i.xPortSysTickHandler)
    xQueueCreateMutex                        0x00001fb1   Thumb Code    74  queue.o(i.xQueueCreateMutex)
    xQueueGenericCreate                      0x00001ffb   Thumb Code    72  queue.o(i.xQueueGenericCreate)
    xQueueGenericReceive                     0x00002045   Thumb Code   296  queue.o(i.xQueueGenericReceive)
    xQueueGenericReset                       0x00002171   Thumb Code   106  queue.o(i.xQueueGenericReset)
    xQueueGenericSend                        0x000021e1   Thumb Code   252  queue.o(i.xQueueGenericSend)
    xQueueGiveFromISR                        0x000022e1   Thumb Code    86  queue.o(i.xQueueGiveFromISR)
    xTaskCheckForTimeOut                     0x00002339   Thumb Code    66  tasks.o(i.xTaskCheckForTimeOut)
    xTaskGenericCreate                       0x00002381   Thumb Code   376  tasks.o(i.xTaskGenericCreate)
    xTaskGetTickCount                        0x00002509   Thumb Code     6  tasks.o(i.xTaskGetTickCount)
    xTaskIncrementTick                       0x00002515   Thumb Code   172  tasks.o(i.xTaskIncrementTick)
    xTaskPriorityDisinherit                  0x000025c9   Thumb Code   102  tasks.o(i.xTaskPriorityDisinherit)
    xTaskRemoveFromEventList                 0x00002639   Thumb Code    88  tasks.o(i.xTaskRemoveFromEventList)
    xTaskResumeAll                           0x0000269d   Thumb Code   164  tasks.o(i.xTaskResumeAll)
    Region$$Table$$Base                      0x00002d64   Number         0  anon$$obj.o(Region$$Table)
    Region$$Table$$Limit                     0x00002d84   Number         0  anon$$obj.o(Region$$Table)
    g_pUARTSemaphore                         0x20000000   Data           4  main.o(.data)
    pxCurrentTCB                             0x20000008   Data           4  tasks.o(.data)
    adc_input_index                          0x20000048   Data           2  adc_task.o(.data)
    adcCount                                 0x2000004c   Data           4  adc_task.o(.data)
    ProducerTask                             0x20000050   Data           4  adc_task.o(.data)
    adcRawInput                              0x20000054   Data           4  adc_task.o(.data)
    arrayFull                                0x20000058   Data           4  adc_task.o(.data)
    __initial_sp                             0x20007f70   Data           0  startup_rvmdk.o(STACK)



==============================================================================

Memory Map of the image

  Image Entry point : 0x0000026d

  Load Region LR_IROM (Base: 0x00000000, Size: 0x000033f0, Max: 0x00040000, ABSOLUTE, COMPRESSED[0x00002d98])

    Execution Region ER_IROM (Base: 0x00000000, Size: 0x00002d84, Max: 0x00040000, ABSOLUTE)

    Base Addr    Size         Type   Attr      Idx    E Section Name        Object

    0x00000000   0x00000288   Code   RO          523  * RESET               startup_rvmdk.o
    0x00000288   0x00000000   Code   RO         3217  * .ARM.Collect$$$$00000000  mc_w.l(entry.o)
    0x00000288   0x00000004   Code   RO         3228    .ARM.Collect$$$$00000001  mc_w.l(entry2.o)
    0x0000028c   0x00000004   Code   RO         3231    .ARM.Collect$$$$00000004  mc_w.l(entry5.o)
    0x00000290   0x00000000   Code   RO         3233    .ARM.Collect$$$$00000008  mc_w.l(entry7b.o)
    0x00000290   0x00000000   Code   RO         3235    .ARM.Collect$$$$0000000A  mc_w.l(entry8b.o)
    0x00000290   0x00000008   Code   RO         3236    .ARM.Collect$$$$0000000B  mc_w.l(entry9a.o)
    0x00000298   0x00000000   Code   RO         3238    .ARM.Collect$$$$0000000D  mc_w.l(entry10a.o)
    0x00000298   0x00000000   Code   RO         3240    .ARM.Collect$$$$0000000F  mc_w.l(entry11a.o)
    0x00000298   0x00000004   Code   RO         3229    .ARM.Collect$$$$00002712  mc_w.l(entry2.o)
    0x0000029c   0x000000b6   Code   RO          203    .emb_text           port.o
    0x00000352   0x00000024   Code   RO         3220    .text               mc_w.l(memcpya.o)
    0x00000376   0x00000024   Code   RO         3222    .text               mc_w.l(memseta.o)
    0x0000039a   0x00000002   PAD
    0x0000039c   0x00000024   Code   RO         3245    .text               mc_w.l(init.o)
    0x000003c0   0x0000003a   Code   RO         3255    .text               mc_w.l(__dczerorl.o)
    0x000003fa   0x00000002   PAD
    0x000003fc   0x00000084   Code   RO          991    i.ADC0Seq2_Handler  adc_task.o
    0x00000480   0x0000001c   Code   RO         1238    i.ADCClockConfigSet  driverlib.lib(adc.o)
    0x0000049c   0x00000012   Code   RO         1246    i.ADCHardwareOversampleConfigure  driverlib.lib(adc.o)
    0x000004ae   0x0000000a   Code   RO         1247    i.ADCIntClear       driverlib.lib(adc.o)
    0x000004b8   0x00000010   Code   RO         1251    i.ADCIntEnable      driverlib.lib(adc.o)
    0x000004c8   0x00000068   Code   RO         1253    i.ADCIntRegister    driverlib.lib(adc.o)
    0x00000530   0x00000060   Code   RO         1262    i.ADCSequenceConfigure  driverlib.lib(adc.o)
    0x00000590   0x00000024   Code   RO         1265    i.ADCSequenceDataGet  driverlib.lib(adc.o)
    0x000005b4   0x00000010   Code   RO         1266    i.ADCSequenceDisable  driverlib.lib(adc.o)
    0x000005c4   0x0000000e   Code   RO         1267    i.ADCSequenceEnable  driverlib.lib(adc.o)
    0x000005d2   0x0000009a   Code   RO         1270    i.ADCSequenceStepConfigure  driverlib.lib(adc.o)
    0x0000066c   0x000000b0   Code   RO          992    i.ADCTask           adc_task.o
    0x0000071c   0x00000160   Code   RO          993    i.ADCTaskInit       adc_task.o
    0x0000087c   0x000000c8   Code   RO          994    i.ADC_Print         adc_task.o
    0x00000944   0x0000000c   Code   RO          995    i.ADC_PrintFreq     adc_task.o
    0x00000950   0x0000005c   Code   RO            1    i.ConfigureUART     main.o
    0x000009ac   0x00000050   Code   RO         1190    i.ControlsTask      controls.o
    0x000009fc   0x00000038   Code   RO         1191    i.ControlsTaskInit  controls.o
    0x00000a34   0x00000028   Code   RO         1519    i.GPIODirModeSet    driverlib.lib(gpio.o)
    0x00000a5c   0x00000138   Code   RO         1531    i.GPIOPadConfigSet  driverlib.lib(gpio.o)
    0x00000b94   0x00000044   Code   RO         1532    i.GPIOPinConfigure  driverlib.lib(gpio.o)
    0x00000bd8   0x0000001c   Code   RO         1534    i.GPIOPinTypeADC    driverlib.lib(gpio.o)
    0x00000bf4   0x0000001c   Code   RO         1543    i.GPIOPinTypeGPIOOutput  driverlib.lib(gpio.o)
    0x00000c10   0x0000001c   Code   RO         1550    i.GPIOPinTypePWM    driverlib.lib(gpio.o)
    0x00000c2c   0x0000001c   Code   RO         1552    i.GPIOPinTypeSSI    driverlib.lib(gpio.o)
    0x00000c48   0x00000006   Code   RO         1561    i.GPIOPinWrite      driverlib.lib(gpio.o)
    0x00000c4e   0x00000002   PAD
    0x00000c50   0x00000058   Code   RO         1208    i.GPIOTask          gpio_task.o
    0x00000ca8   0x00000050   Code   RO         1209    i.GPIOTaskInit      gpio_task.o
    0x00000cf8   0x00000010   Code   RO         1210    i.GPIO_PB2_SET_HIGH  gpio_task.o
    0x00000d08   0x00000010   Code   RO         1211    i.GPIO_PB2_SET_LOW  gpio_task.o
    0x00000d18   0x00000064   Code   RO         1822    i.IntEnable         driverlib.lib(interrupt.o)
    0x00000d7c   0x00000028   Code   RO         1833    i.IntPrioritySet    driverlib.lib(interrupt.o)
    0x00000da4   0x00000034   Code   RO         1834    i.IntRegister       driverlib.lib(interrupt.o)
    0x00000dd8   0x000000f4   Code   RO         1112    i.InterpreterTask   interpreter.o
    0x00000ecc   0x00000038   Code   RO         1113    i.InterpreterTaskInit  interpreter.o
    0x00000f04   0x00000010   Code   RO         1940    i.PWMDeadBandEnable  driverlib.lib(pwm.o)
    0x00000f14   0x00000026   Code   RO         1945    i.PWMGenConfigure   driverlib.lib(pwm.o)
    0x00000f3a   0x0000000a   Code   RO         1947    i.PWMGenEnable      driverlib.lib(pwm.o)
    0x00000f44   0x00000012   Code   RO         1960    i.PWMGenPeriodSet   driverlib.lib(pwm.o)
    0x00000f56   0x00000010   Code   RO         1966    i.PWMOutputInvert   driverlib.lib(pwm.o)
    0x00000f66   0x00000010   Code   RO         1967    i.PWMOutputState    driverlib.lib(pwm.o)
    0x00000f76   0x00000020   Code   RO         1970    i.PWMPulseWidthSet  driverlib.lib(pwm.o)
    0x00000f96   0x00000002   PAD
    0x00000f98   0x00000048   Code   RO         1073    i.PWMTask           pwm_task.o
    0x00000fe0   0x00000168   Code   RO         1074    i.PWMTaskInit       pwm_task.o
    0x00001148   0x0000002c   Code   RO         1075    i.PWM_duty_change_chopper  pwm_task.o
    0x00001174   0x00000002   Code   RO            2    i.Producer          main.o
    0x00001176   0x00000002   PAD
    0x00001178   0x00000070   Code   RO         1133    i.SPITask           spi_task.o
    0x000011e8   0x00000098   Code   RO         1134    i.SPITaskInit       spi_task.o
    0x00001280   0x0000003a   Code   RO         2178    i.SSIConfigSetExpClk  driverlib.lib(ssi.o)
    0x000012ba   0x00000014   Code   RO         2182    i.SSIDataGetNonBlocking  driverlib.lib(ssi.o)
    0x000012ce   0x0000000c   Code   RO         2183    i.SSIDataPut        driverlib.lib(ssi.o)
    0x000012da   0x0000000a   Code   RO         2186    i.SSIEnable         driverlib.lib(ssi.o)
    0x000012e4   0x00000154   Code   RO         2325    i.SysCtlClockGet    driverlib.lib(sysctl.o)
    0x00001438   0x00000014   Code   RO         2351    i.SysCtlPWMClockSet  driverlib.lib(sysctl.o)
    0x0000144c   0x00000028   Code   RO         2356    i.SysCtlPeripheralEnable  driverlib.lib(sysctl.o)
    0x00001474   0x00000060   Code   RO         2674    i.TimerConfigure    driverlib.lib(timer.o)
    0x000014d4   0x00000050   Code   RO         2678    i.TimerControlTrigger  driverlib.lib(timer.o)
    0x00001524   0x00000010   Code   RO         2682    i.TimerDisable      driverlib.lib(timer.o)
    0x00001534   0x0000000e   Code   RO         2683    i.TimerEnable       driverlib.lib(timer.o)
    0x00001542   0x0000000a   Code   RO         2685    i.TimerIntDisable   driverlib.lib(timer.o)
    0x0000154c   0x00000012   Code   RO         2692    i.TimerLoadSet      driverlib.lib(timer.o)
    0x0000155e   0x00000006   Code   RO         2924    i.UARTClockSourceSet  driverlib.lib(uart.o)
    0x00001564   0x0000005c   Code   RO          823    i.UARTStdioConfig   uartstdio.o
    0x000015c0   0x00000084   Code   RO          825    i.UARTgets          uartstdio.o
    0x00001644   0x00000012   Code   RO          826    i.UARTprintf        uartstdio.o
    0x00001656   0x00000002   PAD
    0x00001658   0x000001b4   Code   RO          827    i.UARTvprintf       uartstdio.o
    0x0000180c   0x0000003c   Code   RO          828    i.UARTwrite         uartstdio.o
    0x00001848   0x0000000e   Code   RO         3249    i.__scatterload_copy  mc_w.l(handlers.o)
    0x00001856   0x00000002   Code   RO         3250    i.__scatterload_null  mc_w.l(handlers.o)
    0x00001858   0x0000000e   Code   RO         3251    i.__scatterload_zeroinit  mc_w.l(handlers.o)
    0x00001866   0x0000000c   Code   RO          997    i.clearAdcData      adc_task.o
    0x00001872   0x00000002   PAD
    0x00001874   0x00000144   Code   RO            3    i.main              main.o
    0x000019b8   0x00000034   Code   RO          527    i.prvAddCurrentTaskToDelayedList  tasks.o
    0x000019ec   0x00000058   Code   RO          528    i.prvCheckTasksWaitingTermination  tasks.o
    0x00001a44   0x00000026   Code   RO          272    i.prvCopyDataFromQueue  queue.o
    0x00001a6a   0x0000006e   Code   RO          273    i.prvCopyDataToQueue  queue.o
    0x00001ad8   0x00000006   Code   RO          529    i.prvIdleTask       tasks.o
    0x00001ade   0x00000002   PAD
    0x00001ae0   0x00000020   Code   RO          531    i.prvResetNextTaskUnblockTime  tasks.o
    0x00001b00   0x00000010   Code   RO          204    i.prvTaskExitError  port.o
    0x00001b10   0x00000064   Code   RO          274    i.prvUnlockQueue    queue.o
    0x00001b74   0x0000004c   Code   RO         1157    i.pvPortMalloc      heap_1.o
    0x00001bc0   0x00000018   Code   RO          534    i.pvTaskIncrementMutexHeldCount  tasks.o
    0x00001bd8   0x00000028   Code   RO          205    i.pxPortInitialiseStack  port.o
    0x00001c00   0x0000000e   Code   RO          998    i.setAdcData        adc_task.o
    0x00001c0e   0x00000032   Code   RO          999    i.sqrt              adc_task.o
    0x00001c40   0x00000024   Code   RO          158    i.uxListRemove      list.o
    0x00001c64   0x00000002   Code   RO            4    i.vApplicationStackOverflowHook  main.o
    0x00001c66   0x00000016   Code   RO          159    i.vListInitialise   list.o
    0x00001c7c   0x00000006   Code   RO          160    i.vListInitialiseItem  list.o
    0x00001c82   0x00000030   Code   RO          161    i.vListInsert       list.o
    0x00001cb2   0x00000018   Code   RO          162    i.vListInsertEnd    list.o
    0x00001cca   0x00000002   PAD
    0x00001ccc   0x0000001c   Code   RO          207    i.vPortEnterCritical  port.o
    0x00001ce8   0x00000014   Code   RO          208    i.vPortExitCritical  port.o
    0x00001cfc   0x00000002   Code   RO         1158    i.vPortFree         heap_1.o
    0x00001cfe   0x00000010   Code   RO          209    i.vPortSetupTimerInterrupt  port.o
    0x00001d0e   0x00000002   PAD
    0x00001d10   0x00000070   Code   RO          544    i.vTaskDelayUntil   tasks.o
    0x00001d80   0x0000000c   Code   RO          547    i.vTaskMissedYield  tasks.o
    0x00001d8c   0x00000050   Code   RO          549    i.vTaskPlaceOnEventList  tasks.o
    0x00001ddc   0x00000084   Code   RO          551    i.vTaskPriorityInherit  tasks.o
    0x00001e60   0x00000010   Code   RO          555    i.vTaskSetTimeOutState  tasks.o
    0x00001e70   0x00000054   Code   RO          556    i.vTaskStartScheduler  tasks.o
    0x00001ec4   0x00000010   Code   RO          558    i.vTaskSuspendAll   tasks.o
    0x00001ed4   0x00000070   Code   RO          559    i.vTaskSwitchContext  tasks.o
    0x00001f44   0x00000040   Code   RO          210    i.xPortStartScheduler  port.o
    0x00001f84   0x0000002c   Code   RO          211    i.xPortSysTickHandler  port.o
    0x00001fb0   0x0000004a   Code   RO          284    i.xQueueCreateMutex  queue.o
    0x00001ffa   0x00000048   Code   RO          285    i.xQueueGenericCreate  queue.o
    0x00002042   0x00000002   PAD
    0x00002044   0x0000012c   Code   RO          286    i.xQueueGenericReceive  queue.o
    0x00002170   0x00000070   Code   RO          287    i.xQueueGenericReset  queue.o
    0x000021e0   0x00000100   Code   RO          288    i.xQueueGenericSend  queue.o
    0x000022e0   0x00000056   Code   RO          290    i.xQueueGiveFromISR  queue.o
    0x00002336   0x00000002   PAD
    0x00002338   0x00000048   Code   RO          560    i.xTaskCheckForTimeOut  tasks.o
    0x00002380   0x00000188   Code   RO          561    i.xTaskGenericCreate  tasks.o
    0x00002508   0x0000000c   Code   RO          565    i.xTaskGetTickCount  tasks.o
    0x00002514   0x000000b4   Code   RO          567    i.xTaskIncrementTick  tasks.o
    0x000025c8   0x00000070   Code   RO          570    i.xTaskPriorityDisinherit  tasks.o
    0x00002638   0x00000064   Code   RO          571    i.xTaskRemoveFromEventList  tasks.o
    0x0000269c   0x000000b0   Code   RO          573    i.xTaskResumeAll    tasks.o
    0x0000274c   0x0000005e   Data   RO            5    .constdata          main.o
    0x000027aa   0x00000002   PAD
    0x000027ac   0x0000001c   Data   RO          829    .constdata          uartstdio.o
    0x000027c8   0x00000228   Data   RO         1563    .constdata          driverlib.lib(gpio.o)
    0x000029f0   0x0000010c   Data   RO         1838    .constdata          driverlib.lib(interrupt.o)
    0x00002afc   0x00000254   Data   RO         2378    .constdata          driverlib.lib(sysctl.o)
    0x00002d50   0x00000011   Data   RO          830    .conststring        uartstdio.o
    0x00002d61   0x00000003   PAD
    0x00002d64   0x00000020   Data   RO         3247    Region$$Table       anon$$obj.o


    Execution Region RW_IRAM (Base: 0x20000000, Size: 0x00007f70, Max: 0x00008000, ABSOLUTE, COMPRESSED[0x00000014])

    Base Addr    Size         Type   Attr      Idx    E Section Name        Object

    0x20000000   0x00000004   Data   RW            6    .data               main.o
    0x20000004   0x00000004   Data   RW          212    .data               port.o
    0x20000008   0x00000038   Data   RW          576    .data               tasks.o
    0x20000040   0x00000008   Data   RW          831    .data               uartstdio.o
    0x20000048   0x00000014   Data   RW         1002    .data               adc_task.o
    0x2000005c   0x00000008   Data   RW         1162    .data               heap_1.o
    0x20000064   0x0000039c   PAD
    0x20000400   0x0000026c   Data   RW         1839    vtable              driverlib.lib(interrupt.o)
    0x2000066c   0x000001a4   Zero   RW          575    .bss                tasks.o
    0x20000810   0x00000030   Zero   RW         1000    .bss                adc_task.o
    0x20000840   0x00007530   Zero   RW         1161    .bss                heap_1.o
    0x20007d70   0x00000200   Zero   RW          521    STACK               startup_rvmdk.o


==============================================================================

Image component sizes


      Code (inc. data)   RO Data    RW Data    ZI Data      Debug   Object Name

       948        228          0         20         48       5913   adc_task.o
       136         38          0          0          0       1115   controls.o
       200         50          0          0          0       2701   gpio_task.o
        78          8          0          8      30000       1787   heap_1.o
       300         98          0          0          0       1250   interpreter.o
       136          0          0          0          0       4614   list.o
       420        204         94          4          0      23705   main.o
       410         46          0          4          0      15812   port.o
       476         62          0          0          0       1772   pwm_task.o
      1148         14          0          0          0      17486   queue.o
       264         48          0          0          0       1242   spi_task.o
       648        622          0          0        512        248   startup_rvmdk.o
      1810        162          0         56        420      17892   tasks.o
       738         44         45          8          0       4700   uartstdio.o

    ----------------------------------------------------------------------
      7728       1624        176       1024      30980     100237   Object Totals
         0          0         32          0          0          0   (incl. Generated)
        16          0          5        924          0          0   (incl. Padding)

    ----------------------------------------------------------------------

      Code (inc. data)   RO Data    RW Data    ZI Data      Debug   Library Member Name

       492         12          0          0          0       9803   adc.o
       538          8        552          0          0       5689   gpio.o
       192         20        268        620          0       2679   interrupt.o
       146          0          0          0          0       3693   pwm.o
       100          0          0          0          0       3010   ssi.o
       400         46        596          0          0       3634   sysctl.o
       234         18          0          0          0       3201   timer.o
         6          0          0          0          0        497   uart.o
        58          0          0          0          0          0   __dczerorl.o
         0          0          0          0          0          0   entry.o
         0          0          0          0          0          0   entry10a.o
         0          0          0          0          0          0   entry11a.o
         8          4          0          0          0          0   entry2.o
         4          0          0          0          0          0   entry5.o
         0          0          0          0          0          0   entry7b.o
         0          0          0          0          0          0   entry8b.o
         8          4          0          0          0          0   entry9a.o
        30          0          0          0          0          0   handlers.o
        36          8          0          0          0         68   init.o
        36          0          0          0          0         68   memcpya.o
        36          0          0          0          0        108   memseta.o

    ----------------------------------------------------------------------
      2332        120       1416        620          0      32450   Library Totals
         8          0          0          0          0          0   (incl. Padding)

    ----------------------------------------------------------------------

      Code (inc. data)   RO Data    RW Data    ZI Data      Debug   Library Name

      2108        104       1416        620          0      32206   driverlib.lib
       216         16          0          0          0        244   mc_w.l

    ----------------------------------------------------------------------
      2332        120       1416        620          0      32450   Library Totals

    ----------------------------------------------------------------------

==============================================================================


      Code (inc. data)   RO Data    RW Data    ZI Data      Debug   

     10060       1744       1592       1644      30980     121735   Grand Totals
     10060       1744       1592         20      30980     121735   ELF Image Totals (compressed)
     10060       1744       1592         20          0          0   ROM Totals

==============================================================================

    Total RO  Size (Code + RO Data)                11652 (  11.38kB)
    Total RW  Size (RW Data + ZI Data)             32624 (  31.86kB)
    Total ROM Size (Code + RO Data + RW Data)      11672 (  11.40kB)

==============================================================================

