ARM Linker, 5.03 [Build 76] [MDK-ARM Lite]

==============================================================================

Section Cross References

    buttons.o(i.ButtonsInit) refers to buttons.o(.data) for .data
    buttons.o(i.ButtonsPoll) refers to buttons.o(.data) for .data
    main.o(i.ConfigureUART) refers to uart.o(i.UARTClockSourceSet) for UARTClockSourceSet
    main.o(i.ConfigureUART) refers to uartstdio.o(i.UARTStdioConfig) for UARTStdioConfig
    main.o(i.main) refers to main.o(i.ConfigureUART) for ConfigureUART
    main.o(i.main) refers to uartstdio.o(i.UARTprintf) for UARTprintf
    main.o(i.main) refers to queue.o(i.xQueueCreateMutex) for xQueueCreateMutex
    main.o(i.main) refers to adc_task.o(i.ADCTaskInit) for ADCTaskInit
    main.o(i.main) refers to pwm_task.o(i.PWMTaskInit) for PWMTaskInit
    main.o(i.main) refers to interpreter.o(i.InterpreterTaskInit) for InterpreterTaskInit
    main.o(i.main) refers to tasks.o(i.vTaskStartScheduler) for vTaskStartScheduler
    main.o(i.main) refers to main.o(.constdata) for .constdata
    main.o(i.main) refers to main.o(.data) for .data
    main.o(i.main) refers to main.o(i.Producer) for Producer
    led_task.o(i.LEDTask) refers to tasks.o(i.xTaskGetTickCount) for xTaskGetTickCount
    led_task.o(i.LEDTask) refers to queue.o(i.xQueueGenericReceive) for xQueueGenericReceive
    led_task.o(i.LEDTask) refers to rgb.o(i.RGBColorSet) for RGBColorSet
    led_task.o(i.LEDTask) refers to uartstdio.o(i.UARTprintf) for UARTprintf
    led_task.o(i.LEDTask) refers to queue.o(i.xQueueGenericSend) for xQueueGenericSend
    led_task.o(i.LEDTask) refers to rgb.o(i.RGBEnable) for RGBEnable
    led_task.o(i.LEDTask) refers to tasks.o(i.vTaskDelayUntil) for vTaskDelayUntil
    led_task.o(i.LEDTask) refers to rgb.o(i.RGBDisable) for RGBDisable
    led_task.o(i.LEDTask) refers to led_task.o(.data) for .data
    led_task.o(i.LEDTask) refers to led_task.o(.bss) for .bss
    led_task.o(i.LEDTask) refers to main.o(.data) for g_pUARTSemaphore
    led_task.o(i.LEDTaskInit) refers to rgb.o(i.RGBInit) for RGBInit
    led_task.o(i.LEDTaskInit) refers to rgb.o(i.RGBIntensitySet) for RGBIntensitySet
    led_task.o(i.LEDTaskInit) refers to rgb.o(i.RGBColorSet) for RGBColorSet
    led_task.o(i.LEDTaskInit) refers to uartstdio.o(i.UARTprintf) for UARTprintf
    led_task.o(i.LEDTaskInit) refers to queue.o(i.xQueueGenericCreate) for xQueueGenericCreate
    led_task.o(i.LEDTaskInit) refers to tasks.o(i.xTaskGenericCreate) for xTaskGenericCreate
    led_task.o(i.LEDTaskInit) refers to led_task.o(.data) for .data
    led_task.o(i.LEDTaskInit) refers to led_task.o(.bss) for .bss
    led_task.o(i.LEDTaskInit) refers to led_task.o(i.LEDTask) for LEDTask
    port.o(.emb_text) refers to tasks.o(i.vTaskSwitchContext) for vTaskSwitchContext
    port.o(.emb_text) refers to tasks.o(.data) for pxCurrentTCB
    port.o(i.pxPortInitialiseStack) refers to port.o(i.prvTaskExitError) for prvTaskExitError
    port.o(i.vPortEnterCritical) refers to port.o(.data) for .data
    port.o(i.vPortExitCritical) refers to port.o(.data) for .data
    port.o(i.xPortStartScheduler) refers to port.o(i.vPortSetupTimerInterrupt) for vPortSetupTimerInterrupt
    port.o(i.xPortStartScheduler) refers to port.o(.emb_text) for __asm___6_port_c_39a90d8d__prvEnableVFP
    port.o(i.xPortStartScheduler) refers to port.o(.data) for .data
    port.o(i.xPortSysTickHandler) refers to tasks.o(i.xTaskIncrementTick) for xTaskIncrementTick
    queue.o(i.prvCopyDataFromQueue) refers to memcpya.o(.text) for __aeabi_memcpy
    queue.o(i.prvCopyDataToQueue) refers to memcpya.o(.text) for __aeabi_memcpy
    queue.o(i.prvCopyDataToQueue) refers to tasks.o(i.xTaskPriorityDisinherit) for xTaskPriorityDisinherit
    queue.o(i.prvUnlockQueue) refers to port.o(i.vPortEnterCritical) for vPortEnterCritical
    queue.o(i.prvUnlockQueue) refers to tasks.o(i.xTaskRemoveFromEventList) for xTaskRemoveFromEventList
    queue.o(i.prvUnlockQueue) refers to tasks.o(i.vTaskMissedYield) for vTaskMissedYield
    queue.o(i.prvUnlockQueue) refers to port.o(i.vPortExitCritical) for vPortExitCritical
    queue.o(i.uxQueueMessagesWaiting) refers to port.o(i.vPortEnterCritical) for vPortEnterCritical
    queue.o(i.uxQueueMessagesWaiting) refers to port.o(i.vPortExitCritical) for vPortExitCritical
    queue.o(i.uxQueueSpacesAvailable) refers to port.o(i.vPortEnterCritical) for vPortEnterCritical
    queue.o(i.uxQueueSpacesAvailable) refers to port.o(i.vPortExitCritical) for vPortExitCritical
    queue.o(i.vQueueAddToRegistry) refers to queue.o(.bss) for .bss
    queue.o(i.vQueueDelete) refers to queue.o(i.vQueueUnregisterQueue) for vQueueUnregisterQueue
    queue.o(i.vQueueDelete) refers to heap_1.o(i.vPortFree) for vPortFree
    queue.o(i.vQueueUnregisterQueue) refers to queue.o(.bss) for .bss
    queue.o(i.xQueueCreateMutex) refers to heap_1.o(i.pvPortMalloc) for pvPortMalloc
[...]
    pwm_task.o(i.PWMTaskInit) refers to pwm.o(i.PWMOutputState) for PWMOutputState
    pwm_task.o(i.PWMTaskInit) refers to pwm.o(i.PWMOutputInvert) for PWMOutputInvert
    pwm_task.o(i.PWMTaskInit) refers to pwm.o(i.PWMGenEnable) for PWMGenEnable
    pwm_task.o(i.PWMTaskInit) refers to pwm.o(i.PWMDeadBandEnable) for PWMDeadBandEnable
    pwm_task.o(i.PWMTaskInit) refers to tasks.o(i.xTaskGenericCreate) for xTaskGenericCreate
    pwm_task.o(i.PWMTaskInit) refers to pwm_task.o(i.PWMTask) for PWMTask
    pwm_task.o(i.PWM_dutyCycleChange) refers to pwm.o(i.PWMPulseWidthSet) for PWMPulseWidthSet
    interpreter.o(i.InterpreterTask) refers to queue.o(i.xQueueGenericReceive) for xQueueGenericReceive
    interpreter.o(i.InterpreterTask) refers to uartstdio.o(i.UARTprintf) for UARTprintf
    interpreter.o(i.InterpreterTask) refers to queue.o(i.xQueueGenericSend) for xQueueGenericSend
    interpreter.o(i.InterpreterTask) refers to tasks.o(i.xTaskGetTickCount) for xTaskGetTickCount
    interpreter.o(i.InterpreterTask) refers to uartstdio.o(i.UARTgets) for UARTgets
    interpreter.o(i.InterpreterTask) refers to adc_task.o(i.ADC_Print) for ADC_Print
    interpreter.o(i.InterpreterTask) refers to pwm_task.o(i.PWM_dutyCycleChange) for PWM_dutyCycleChange
    interpreter.o(i.InterpreterTask) refers to tasks.o(i.vTaskDelayUntil) for vTaskDelayUntil
    interpreter.o(i.InterpreterTask) refers to main.o(.data) for g_pUARTSemaphore
    interpreter.o(i.InterpreterTaskInit) refers to tasks.o(i.xTaskGenericCreate) for xTaskGenericCreate
    interpreter.o(i.InterpreterTaskInit) refers to interpreter.o(i.InterpreterTask) for InterpreterTask
    spi_task.o(i.SPITask) refers to queue.o(i.xQueueGenericReceive) for xQueueGenericReceive
    spi_task.o(i.SPITask) refers to uartstdio.o(i.UARTprintf) for UARTprintf
    spi_task.o(i.SPITask) refers to queue.o(i.xQueueGenericSend) for xQueueGenericSend
    spi_task.o(i.SPITask) refers to ssi.o(i.SSIDataGetNonBlocking) for SSIDataGetNonBlocking
    spi_task.o(i.SPITask) refers to tasks.o(i.xTaskGetTickCount) for xTaskGetTickCount
    spi_task.o(i.SPITask) refers to ssi.o(i.SSIDataPut) for SSIDataPut
    spi_task.o(i.SPITask) refers to tasks.o(i.vTaskDelayUntil) for vTaskDelayUntil
    spi_task.o(i.SPITask) refers to main.o(.data) for g_pUARTSemaphore
    spi_task.o(i.SPITaskInit) refers to sysctl.o(i.SysCtlPeripheralEnable) for SysCtlPeripheralEnable
    spi_task.o(i.SPITaskInit) refers to gpio.o(i.GPIOPinConfigure) for GPIOPinConfigure
    spi_task.o(i.SPITaskInit) refers to gpio.o(i.GPIOPinTypeSSI) for GPIOPinTypeSSI
    spi_task.o(i.SPITaskInit) refers to sysctl.o(i.SysCtlClockGet) for SysCtlClockGet
    spi_task.o(i.SPITaskInit) refers to ssi.o(i.SSIConfigSetExpClk) for SSIConfigSetExpClk
    spi_task.o(i.SPITaskInit) refers to ssi.o(i.SSIEnable) for SSIEnable
    spi_task.o(i.SPITaskInit) refers to tasks.o(i.xTaskGenericCreate) for xTaskGenericCreate
    spi_task.o(i.SPITaskInit) refers to spi_task.o(i.SPITask) for SPITask
    heap_1.o(i.pvPortMalloc) refers to tasks.o(i.vTaskSuspendAll) for vTaskSuspendAll
    heap_1.o(i.pvPortMalloc) refers to tasks.o(i.xTaskResumeAll) for xTaskResumeAll
    heap_1.o(i.pvPortMalloc) refers to heap_1.o(.data) for .data
    heap_1.o(i.pvPortMalloc) refers to heap_1.o(.bss) for .bss
    heap_1.o(i.vPortInitialiseBlocks) refers to heap_1.o(.data) for .data
    heap_1.o(i.xPortGetFreeHeapSize) refers to heap_1.o(.data) for .data
    adc.o(i.ADCIntRegister) refers to interrupt.o(i.IntRegister) for IntRegister
    adc.o(i.ADCIntRegister) refers to interrupt.o(i.IntEnable) for IntEnable
    adc.o(i.ADCIntUnregister) refers to interrupt.o(i.IntDisable) for IntDisable
    adc.o(i.ADCIntUnregister) refers to interrupt.o(i.IntUnregister) for IntUnregister
    adc.o(i.ADCSoftwareOversampleConfigure) refers to adc.o(.data) for .data
    adc.o(i.ADCSoftwareOversampleDataGet) refers to adc.o(.data) for .data
    adc.o(i.ADCSoftwareOversampleStepConfigure) refers to adc.o(.data) for .data
    gpio.o(i.GPIOIntRegister) refers to gpio.o(i._GPIOIntNumberGet) for _GPIOIntNumberGet
    gpio.o(i.GPIOIntRegister) refers to interrupt.o(i.IntRegister) for IntRegister
    gpio.o(i.GPIOIntRegister) refers to interrupt.o(i.IntEnable) for IntEnable
    gpio.o(i.GPIOIntRegisterPin) refers to gpio.o(i._GPIOIntNumberGet) for _GPIOIntNumberGet
    gpio.o(i.GPIOIntRegisterPin) refers to interrupt.o(i.IntRegister) for IntRegister
    gpio.o(i.GPIOIntRegisterPin) refers to interrupt.o(i.IntEnable) for IntEnable
    gpio.o(i.GPIOIntUnregister) refers to gpio.o(i._GPIOIntNumberGet) for _GPIOIntNumberGet
    gpio.o(i.GPIOIntUnregister) refers to interrupt.o(i.IntDisable) for IntDisable
    gpio.o(i.GPIOIntUnregister) refers to interrupt.o(i.IntUnregister) for IntUnregister
    gpio.o(i.GPIOIntUnregisterPin) refers to gpio.o(i._GPIOIntNumberGet) for _GPIOIntNumberGet
    gpio.o(i.GPIOIntUnregisterPin) refers to interrupt.o(i.IntDisable) for IntDisable
    gpio.o(i.GPIOIntUnregisterPin) refers to interrupt.o(i.IntUnregister) for IntUnregister
    gpio.o(i.GPIOPinConfigure) refers to gpio.o(.constdata) for .constdata
    gpio.o(i.GPIOPinTypeADC) refers to gpio.o(i.GPIODirModeSet) for GPIODirModeSet
    gpio.o(i.GPIOPinTypeADC) refers to gpio.o(i.GPIOPadConfigSet) for GPIOPadConfigSet
    gpio.o(i.GPIOPinTypeCAN) refers to gpio.o(i.GPIODirModeSet) for GPIODirModeSet
    gpio.o(i.GPIOPinTypeCAN) refers to gpio.o(i.GPIOPadConfigSet) for GPIOPadConfigSet
    gpio.o(i.GPIOPinTypeComparator) refers to gpio.o(i.GPIODirModeSet) for GPIODirModeSet
    gpio.o(i.GPIOPinTypeComparator) refers to gpio.o(i.GPIOPadConfigSet) for GPIOPadConfigSet
    gpio.o(i.GPIOPinTypeComparatorOutput) refers to gpio.o(i.GPIODirModeSet) for GPIODirModeSet
    gpio.o(i.GPIOPinTypeComparatorOutput) refers to gpio.o(i.GPIOPadConfigSet) for GPIOPadConfigSet
    gpio.o(i.GPIOPinTypeDIVSCLK) refers to gpio.o(i.GPIODirModeSet) for GPIODirModeSet
    gpio.o(i.GPIOPinTypeDIVSCLK) refers to gpio.o(i.GPIOPadConfigSet) for GPIOPadConfigSet
    gpio.o(i.GPIOPinTypeEPI) refers to gpio.o(i.GPIODirModeSet) for GPIODirModeSet
    gpio.o(i.GPIOPinTypeEPI) refers to gpio.o(i.GPIOPadConfigSet) for GPIOPadConfigSet
    gpio.o(i.GPIOPinTypeEthernetLED) refers to gpio.o(i.GPIODirModeSet) for GPIODirModeSet
    gpio.o(i.GPIOPinTypeEthernetLED) refers to gpio.o(i.GPIOPadConfigSet) for GPIOPadConfigSet
    gpio.o(i.GPIOPinTypeEthernetMII) refers to gpio.o(i.GPIODirModeSet) for GPIODirModeSet
    gpio.o(i.GPIOPinTypeEthernetMII) refers to gpio.o(i.GPIOPadConfigSet) for GPIOPadConfigSet
    gpio.o(i.GPIOPinTypeGPIOInput) refers to gpio.o(i.GPIODirModeSet) for GPIODirModeSet
    gpio.o(i.GPIOPinTypeGPIOInput) refers to gpio.o(i.GPIOPadConfigSet) for GPIOPadConfigSet
    gpio.o(i.GPIOPinTypeGPIOOutput) refers to gpio.o(i.GPIOPadConfigSet) for GPIOPadConfigSet
    gpio.o(i.GPIOPinTypeGPIOOutput) refers to gpio.o(i.GPIODirModeSet) for GPIODirModeSet
    gpio.o(i.GPIOPinTypeGPIOOutputOD) refers to gpio.o(i.GPIOPadConfigSet) for GPIOPadConfigSet
    gpio.o(i.GPIOPinTypeGPIOOutputOD) refers to gpio.o(i.GPIODirModeSet) for GPIODirModeSet
    gpio.o(i.GPIOPinTypeHibernateRTCCLK) refers to gpio.o(i.GPIODirModeSet) for GPIODirModeSet
    gpio.o(i.GPIOPinTypeHibernateRTCCLK) refers to gpio.o(i.GPIOPadConfigSet) for GPIOPadConfigSet
    gpio.o(i.GPIOPinTypeI2C) refers to gpio.o(i.GPIODirModeSet) for GPIODirModeSet
    gpio.o(i.GPIOPinTypeI2C) refers to gpio.o(i.GPIOPadConfigSet) for GPIOPadConfigSet
    gpio.o(i.GPIOPinTypeI2CSCL) refers to gpio.o(i.GPIODirModeSet) for GPIODirModeSet
    gpio.o(i.GPIOPinTypeI2CSCL) refers to gpio.o(i.GPIOPadConfigSet) for GPIOPadConfigSet
    gpio.o(i.GPIOPinTypeLCD) refers to gpio.o(i.GPIODirModeSet) for GPIODirModeSet
    gpio.o(i.GPIOPinTypeLCD) refers to gpio.o(i.GPIOPadConfigSet) for GPIOPadConfigSet
    gpio.o(i.GPIOPinTypeOneWire) refers to gpio.o(i.GPIODirModeSet) for GPIODirModeSet
    gpio.o(i.GPIOPinTypeOneWire) refers to gpio.o(i.GPIOPadConfigSet) for GPIOPadConfigSet
    gpio.o(i.GPIOPinTypePWM) refers to gpio.o(i.GPIODirModeSet) for GPIODirModeSet
    gpio.o(i.GPIOPinTypePWM) refers to gpio.o(i.GPIOPadConfigSet) for GPIOPadConfigSet
    gpio.o(i.GPIOPinTypeQEI) refers to gpio.o(i.GPIODirModeSet) for GPIODirModeSet
    gpio.o(i.GPIOPinTypeQEI) refers to gpio.o(i.GPIOPadConfigSet) for GPIOPadConfigSet
    gpio.o(i.GPIOPinTypeSSI) refers to gpio.o(i.GPIODirModeSet) for GPIODirModeSet
    gpio.o(i.GPIOPinTypeSSI) refers to gpio.o(i.GPIOPadConfigSet) for GPIOPadConfigSet
    gpio.o(i.GPIOPinTypeTimer) refers to gpio.o(i.GPIODirModeSet) for GPIODirModeSet
    gpio.o(i.GPIOPinTypeTimer) refers to gpio.o(i.GPIOPadConfigSet) for GPIOPadConfigSet
    gpio.o(i.GPIOPinTypeTrace) refers to gpio.o(i.GPIODirModeSet) for GPIODirModeSet
    gpio.o(i.GPIOPinTypeTrace) refers to gpio.o(i.GPIOPadConfigSet) for GPIOPadConfigSet
    gpio.o(i.GPIOPinTypeUART) refers to gpio.o(i.GPIODirModeSet) for GPIODirModeSet
    gpio.o(i.GPIOPinTypeUART) refers to gpio.o(i.GPIOPadConfigSet) for GPIOPadConfigSet
    gpio.o(i.GPIOPinTypeUSBAnalog) refers to gpio.o(i.GPIODirModeSet) for GPIODirModeSet
    gpio.o(i.GPIOPinTypeUSBAnalog) refers to gpio.o(i.GPIOPadConfigSet) for GPIOPadConfigSet
    gpio.o(i.GPIOPinTypeUSBDigital) refers to gpio.o(i.GPIODirModeSet) for GPIODirModeSet
    gpio.o(i.GPIOPinTypeUSBDigital) refers to gpio.o(i.GPIOPadConfigSet) for GPIOPadConfigSet
    gpio.o(i.GPIOPinTypeWakeHigh) refers to gpio.o(i.GPIODirModeSet) for GPIODirModeSet
    gpio.o(i.GPIOPinTypeWakeHigh) refers to gpio.o(i.GPIOPadConfigSet) for GPIOPadConfigSet
    gpio.o(i.GPIOPinTypeWakeLow) refers to gpio.o(i.GPIODirModeSet) for GPIODirModeSet
    gpio.o(i.GPIOPinTypeWakeLow) refers to gpio.o(i.GPIOPadConfigSet) for GPIOPadConfigSet
    gpio.o(i._GPIOIntNumberGet) refers to gpio.o(.constdata) for .constdata
    interrupt.o(i.IntDisable) refers to interrupt.o(.constdata) for .constdata
    interrupt.o(i.IntEnable) refers to interrupt.o(.constdata) for .constdata
    interrupt.o(i.IntIsEnabled) refers to interrupt.o(.constdata) for .constdata
    interrupt.o(i.IntMasterDisable) refers to cpu.o(.emb_text) for CPUcpsid
    interrupt.o(i.IntMasterEnable) refers to cpu.o(.emb_text) for CPUcpsie
    interrupt.o(i.IntPendClear) refers to interrupt.o(.constdata) for .constdata
    interrupt.o(i.IntPendSet) refers to interrupt.o(.constdata) for .constdata
    interrupt.o(i.IntPriorityGet) refers to interrupt.o(.constdata) for .constdata
    interrupt.o(i.IntPriorityGroupingGet) refers to interrupt.o(.constdata) for .constdata
    interrupt.o(i.IntPriorityGroupingSet) refers to interrupt.o(.constdata) for .constdata
    interrupt.o(i.IntPriorityMaskGet) refers to cpu.o(.emb_text) for CPUbasepriGet
    interrupt.o(i.IntPriorityMaskSet) refers to cpu.o(.emb_text) for CPUbasepriSet
    interrupt.o(i.IntPrioritySet) refers to interrupt.o(.constdata) for .constdata
    interrupt.o(i.IntRegister) refers to interrupt.o(vtable) for vtable
    interrupt.o(i.IntUnregister) refers to interrupt.o(i._IntDefaultHandler) for _IntDefaultHandler
    interrupt.o(i.IntUnregister) refers to interrupt.o(vtable) for vtable
    pwm.o(i.PWMFaultIntRegister) refers to interrupt.o(i.IntRegister) for IntRegister
    pwm.o(i.PWMFaultIntRegister) refers to interrupt.o(i.IntEnable) for IntEnable
    pwm.o(i.PWMFaultIntUnregister) refers to interrupt.o(i.IntDisable) for IntDisable
    pwm.o(i.PWMFaultIntUnregister) refers to interrupt.o(i.IntUnregister) for IntUnregister
    pwm.o(i.PWMGenIntRegister) refers to pwm.o(i._PWMGenIntNumberGet) for _PWMGenIntNumberGet
    pwm.o(i.PWMGenIntRegister) refers to interrupt.o(i.IntRegister) for IntRegister
    pwm.o(i.PWMGenIntRegister) refers to interrupt.o(i.IntEnable) for IntEnable
    pwm.o(i.PWMGenIntUnregister) refers to pwm.o(i._PWMGenIntNumberGet) for _PWMGenIntNumberGet
    pwm.o(i.PWMGenIntUnregister) refers to interrupt.o(i.IntDisable) for IntDisable
    pwm.o(i.PWMGenIntUnregister) refers to interrupt.o(i.IntUnregister) for IntUnregister
    ssi.o(i.SSIIntRegister) refers to interrupt.o(i.IntRegister) for IntRegister
    ssi.o(i.SSIIntRegister) refers to interrupt.o(i.IntEnable) for IntEnable
    ssi.o(i.SSIIntRegister) refers to ssi.o(.constdata) for .constdata
    ssi.o(i.SSIIntUnregister) refers to interrupt.o(i.IntDisable) for IntDisable
    ssi.o(i.SSIIntUnregister) refers to interrupt.o(i.IntUnregister) for IntUnregister
    ssi.o(i.SSIIntUnregister) refers to ssi.o(.constdata) for .constdata
    sysctl.o(i.SysCtlClockFreqSet) refers to sysctl.o(.constdata) for .constdata
    sysctl.o(i.SysCtlClockGet) refers to sysctl.o(.constdata) for .constdata
    sysctl.o(i.SysCtlClockSet) refers to sysctl.o(.emb_text) for SysCtlDelay
    sysctl.o(i.SysCtlDeepSleep) refers to cpu.o(.emb_text) for CPUwfi
    sysctl.o(i.SysCtlIntRegister) refers to interrupt.o(i.IntRegister) for IntRegister
    sysctl.o(i.SysCtlIntRegister) refers to interrupt.o(i.IntEnable) for IntEnable
    sysctl.o(i.SysCtlIntUnregister) refers to interrupt.o(i.IntDisable) for IntDisable
    sysctl.o(i.SysCtlIntUnregister) refers to interrupt.o(i.IntUnregister) for IntUnregister
    sysctl.o(i.SysCtlSleep) refers to cpu.o(.emb_text) for CPUwfi
    sysctl.o(i.SysCtlVCOGet) refers to sysctl.o(.constdata) for .constdata
    timer.o(i.TimerIntRegister) refers to interrupt.o(i.IntRegister) for IntRegister
    timer.o(i.TimerIntRegister) refers to interrupt.o(i.IntEnable) for IntEnable
    timer.o(i.TimerIntRegister) refers to timer.o(.constdata) for .constdata
    timer.o(i.TimerIntUnregister) refers to interrupt.o(i.IntDisable) for IntDisable
    timer.o(i.TimerIntUnregister) refers to interrupt.o(i.IntUnregister) for IntUnregister
    timer.o(i.TimerIntUnregister) refers to timer.o(.constdata) for .constdata
    uart.o(i.UARTIntRegister) refers to interrupt.o(i.IntRegister) for IntRegister
    uart.o(i.UARTIntRegister) refers to interrupt.o(i.IntEnable) for IntEnable
    uart.o(i.UARTIntRegister) refers to uart.o(.constdata) for .constdata
    uart.o(i.UARTIntUnregister) refers to interrupt.o(i.IntDisable) for IntDisable
    uart.o(i.UARTIntUnregister) refers to interrupt.o(i.IntUnregister) for IntUnregister
    uart.o(i.UARTIntUnregister) refers to uart.o(.constdata) for .constdata
    entry.o(.ARM.Collect$$$$00000000) refers (Special) to entry10a.o(.ARM.Collect$$$$0000000D) for __rt_final_cpp
    entry.o(.ARM.Collect$$$$00000000) refers (Special) to entry11a.o(.ARM.Collect$$$$0000000F) for __rt_final_exit
    entry.o(.ARM.Collect$$$$00000000) refers (Special) to entry7b.o(.ARM.Collect$$$$00000008) for _main_clock
    entry.o(.ARM.Collect$$$$00000000) refers (Special) to entry8b.o(.ARM.Collect$$$$0000000A) for _main_cpp_init
    entry.o(.ARM.Collect$$$$00000000) refers (Special) to entry9a.o(.ARM.Collect$$$$0000000B) for _main_init
    entry.o(.ARM.Collect$$$$00000000) refers (Special) to entry5.o(.ARM.Collect$$$$00000004) for _main_scatterload
    entry.o(.ARM.Collect$$$$00000000) refers (Special) to entry2.o(.ARM.Collect$$$$00000001) for _main_stk
    ffixul.o(.text) refers (Special) to iusefp.o(.text) for __I$use$fp
    ffixul.o(.text) refers to llshl.o(.text) for __aeabi_llsl
    entry2.o(.ARM.Collect$$$$00000001) refers to entry2.o(.ARM.Collect$$$$00002712) for __lit__00000000
    entry2.o(.ARM.Collect$$$$00002712) refers to startup_rvmdk.o(STACK) for __initial_sp
    entry2.o(__vectab_stack_and_reset_area) refers to startup_rvmdk.o(STACK) for __initial_sp
    entry2.o(__vectab_stack_and_reset_area) refers to entry.o(.ARM.Collect$$$$00000000) for __main
    entry5.o(.ARM.Collect$$$$00000004) refers to init.o(.text) for __scatterload
    entry9a.o(.ARM.Collect$$$$0000000B) refers to main.o(i.main) for main
    entry9b.o(.ARM.Collect$$$$0000000C) refers to main.o(i.main) for main
    init.o(.text) refers to entry5.o(.ARM.Collect$$$$00000004) for __main_after_scatterload


==============================================================================

Removing Unused input sections from the image.

    Removing buttons.o(i.ButtonsInit), (100 bytes).
    Removing buttons.o(i.ButtonsPoll), (88 bytes).
    Removing buttons.o(.data), (3 bytes).
    Removing led_task.o(i.LEDTask), (272 bytes).
    Removing led_task.o(i.LEDTaskInit), (192 bytes).
    Removing led_task.o(.bss), (12 bytes).
    Removing led_task.o(.data), (8 bytes).
    Removing port.o(i.vPortEndScheduler), (2 bytes).
    Removing queue.o(i.ucQueueGetQueueType), (6 bytes).
    Removing queue.o(i.uxQueueGetQueueNumber), (4 bytes).
    Removing queue.o(i.uxQueueMessagesWaiting), (18 bytes).
    Removing queue.o(i.uxQueueMessagesWaitingFromISR), (4 bytes).
    Removing queue.o(i.uxQueueSpacesAvailable), (22 bytes).
    Removing queue.o(i.vQueueAddToRegistry), (36 bytes).
    Removing queue.o(i.vQueueDelete), (18 bytes).
    Removing queue.o(i.vQueueSetQueueNumber), (4 bytes).
    Removing queue.o(i.vQueueUnregisterQueue), (36 bytes).
    Removing queue.o(i.xQueueGenericSendFromISR), (96 bytes).
    Removing queue.o(i.xQueueGiveMutexRecursive), (42 bytes).
    Removing queue.o(i.xQueueIsQueueEmptyFromISR), (12 bytes).
    Removing queue.o(i.xQueueIsQueueFullFromISR), (16 bytes).
    Removing queue.o(i.xQueuePeekFromISR), (44 bytes).
    Removing queue.o(i.xQueueReceiveFromISR), (88 bytes).
    Removing queue.o(i.xQueueTakeMutexRecursive), (50 bytes).
    Removing queue.o(.bss), (80 bytes).
    Removing rgb.o(i.RGBBlinkIntHandler), (56 bytes).
    Removing rgb.o(i.RGBBlinkRateSet), (120 bytes).
    Removing rgb.o(i.RGBColorGet), (24 bytes).
    Removing rgb.o(i.RGBColorSet), (144 bytes).
    Removing rgb.o(i.RGBDisable), (92 bytes).
    Removing rgb.o(i.RGBEnable), (172 bytes).
    Removing rgb.o(i.RGBInit), (208 bytes).
    Removing rgb.o(i.RGBIntensitySet), (20 bytes).
    Removing rgb.o(i.RGBSet), (30 bytes).
    Removing rgb.o(.bss), (12 bytes).
    Removing rgb.o(.data), (8 bytes).
    Removing startup_rvmdk.o(HEAP), (0 bytes).
    Removing startup_rvmdk.o(.text), (0 bytes).
    Removing switch_task.o(i.SwitchTask), (248 bytes).
    Removing switch_task.o(i.SwitchTaskInit), (76 bytes).
    Removing tasks.o(i.prvListTaskWithinSingleList), (126 bytes).
    Removing tasks.o(i.prvTaskCheckFreeStackSpace), (20 bytes).
    Removing tasks.o(i.prvTaskIsTaskSuspended), (32 bytes).
    Removing tasks.o(i.ulTaskNotifyTake), (156 bytes).
    Removing tasks.o(i.uxTaskGetNumberOfTasks), (12 bytes).
    Removing tasks.o(i.uxTaskGetStackHighWaterMark), (16 bytes).
    Removing tasks.o(i.uxTaskGetSystemState), (152 bytes).
    Removing tasks.o(i.uxTaskGetTaskNumber), (8 bytes).
    Removing tasks.o(i.uxTaskPriorityGet), (28 bytes).
    Removing tasks.o(i.uxTaskPriorityGetFromISR), (36 bytes).
    Removing tasks.o(i.uxTaskResetEventItemValue), (24 bytes).
    Removing tasks.o(i.vTaskDelay), (84 bytes).
    Removing tasks.o(i.vTaskDelete), (144 bytes).
    Removing tasks.o(i.vTaskEndScheduler), (28 bytes).
    Removing tasks.o(i.vTaskNotifyGiveFromISR), (132 bytes).
    Removing tasks.o(i.vTaskPlaceOnUnorderedEventList), (88 bytes).
    Removing tasks.o(i.vTaskPrioritySet), (180 bytes).
    Removing tasks.o(i.vTaskResume), (112 bytes).
    Removing tasks.o(i.vTaskSetTaskNumber), (8 bytes).
    Removing tasks.o(i.vTaskSuspend), (160 bytes).
    Removing tasks.o(i.xTaskGenericNotify), (164 bytes).
    Removing tasks.o(i.xTaskGenericNotifyFromISR), (184 bytes).
    Removing tasks.o(i.xTaskGetCurrentTaskHandle), (12 bytes).
    Removing tasks.o(i.xTaskGetTickCountFromISR), (12 bytes).
    Removing tasks.o(i.xTaskNotifyStateClear), (48 bytes).
    Removing tasks.o(i.xTaskNotifyWait), (184 bytes).
    Removing tasks.o(i.xTaskRemoveFromUnorderedEventList), (80 bytes).
    Removing tasks.o(i.xTaskResumeFromISR), (120 bytes).
    Removing uartstdio.o(i.UARTgetc), (24 bytes).
    Removing ustdlib.o(i.ucmptime), (82 bytes).
    Removing ustdlib.o(i.ulocaltime), (168 bytes).
    Removing ustdlib.o(i.umktime), (58 bytes).
    Removing ustdlib.o(i.urand), (28 bytes).
    Removing ustdlib.o(i.usnprintf), (18 bytes).
    Removing ustdlib.o(i.usprintf), (22 bytes).
    Removing ustdlib.o(i.usrand), (12 bytes).
    Removing ustdlib.o(i.ustrcasecmp), (8 bytes).
    Removing ustdlib.o(i.ustrcmp), (8 bytes).
    Removing ustdlib.o(i.ustrlen), (16 bytes).
    Removing ustdlib.o(i.ustrncasecmp), (70 bytes).
    Removing ustdlib.o(i.ustrncmp), (46 bytes).
    Removing ustdlib.o(i.ustrncpy), (34 bytes).
    Removing ustdlib.o(i.ustrstr), (42 bytes).
    Removing ustdlib.o(i.ustrtof), (320 bytes).
    Removing ustdlib.o(i.ustrtoul), (154 bytes).
    Removing ustdlib.o(i.uvsnprintf), (592 bytes).
    Removing ustdlib.o(.constdata), (76 bytes).
    Removing ustdlib.o(.conststring), (17 bytes).
    Removing ustdlib.o(.data), (4 bytes).
    Removing adc_task.o(i.ADC_PrintFreq), (12 bytes).
    Removing adc_task.o(i.ADC_PrintJSON), (68 bytes).
    Removing adc_task.o(.constdata), (71 bytes).
    Removing adc_task.o(.data), (4 bytes).
    Removing pwm_task.o(.data), (4 bytes).
    Removing interpreter.o(.data), (4 bytes).
    Removing spi_task.o(i.SPITask), (112 bytes).
    Removing spi_task.o(i.SPITaskInit), (152 bytes).
    Removing spi_task.o(.data), (4 bytes).
    Removing heap_1.o(i.vPortInitialiseBlocks), (12 bytes).
    Removing heap_1.o(i.xPortGetFreeHeapSize), (16 bytes).
    Removing adc.o(i.ADCBusy), (8 bytes).
    Removing adc.o(i.ADCClockConfigGet), (32 bytes).
    Removing adc.o(i.ADCComparatorConfigure), (10 bytes).
    Removing adc.o(i.ADCComparatorIntClear), (4 bytes).
    Removing adc.o(i.ADCComparatorIntDisable), (18 bytes).
    Removing adc.o(i.ADCComparatorIntEnable), (16 bytes).
    Removing adc.o(i.ADCComparatorIntStatus), (4 bytes).
    Removing adc.o(i.ADCComparatorRegionSet), (14 bytes).
    Removing adc.o(i.ADCComparatorReset), (40 bytes).
    Removing adc.o(i.ADCHardwareOversampleConfigure), (18 bytes).
    Removing adc.o(i.ADCIntClearEx), (4 bytes).
    Removing adc.o(i.ADCIntDisable), (16 bytes).
    Removing adc.o(i.ADCIntDisableEx), (10 bytes).
    Removing adc.o(i.ADCIntEnableEx), (8 bytes).
    Removing adc.o(i.ADCIntStatus), (52 bytes).
    Removing adc.o(i.ADCIntStatusEx), (22 bytes).
    Removing adc.o(i.ADCIntUnregister), (108 bytes).
    Removing adc.o(i.ADCPhaseDelayGet), (4 bytes).
    Removing adc.o(i.ADCPhaseDelaySet), (4 bytes).
    Removing adc.o(i.ADCProcessorTrigger), (26 bytes).
    Removing adc.o(i.ADCReferenceGet), (8 bytes).
    Removing adc.o(i.ADCReferenceSet), (12 bytes).
    Removing adc.o(i.ADCSequenceDMADisable), (18 bytes).
    Removing adc.o(i.ADCSequenceDMAEnable), (16 bytes).
    Removing adc.o(i.ADCSequenceOverflow), (12 bytes).
    Removing adc.o(i.ADCSequenceOverflowClear), (10 bytes).
    Removing adc.o(i.ADCSequenceUnderflow), (12 bytes).
    Removing adc.o(i.ADCSequenceUnderflowClear), (10 bytes).
    Removing adc.o(i.ADCSoftwareOversampleConfigure), (44 bytes).
    Removing adc.o(i.ADCSoftwareOversampleDataGet), (88 bytes).
    Removing adc.o(i.ADCSoftwareOversampleStepConfigure), (168 bytes).
    Removing adc.o(.data), (6 bytes).
    Removing gpio.o(i.GPIOADCTriggerDisable), (14 bytes).
    Removing gpio.o(i.GPIOADCTriggerEnable), (12 bytes).
    Removing gpio.o(i.GPIODMATriggerDisable), (14 bytes).
    Removing gpio.o(i.GPIODMATriggerEnable), (12 bytes).
    Removing gpio.o(i.GPIODirModeGet), (34 bytes).
    Removing gpio.o(i.GPIOIntClear), (6 bytes).
    Removing gpio.o(i.GPIOIntDisable), (14 bytes).
    Removing gpio.o(i.GPIOIntEnable), (12 bytes).
    Removing gpio.o(i.GPIOIntRegister), (26 bytes).
    Removing gpio.o(i.GPIOIntRegisterPin), (30 bytes).
    Removing gpio.o(i.GPIOIntStatus), (14 bytes).
    Removing gpio.o(i.GPIOIntTypeGet), (68 bytes).
    Removing gpio.o(i.GPIOIntTypeSet), (80 bytes).
    Removing gpio.o(i.GPIOIntUnregister), (22 bytes).
    Removing gpio.o(i.GPIOIntUnregisterPin), (26 bytes).
    Removing gpio.o(i.GPIOPadConfigGet), (204 bytes).
    Removing gpio.o(i.GPIOPinRead), (6 bytes).
    Removing gpio.o(i.GPIOPinTypeCAN), (28 bytes).
    Removing gpio.o(i.GPIOPinTypeComparator), (28 bytes).
    Removing gpio.o(i.GPIOPinTypeComparatorOutput), (28 bytes).
    Removing gpio.o(i.GPIOPinTypeDIVSCLK), (28 bytes).
    Removing gpio.o(i.GPIOPinTypeEPI), (28 bytes).
    Removing gpio.o(i.GPIOPinTypeEthernetLED), (28 bytes).
    Removing gpio.o(i.GPIOPinTypeEthernetMII), (28 bytes).
    Removing gpio.o(i.GPIOPinTypeGPIOInput), (28 bytes).
    Removing gpio.o(i.GPIOPinTypeGPIOOutput), (28 bytes).
    Removing gpio.o(i.GPIOPinTypeGPIOOutputOD), (28 bytes).
    Removing gpio.o(i.GPIOPinTypeHibernateRTCCLK), (28 bytes).
    Removing gpio.o(i.GPIOPinTypeI2C), (28 bytes).
    Removing gpio.o(i.GPIOPinTypeI2CSCL), (28 bytes).
    Removing gpio.o(i.GPIOPinTypeLCD), (28 bytes).
    Removing gpio.o(i.GPIOPinTypeOneWire), (28 bytes).
    Removing gpio.o(i.GPIOPinTypeQEI), (28 bytes).
    Removing gpio.o(i.GPIOPinTypeSSI), (28 bytes).
    Removing gpio.o(i.GPIOPinTypeTimer), (28 bytes).
    Removing gpio.o(i.GPIOPinTypeTrace), (28 bytes).
    Removing gpio.o(i.GPIOPinTypeUART), (28 bytes).
    Removing gpio.o(i.GPIOPinTypeUSBAnalog), (28 bytes).
    Removing gpio.o(i.GPIOPinTypeUSBDigital), (28 bytes).
    Removing gpio.o(i.GPIOPinTypeWakeHigh), (30 bytes).
    Removing gpio.o(i.GPIOPinTypeWakeLow), (30 bytes).
    Removing gpio.o(i.GPIOPinWakeStatus), (6 bytes).
    Removing gpio.o(i.GPIOPinWrite), (6 bytes).
    Removing gpio.o(i._GPIOIntNumberGet), (80 bytes).
    Removing interrupt.o(i.IntDisable), (100 bytes).
    Removing interrupt.o(i.IntIsEnabled), (96 bytes).
    Removing interrupt.o(i.IntMasterDisable), (14 bytes).
    Removing interrupt.o(i.IntMasterEnable), (14 bytes).
    Removing interrupt.o(i.IntPendClear), (68 bytes).
    Removing interrupt.o(i.IntPendSet), (84 bytes).
    Removing interrupt.o(i.IntPriorityGet), (28 bytes).
    Removing interrupt.o(i.IntPriorityGroupingGet), (36 bytes).
    Removing interrupt.o(i.IntPriorityGroupingSet), (28 bytes).
    Removing interrupt.o(i.IntPriorityMaskGet), (4 bytes).
    Removing interrupt.o(i.IntPriorityMaskSet), (4 bytes).
    Removing interrupt.o(i.IntTrigger), (12 bytes).
    Removing interrupt.o(i.IntUnregister), (20 bytes).
    Removing interrupt.o(i._IntDefaultHandler), (2 bytes).
    Removing pwm.o(i.PWMClockGet), (26 bytes).
    Removing pwm.o(i.PWMClockSet), (20 bytes).
    Removing pwm.o(i.PWMDeadBandDisable), (12 bytes).
    Removing pwm.o(i.PWMFaultIntClear), (8 bytes).
    Removing pwm.o(i.PWMFaultIntClearExt), (4 bytes).
    Removing pwm.o(i.PWMFaultIntRegister), (92 bytes).
    Removing pwm.o(i.PWMFaultIntUnregister), (84 bytes).
    Removing pwm.o(i.PWMGenDisable), (10 bytes).
    Removing pwm.o(i.PWMGenFaultClear), (18 bytes).
    Removing pwm.o(i.PWMGenFaultConfigure), (18 bytes).
    Removing pwm.o(i.PWMGenFaultStatus), (18 bytes).
    Removing pwm.o(i.PWMGenFaultTriggerGet), (12 bytes).
    Removing pwm.o(i.PWMGenFaultTriggerSet), (12 bytes).
    Removing pwm.o(i.PWMGenIntClear), (6 bytes).
    Removing pwm.o(i.PWMGenIntRegister), (26 bytes).
    Removing pwm.o(i.PWMGenIntStatus), (12 bytes).
    Removing pwm.o(i.PWMGenIntTrigDisable), (10 bytes).
    Removing pwm.o(i.PWMGenIntTrigEnable), (10 bytes).
    Removing pwm.o(i.PWMGenIntUnregister), (22 bytes).
    Removing pwm.o(i.PWMGenPeriodGet), (18 bytes).
    Removing pwm.o(i.PWMIntDisable), (10 bytes).
    Removing pwm.o(i.PWMIntEnable), (8 bytes).
    Removing pwm.o(i.PWMIntStatus), (10 bytes).
    Removing pwm.o(i.PWMOutputFault), (16 bytes).
    Removing pwm.o(i.PWMOutputFaultLevel), (16 bytes).
    Removing pwm.o(i.PWMOutputUpdateMode), (62 bytes).
    Removing pwm.o(i.PWMPulseWidthGet), (32 bytes).
    Removing pwm.o(i.PWMSyncTimeBase), (4 bytes).
    Removing pwm.o(i.PWMSyncUpdate), (4 bytes).
    Removing pwm.o(i._PWMGenIntNumberGet), (224 bytes).
    Removing ssi.o(i.SSIAdvDataPutFrameEnd), (20 bytes).
    Removing ssi.o(i.SSIAdvDataPutFrameEndNonBlocking), (26 bytes).
    Removing ssi.o(i.SSIAdvFrameHoldDisable), (10 bytes).
    Removing ssi.o(i.SSIAdvFrameHoldEnable), (10 bytes).
    Removing ssi.o(i.SSIAdvModeSet), (12 bytes).
    Removing ssi.o(i.SSIBusy), (8 bytes).
    Removing ssi.o(i.SSIClockSourceGet), (6 bytes).
    Removing ssi.o(i.SSIClockSourceSet), (6 bytes).
    Removing ssi.o(i.SSIConfigSetExpClk), (58 bytes).
    Removing ssi.o(i.SSIDMADisable), (10 bytes).
    Removing ssi.o(i.SSIDMAEnable), (8 bytes).
    Removing ssi.o(i.SSIDataGet), (14 bytes).
    Removing ssi.o(i.SSIDataGetNonBlocking), (20 bytes).
    Removing ssi.o(i.SSIDataPut), (12 bytes).
    Removing ssi.o(i.SSIDataPutNonBlocking), (16 bytes).
    Removing ssi.o(i.SSIDisable), (10 bytes).
    Removing ssi.o(i.SSIEnable), (10 bytes).
    Removing ssi.o(i.SSIIntClear), (4 bytes).
    Removing ssi.o(i.SSIIntDisable), (10 bytes).
    Removing ssi.o(i.SSIIntEnable), (8 bytes).
    Removing ssi.o(i.SSIIntRegister), (88 bytes).
    Removing ssi.o(i.SSIIntStatus), (10 bytes).
    Removing ssi.o(i.SSIIntUnregister), (88 bytes).
    Removing ssi.o(.constdata), (64 bytes).
    Removing sysctl.o(.emb_text), (6 bytes).
    Removing sysctl.o(i.SysCtlAltClkConfig), (12 bytes).
    Removing sysctl.o(i.SysCtlClockFreqSet), (740 bytes).
    Removing sysctl.o(i.SysCtlClockOutConfig), (20 bytes).
    Removing sysctl.o(i.SysCtlClockSet), (288 bytes).
    Removing sysctl.o(i.SysCtlDeepSleep), (32 bytes).
    Removing sysctl.o(i.SysCtlDeepSleepClockConfigSet), (112 bytes).
    Removing sysctl.o(i.SysCtlDeepSleepClockSet), (12 bytes).
    Removing sysctl.o(i.SysCtlDeepSleepPowerSet), (12 bytes).
    Removing sysctl.o(i.SysCtlFlashSectorSizeGet), (56 bytes).
    Removing sysctl.o(i.SysCtlFlashSizeGet), (56 bytes).
    Removing sysctl.o(i.SysCtlGPIOAHBDisable), (28 bytes).
    Removing sysctl.o(i.SysCtlGPIOAHBEnable), (24 bytes).
    Removing sysctl.o(i.SysCtlIntClear), (12 bytes).
    Removing sysctl.o(i.SysCtlIntDisable), (16 bytes).
    Removing sysctl.o(i.SysCtlIntEnable), (16 bytes).
    Removing sysctl.o(i.SysCtlIntRegister), (20 bytes).
    Removing sysctl.o(i.SysCtlIntStatus), (16 bytes).
    Removing sysctl.o(i.SysCtlIntUnregister), (18 bytes).
    Removing sysctl.o(i.SysCtlLDODeepSleepGet), (12 bytes).
    Removing sysctl.o(i.SysCtlLDODeepSleepSet), (12 bytes).
    Removing sysctl.o(i.SysCtlLDOSleepGet), (12 bytes).
    Removing sysctl.o(i.SysCtlLDOSleepSet), (12 bytes).
    Removing sysctl.o(i.SysCtlMOSCConfigSet), (12 bytes).
    Removing sysctl.o(i.SysCtlNMIClear), (16 bytes).
    Removing sysctl.o(i.SysCtlNMIStatus), (12 bytes).
    Removing sysctl.o(i.SysCtlPIOSCCalibrate), (76 bytes).
    Removing sysctl.o(i.SysCtlPWMClockGet), (24 bytes).
    Removing sysctl.o(i.SysCtlPeripheralClockGating), (68 bytes).
    Removing sysctl.o(i.SysCtlPeripheralDeepSleepDisable), (40 bytes).
    Removing sysctl.o(i.SysCtlPeripheralDeepSleepEnable), (40 bytes).
    Removing sysctl.o(i.SysCtlPeripheralDisable), (40 bytes).
    Removing sysctl.o(i.SysCtlPeripheralPowerOff), (40 bytes).
    Removing sysctl.o(i.SysCtlPeripheralPowerOn), (40 bytes).
    Removing sysctl.o(i.SysCtlPeripheralPresent), (44 bytes).
    Removing sysctl.o(i.SysCtlPeripheralReady), (44 bytes).
    Removing sysctl.o(i.SysCtlPeripheralReset), (60 bytes).
    Removing sysctl.o(i.SysCtlPeripheralSleepDisable), (40 bytes).
    Removing sysctl.o(i.SysCtlPeripheralSleepEnable), (40 bytes).
    Removing sysctl.o(i.SysCtlReset), (16 bytes).
    Removing sysctl.o(i.SysCtlResetBehaviorGet), (12 bytes).
    Removing sysctl.o(i.SysCtlResetBehaviorSet), (12 bytes).
    Removing sysctl.o(i.SysCtlResetCauseClear), (16 bytes).
    Removing sysctl.o(i.SysCtlResetCauseGet), (12 bytes).
    Removing sysctl.o(i.SysCtlSRAMSizeGet), (16 bytes).
    Removing sysctl.o(i.SysCtlSleep), (4 bytes).
    Removing sysctl.o(i.SysCtlSleepPowerSet), (12 bytes).
    Removing sysctl.o(i.SysCtlUSBPLLDisable), (16 bytes).
    Removing sysctl.o(i.SysCtlUSBPLLEnable), (16 bytes).
    Removing sysctl.o(i.SysCtlVCOGet), (120 bytes).
    Removing sysctl.o(i.SysCtlVoltageEventClear), (16 bytes).
    Removing sysctl.o(i.SysCtlVoltageEventConfig), (12 bytes).
    Removing sysctl.o(i.SysCtlVoltageEventStatus), (12 bytes).
    Removing timer.o(i.TimerADCEventGet), (4 bytes).
    Removing timer.o(i.TimerADCEventSet), (4 bytes).
    Removing timer.o(i.TimerClockSourceGet), (6 bytes).
    Removing timer.o(i.TimerClockSourceSet), (6 bytes).
    Removing timer.o(i.TimerControlEvent), (18 bytes).
    Removing timer.o(i.TimerControlLevel), (22 bytes).
    Removing timer.o(i.TimerControlStall), (22 bytes).
    Removing timer.o(i.TimerControlWaitOnTrigger), (48 bytes).
    Removing timer.o(i.TimerDMAEventGet), (4 bytes).
    Removing timer.o(i.TimerDMAEventSet), (4 bytes).
    Removing timer.o(i.TimerIntClear), (4 bytes).
    Removing timer.o(i.TimerIntEnable), (8 bytes).
    Removing timer.o(i.TimerIntRegister), (104 bytes).
    Removing timer.o(i.TimerIntStatus), (10 bytes).
    Removing timer.o(i.TimerIntUnregister), (104 bytes).
    Removing timer.o(i.TimerLoadGet), (10 bytes).
    Removing timer.o(i.TimerLoadGet64), (14 bytes).
    Removing timer.o(i.TimerLoadSet64), (6 bytes).
    Removing timer.o(i.TimerMatchGet), (10 bytes).
    Removing timer.o(i.TimerMatchGet64), (14 bytes).
    Removing timer.o(i.TimerMatchSet), (18 bytes).
    Removing timer.o(i.TimerMatchSet64), (6 bytes).
    Removing timer.o(i.TimerPrescaleGet), (10 bytes).
    Removing timer.o(i.TimerPrescaleMatchGet), (10 bytes).
    Removing timer.o(i.TimerPrescaleMatchSet), (18 bytes).
    Removing timer.o(i.TimerPrescaleSet), (18 bytes).
    Removing timer.o(i.TimerRTCDisable), (10 bytes).
    Removing timer.o(i.TimerRTCEnable), (10 bytes).
    Removing timer.o(i.TimerSynchronize), (4 bytes).
    Removing timer.o(i.TimerUpdateMode), (42 bytes).
    Removing timer.o(i.TimerValueGet), (10 bytes).
    Removing timer.o(i.TimerValueGet64), (14 bytes).
    Removing timer.o(.constdata), (160 bytes).
    Removing uart.o(i.UART9BitAddrSend), (38 bytes).
    Removing uart.o(i.UART9BitAddrSet), (10 bytes).
    Removing uart.o(i.UART9BitDisable), (14 bytes).
    Removing uart.o(i.UART9BitEnable), (14 bytes).
    Removing uart.o(i.UARTBreakCtl), (18 bytes).
    Removing uart.o(i.UARTBusy), (8 bytes).
    Removing uart.o(i.UARTCharGet), (12 bytes).
    Removing uart.o(i.UARTCharGetNonBlocking), (16 bytes).
    Removing uart.o(i.UARTCharPut), (12 bytes).
    Removing uart.o(i.UARTCharPutNonBlocking), (16 bytes).
    Removing uart.o(i.UARTCharsAvail), (10 bytes).
    Removing uart.o(i.UARTClockSourceGet), (6 bytes).
    Removing uart.o(i.UARTConfigGetExpClk), (46 bytes).
    Removing uart.o(i.UARTConfigSetExpClk), (110 bytes).
    Removing uart.o(i.UARTDMADisable), (10 bytes).
    Removing uart.o(i.UARTDMAEnable), (8 bytes).
    Removing uart.o(i.UARTDisable), (30 bytes).
    Removing uart.o(i.UARTDisableSIR), (10 bytes).
    Removing uart.o(i.UARTEnable), (20 bytes).
    Removing uart.o(i.UARTEnableSIR), (18 bytes).
    Removing uart.o(i.UARTFIFODisable), (10 bytes).
    Removing uart.o(i.UARTFIFOEnable), (10 bytes).
    Removing uart.o(i.UARTFIFOLevelGet), (16 bytes).
    Removing uart.o(i.UARTFIFOLevelSet), (6 bytes).
    Removing uart.o(i.UARTFlowControlGet), (8 bytes).
    Removing uart.o(i.UARTFlowControlSet), (12 bytes).
    Removing uart.o(i.UARTIntClear), (4 bytes).
    Removing uart.o(i.UARTIntDisable), (10 bytes).
    Removing uart.o(i.UARTIntEnable), (8 bytes).
    Removing uart.o(i.UARTIntRegister), (88 bytes).
    Removing uart.o(i.UARTIntStatus), (10 bytes).
    Removing uart.o(i.UARTIntUnregister), (88 bytes).
    Removing uart.o(i.UARTLoopbackEnable), (10 bytes).
    Removing uart.o(i.UARTModemControlClear), (14 bytes).
    Removing uart.o(i.UARTModemControlGet), (8 bytes).
    Removing uart.o(i.UARTModemControlSet), (12 bytes).
    Removing uart.o(i.UARTModemStatusGet), (10 bytes).
    Removing uart.o(i.UARTParityModeGet), (8 bytes).
    Removing uart.o(i.UARTParityModeSet), (12 bytes).
    Removing uart.o(i.UARTRxErrorClear), (6 bytes).
    Removing uart.o(i.UARTRxErrorGet), (8 bytes).
    Removing uart.o(i.UARTSmartCardDisable), (10 bytes).
    Removing uart.o(i.UARTSmartCardEnable), (22 bytes).
    Removing uart.o(i.UARTSpaceAvail), (10 bytes).
    Removing uart.o(i.UARTTxIntModeGet), (8 bytes).
    Removing uart.o(i.UARTTxIntModeSet), (12 bytes).
    Removing uart.o(.constdata), (128 bytes).
    Removing cpu.o(.emb_text), (38 bytes).
    Removing ffixul.o(.text), (44 bytes).

379 unused section(s) (total 15397 bytes) removed from the image.

==============================================================================

Image Symbol Table

    Local Symbols

    Symbol Name                              Value     Ov Type        Size  Object(Section)

    RESET                                    0x00000000   Section      648  startup_rvmdk.o(RESET)
    ../clib/../cmprslib/zerorunl.c           0x00000000   Number         0  __dczerorl.o ABSOLUTE
    ../clib/microlib/init/entry.s            0x00000000   Number         0  entry10a.o ABSOLUTE
    ../clib/microlib/init/entry.s            0x00000000   Number         0  entry7b.o ABSOLUTE
    ../clib/microlib/init/entry.s            0x00000000   Number         0  entry11a.o ABSOLUTE
    ../clib/microlib/init/entry.s            0x00000000   Number         0  entry10b.o ABSOLUTE
    ../clib/microlib/init/entry.s            0x00000000   Number         0  entry8a.o ABSOLUTE
    ../clib/microlib/init/entry.s            0x00000000   Number         0  entry.o ABSOLUTE
    ../clib/microlib/init/entry.s            0x00000000   Number         0  entry9b.o ABSOLUTE
    ../clib/microlib/init/entry.s            0x00000000   Number         0  entry8b.o ABSOLUTE
    ../clib/microlib/init/entry.s            0x00000000   Number         0  entry9a.o ABSOLUTE
    ../clib/microlib/init/entry.s            0x00000000   Number         0  entry7a.o ABSOLUTE
    ../clib/microlib/init/entry.s            0x00000000   Number         0  entry5.o ABSOLUTE
    ../clib/microlib/init/entry.s            0x00000000   Number         0  entry11b.o ABSOLUTE
    ../clib/microlib/init/entry.s            0x00000000   Number         0  entry2.o ABSOLUTE
    ../clib/microlib/longlong.c              0x00000000   Number         0  llshl.o ABSOLUTE
    ../clib/microlib/string/memcpy.c         0x00000000   Number         0  memcpya.o ABSOLUTE
    ../clib/microlib/string/memcpy.c         0x00000000   Number         0  memcpyb.o ABSOLUTE
    ../clib/microlib/string/memset.c         0x00000000   Number         0  memseta.o ABSOLUTE
    ../clib/microlib/stubs.s                 0x00000000   Number         0  iusefp.o ABSOLUTE
    ../fplib/microlib/fpfix.c                0x00000000   Number         0  ffixul.o ABSOLUTE
    ..\\third_party\\FreeRTOS\\Source\\portable\\RVDS\\ARM_CM4F\\port.c 0x00000000   Number         0  port.o ABSOLUTE
    ..\drivers\buttons.c                     0x00000000   Number         0  buttons.o ABSOLUTE
    ..\drivers\rgb.c                         0x00000000   Number         0  rgb.o ABSOLUTE
    ..\third_party\FreeRTOS\Source\list.c    0x00000000   Number         0  list.o ABSOLUTE
    ..\third_party\FreeRTOS\Source\portable\RVDS\ARM_CM4F\port.c 0x00000000   Number         0  port.o ABSOLUTE
    ..\third_party\FreeRTOS\Source\queue.c   0x00000000   Number         0  queue.o ABSOLUTE
    ..\third_party\FreeRTOS\Source\tasks.c   0x00000000   Number         0  tasks.o ABSOLUTE
    ..\utils\uartstdio.c                     0x00000000   Number         0  uartstdio.o ABSOLUTE
    ..\utils\ustdlib.c                       0x00000000   Number         0  ustdlib.o ABSOLUTE
    adc.c                                    0x00000000   Number         0  adc.o ABSOLUTE
    adc_task.c                               0x00000000   Number         0  adc_task.o ABSOLUTE
    cpu.c                                    0x00000000   Number         0  cpu.o ABSOLUTE
    cpu.c                                    0x00000000   Number         0  cpu.o ABSOLUTE
    dc.s                                     0x00000000   Number         0  dc.o ABSOLUTE
    gpio.c                                   0x00000000   Number         0  gpio.o ABSOLUTE
    handlers.s                               0x00000000   Number         0  handlers.o ABSOLUTE
    heap_1.c                                 0x00000000   Number         0  heap_1.o ABSOLUTE
    init.s                                   0x00000000   Number         0  init.o ABSOLUTE
    interpreter.c                            0x00000000   Number         0  interpreter.o ABSOLUTE
    interrupt.c                              0x00000000   Number         0  interrupt.o ABSOLUTE
    led_task.c                               0x00000000   Number         0  led_task.o ABSOLUTE
    main.c                                   0x00000000   Number         0  main.o ABSOLUTE
    pwm.c                                    0x00000000   Number         0  pwm.o ABSOLUTE
    pwm_task.c                               0x00000000   Number         0  pwm_task.o ABSOLUTE
    spi_task.c                               0x00000000   Number         0  spi_task.o ABSOLUTE
    ssi.c                                    0x00000000   Number         0  ssi.o ABSOLUTE
    startup_rvmdk.S                          0x00000000   Number         0  startup_rvmdk.o ABSOLUTE
    switch_task.c                            0x00000000   Number         0  switch_task.o ABSOLUTE
    sysctl.c                                 0x00000000   Number         0  sysctl.o ABSOLUTE
    sysctl.c                                 0x00000000   Number         0  sysctl.o ABSOLUTE
    timer.c                                  0x00000000   Number         0  timer.o ABSOLUTE
    uart.c                                   0x00000000   Number         0  uart.o ABSOLUTE
    $v0                                      0x0000026c   Number         0  startup_rvmdk.o(RESET)
    NmiSR                                    0x00000281   Thumb Code     0  startup_rvmdk.o(RESET)
    FaultISR                                 0x00000283   Thumb Code     0  startup_rvmdk.o(RESET)
    IntDefaultHandler                        0x00000285   Thumb Code     0  startup_rvmdk.o(RESET)
    .ARM.Collect$$$$00000000                 0x00000288   Section        0  entry.o(.ARM.Collect$$$$00000000)
    .ARM.Collect$$$$00000001                 0x00000288   Section        4  entry2.o(.ARM.Collect$$$$00000001)
    .ARM.Collect$$$$00000004                 0x0000028c   Section        4  entry5.o(.ARM.Collect$$$$00000004)
    .ARM.Collect$$$$00000008                 0x00000290   Section        0  entry7b.o(.ARM.Collect$$$$00000008)
    .ARM.Collect$$$$0000000A                 0x00000290   Section        0  entry8b.o(.ARM.Collect$$$$0000000A)
    .ARM.Collect$$$$0000000B                 0x00000290   Section        8  entry9a.o(.ARM.Collect$$$$0000000B)
    .ARM.Collect$$$$0000000D                 0x00000298   Section        0  entry10a.o(.ARM.Collect$$$$0000000D)
    .ARM.Collect$$$$0000000F                 0x00000298   Section        0  entry11a.o(.ARM.Collect$$$$0000000F)
    .ARM.Collect$$$$00002712                 0x00000298   Section        4  entry2.o(.ARM.Collect$$$$00002712)
    __lit__00000000                          0x00000298   Data           4  entry2.o(.ARM.Collect$$$$00002712)
    .emb_text                                0x0000029c   Section      182  port.o(.emb_text)
    $v0                                      0x0000029c   Number         0  port.o(.emb_text)
    .text                                    0x00000352   Section        0  memcpya.o(.text)
    .text                                    0x00000376   Section        0  memseta.o(.text)
    .text                                    0x0000039c   Section       36  init.o(.text)
    .text                                    0x000003c0   Section        0  __dczerorl.o(.text)
    i.ADC0Seq2_Handler                       0x000003fc   Section        0  adc_task.o(i.ADC0Seq2_Handler)
    i.ADCClockConfigSet                      0x00000488   Section        0  adc.o(i.ADCClockConfigSet)
    i.ADCIntClear                            0x000004a4   Section        0  adc.o(i.ADCIntClear)
    i.ADCIntEnable                           0x000004ae   Section        0  adc.o(i.ADCIntEnable)
    i.ADCIntRegister                         0x000004c0   Section        0  adc.o(i.ADCIntRegister)
    i.ADCSequenceConfigure                   0x00000528   Section        0  adc.o(i.ADCSequenceConfigure)
    i.ADCSequenceDataGet                     0x00000588   Section        0  adc.o(i.ADCSequenceDataGet)
    i.ADCSequenceDisable                     0x000005ac   Section        0  adc.o(i.ADCSequenceDisable)
    i.ADCSequenceEnable                      0x000005bc   Section        0  adc.o(i.ADCSequenceEnable)
    i.ADCSequenceStepConfigure               0x000005ca   Section        0  adc.o(i.ADCSequenceStepConfigure)
    i.ADCTask                                0x00000664   Section        0  adc_task.o(i.ADCTask)
    ADCTask                                  0x00000665   Thumb Code   132  adc_task.o(i.ADCTask)
    i.ADCTaskInit                            0x000006fc   Section        0  adc_task.o(i.ADCTaskInit)
    i.ADC_Print                              0x00000854   Section        0  adc_task.o(i.ADC_Print)
    i.ConfigureUART                          0x0000091c   Section        0  main.o(i.ConfigureUART)
    i.GPIODirModeSet                         0x00000978   Section        0  gpio.o(i.GPIODirModeSet)
    i.GPIOPadConfigSet                       0x000009a0   Section        0  gpio.o(i.GPIOPadConfigSet)
    i.GPIOPinConfigure                       0x00000ad8   Section        0  gpio.o(i.GPIOPinConfigure)
    i.GPIOPinTypeADC                         0x00000b1c   Section        0  gpio.o(i.GPIOPinTypeADC)
    i.GPIOPinTypePWM                         0x00000b38   Section        0  gpio.o(i.GPIOPinTypePWM)
    i.IntEnable                              0x00000b54   Section        0  interrupt.o(i.IntEnable)
    i.IntPrioritySet                         0x00000bb8   Section        0  interrupt.o(i.IntPrioritySet)
    i.IntRegister                            0x00000be0   Section        0  interrupt.o(i.IntRegister)
    i.InterpreterTask                        0x00000c14   Section        0  interpreter.o(i.InterpreterTask)
    InterpreterTask                          0x00000c15   Thumb Code   162  interpreter.o(i.InterpreterTask)
    i.InterpreterTaskInit                    0x00000d08   Section        0  interpreter.o(i.InterpreterTaskInit)
    i.PWMDeadBandEnable                      0x00000d40   Section        0  pwm.o(i.PWMDeadBandEnable)
    i.PWMGenConfigure                        0x00000d50   Section        0  pwm.o(i.PWMGenConfigure)
    i.PWMGenEnable                           0x00000d76   Section        0  pwm.o(i.PWMGenEnable)
    i.PWMGenPeriodSet                        0x00000d80   Section        0  pwm.o(i.PWMGenPeriodSet)
    i.PWMOutputInvert                        0x00000d92   Section        0  pwm.o(i.PWMOutputInvert)
    i.PWMOutputState                         0x00000da2   Section        0  pwm.o(i.PWMOutputState)
    i.PWMPulseWidthSet                       0x00000db2   Section        0  pwm.o(i.PWMPulseWidthSet)
    i.PWMTask                                0x00000dd4   Section        0  pwm_task.o(i.PWMTask)
    PWMTask                                  0x00000dd5   Thumb Code    54  pwm_task.o(i.PWMTask)
    i.PWMTaskInit                            0x00000e1c   Section        0  pwm_task.o(i.PWMTaskInit)
    i.PWM_dutyCycleChange                    0x00000f48   Section        0  pwm_task.o(i.PWM_dutyCycleChange)
    i.Producer                               0x00000f74   Section        0  main.o(i.Producer)
    i.SysCtlClockGet                         0x00000f78   Section        0  sysctl.o(i.SysCtlClockGet)
    i.SysCtlPWMClockSet                      0x000010cc   Section        0  sysctl.o(i.SysCtlPWMClockSet)
    i.SysCtlPeripheralEnable                 0x000010e0   Section        0  sysctl.o(i.SysCtlPeripheralEnable)
    i.TimerConfigure                         0x00001108   Section        0  timer.o(i.TimerConfigure)
    i.TimerControlTrigger                    0x00001168   Section        0  timer.o(i.TimerControlTrigger)
    i.TimerDisable                           0x000011b8   Section        0  timer.o(i.TimerDisable)
    i.TimerEnable                            0x000011c8   Section        0  timer.o(i.TimerEnable)
    i.TimerIntDisable                        0x000011d6   Section        0  timer.o(i.TimerIntDisable)
    i.TimerLoadSet                           0x000011e0   Section        0  timer.o(i.TimerLoadSet)
    i.UARTClockSourceSet                     0x000011f2   Section        0  uart.o(i.UARTClockSourceSet)
    i.UARTStdioConfig                        0x000011f8   Section        0  uartstdio.o(i.UARTStdioConfig)
    i.UARTgets                               0x00001254   Section        0  uartstdio.o(i.UARTgets)
    i.UARTprintf                             0x000012d8   Section        0  uartstdio.o(i.UARTprintf)
    i.UARTvprintf                            0x000012ec   Section        0  uartstdio.o(i.UARTvprintf)
    i.UARTwrite                              0x000014a0   Section        0  uartstdio.o(i.UARTwrite)
    i.__scatterload_copy                     0x000014dc   Section       14  handlers.o(i.__scatterload_copy)
    i.__scatterload_null                     0x000014ea   Section        2  handlers.o(i.__scatterload_null)
    i.__scatterload_zeroinit                 0x000014ec   Section       14  handlers.o(i.__scatterload_zeroinit)
    i.clearAdcData                           0x000014fa   Section        0  adc_task.o(i.clearAdcData)
    i.main                                   0x00001508   Section        0  main.o(i.main)
    i.prvAddCurrentTaskToDelayedList         0x00001608   Section        0  tasks.o(i.prvAddCurrentTaskToDelayedList)
    prvAddCurrentTaskToDelayedList           0x00001609   Thumb Code    48  tasks.o(i.prvAddCurrentTaskToDelayedList)
    i.prvCheckTasksWaitingTermination        0x0000163c   Section        0  tasks.o(i.prvCheckTasksWaitingTermination)
    prvCheckTasksWaitingTermination          0x0000163d   Thumb Code    80  tasks.o(i.prvCheckTasksWaitingTermination)
    i.prvCopyDataFromQueue                   0x00001694   Section        0  queue.o(i.prvCopyDataFromQueue)
    prvCopyDataFromQueue                     0x00001695   Thumb Code    38  queue.o(i.prvCopyDataFromQueue)
    i.prvCopyDataToQueue                     0x000016ba   Section        0  queue.o(i.prvCopyDataToQueue)
    prvCopyDataToQueue                       0x000016bb   Thumb Code   110  queue.o(i.prvCopyDataToQueue)
    i.prvIdleTask                            0x00001728   Section        0  tasks.o(i.prvIdleTask)
    prvIdleTask                              0x00001729   Thumb Code     6  tasks.o(i.prvIdleTask)
    i.prvResetNextTaskUnblockTime            0x00001730   Section        0  tasks.o(i.prvResetNextTaskUnblockTime)
    prvResetNextTaskUnblockTime              0x00001731   Thumb Code    26  tasks.o(i.prvResetNextTaskUnblockTime)
    i.prvTaskExitError                       0x00001750   Section        0  port.o(i.prvTaskExitError)
    prvTaskExitError                         0x00001751   Thumb Code    16  port.o(i.prvTaskExitError)
    i.prvUnlockQueue                         0x00001760   Section        0  queue.o(i.prvUnlockQueue)
    prvUnlockQueue                           0x00001761   Thumb Code   100  queue.o(i.prvUnlockQueue)
    i.pvPortMalloc                           0x000017c4   Section        0  heap_1.o(i.pvPortMalloc)
    i.pvTaskIncrementMutexHeldCount          0x00001810   Section        0  tasks.o(i.pvTaskIncrementMutexHeldCount)
    i.pxPortInitialiseStack                  0x00001828   Section        0  port.o(i.pxPortInitialiseStack)
    i.setAdcData                             0x00001850   Section        0  adc_task.o(i.setAdcData)
    i.uxListRemove                           0x0000185e   Section        0  list.o(i.uxListRemove)
    i.vApplicationStackOverflowHook          0x00001882   Section        0  main.o(i.vApplicationStackOverflowHook)
    i.vListInitialise                        0x00001884   Section        0  list.o(i.vListInitialise)
    i.vListInitialiseItem                    0x0000189a   Section        0  list.o(i.vListInitialiseItem)
    i.vListInsert                            0x000018a0   Section        0  list.o(i.vListInsert)
    i.vListInsertEnd                         0x000018d0   Section        0  list.o(i.vListInsertEnd)
    i.vPortEnterCritical                     0x000018e8   Section        0  port.o(i.vPortEnterCritical)
    i.vPortExitCritical                      0x00001904   Section        0  port.o(i.vPortExitCritical)
    i.vPortFree                              0x00001918   Section        0  heap_1.o(i.vPortFree)
    i.vPortSetupTimerInterrupt               0x0000191a   Section        0  port.o(i.vPortSetupTimerInterrupt)
    i.vTaskDelayUntil                        0x0000192c   Section        0  tasks.o(i.vTaskDelayUntil)
    i.vTaskMissedYield                       0x0000199c   Section        0  tasks.o(i.vTaskMissedYield)
    i.vTaskPlaceOnEventList                  0x000019a8   Section        0  tasks.o(i.vTaskPlaceOnEventList)
    i.vTaskPriorityInherit                   0x000019f8   Section        0  tasks.o(i.vTaskPriorityInherit)
    i.vTaskSetTimeOutState                   0x00001a7c   Section        0  tasks.o(i.vTaskSetTimeOutState)
    i.vTaskStartScheduler                    0x00001a8c   Section        0  tasks.o(i.vTaskStartScheduler)
    i.vTaskSuspendAll                        0x00001ae0   Section        0  tasks.o(i.vTaskSuspendAll)
    i.vTaskSwitchContext                     0x00001af0   Section        0  tasks.o(i.vTaskSwitchContext)
    i.xPortStartScheduler                    0x00001b60   Section        0  port.o(i.xPortStartScheduler)
    i.xPortSysTickHandler                    0x00001ba0   Section        0  port.o(i.xPortSysTickHandler)
    i.xQueueCreateMutex                      0x00001bcc   Section        0  queue.o(i.xQueueCreateMutex)
    i.xQueueGenericCreate                    0x00001c16   Section        0  queue.o(i.xQueueGenericCreate)
    i.xQueueGenericReceive                   0x00001c60   Section        0  queue.o(i.xQueueGenericReceive)
    i.xQueueGenericReset                     0x00001d8c   Section        0  queue.o(i.xQueueGenericReset)
    i.xQueueGenericSend                      0x00001dfc   Section        0  queue.o(i.xQueueGenericSend)
    i.xQueueGiveFromISR                      0x00001efc   Section        0  queue.o(i.xQueueGiveFromISR)
    i.xTaskCheckForTimeOut                   0x00001f54   Section        0  tasks.o(i.xTaskCheckForTimeOut)
    i.xTaskGenericCreate                     0x00001f9c   Section        0  tasks.o(i.xTaskGenericCreate)
    i.xTaskGetTickCount                      0x00002124   Section        0  tasks.o(i.xTaskGetTickCount)
    i.xTaskIncrementTick                     0x00002130   Section        0  tasks.o(i.xTaskIncrementTick)
    i.xTaskPriorityDisinherit                0x000021e4   Section        0  tasks.o(i.xTaskPriorityDisinherit)
    i.xTaskRemoveFromEventList               0x00002254   Section        0  tasks.o(i.xTaskRemoveFromEventList)
    i.xTaskResumeAll                         0x000022b8   Section        0  tasks.o(i.xTaskResumeAll)
    .constdata                               0x00002368   Section       92  main.o(.constdata)
    .constdata                               0x000023c4   Section       28  uartstdio.o(.constdata)
    g_pcHex                                  0x000023c4   Data           4  uartstdio.o(.constdata)
    g_ui32UARTBase                           0x000023c8   Data          12  uartstdio.o(.constdata)
    g_ui32UARTPeriph                         0x000023d4   Data          12  uartstdio.o(.constdata)
    .constdata                               0x000023e0   Section      552  gpio.o(.constdata)
    g_ppui32GPIOIntMapBlizzard               0x000023e0   Data         192  gpio.o(.constdata)
    g_ppui32GPIOIntMapSnowflake              0x000024a0   Data         216  gpio.o(.constdata)
    g_pui32GPIOBaseAddrs                     0x00002578   Data         144  gpio.o(.constdata)
    .constdata                               0x00002608   Section      268  interrupt.o(.constdata)
    g_pui32Priority                          0x00002608   Data          32  interrupt.o(.constdata)
    g_pui32Regs                              0x00002628   Data         156  interrupt.o(.constdata)
    g_pui32EnRegs                            0x000026c4   Data          20  interrupt.o(.constdata)
    g_pui32Dii16Regs                         0x000026d8   Data          20  interrupt.o(.constdata)
    g_pui32PendRegs                          0x000026ec   Data          20  interrupt.o(.constdata)
    g_pui32UnpendRegs                        0x00002700   Data          20  interrupt.o(.constdata)
    .constdata                               0x00002714   Section      596  sysctl.o(.constdata)
    g_pui32VCOFrequencies                    0x00002714   Data           8  sysctl.o(.constdata)
    g_pui32Xtals                             0x0000271c   Data         108  sysctl.o(.constdata)
    g_pppui32XTALtoVCO                       0x00002788   Data         432  sysctl.o(.constdata)
    g_sXTALtoMEMTIM                          0x00002938   Data          48  sysctl.o(.constdata)
    .conststring                             0x00002968   Section       17  uartstdio.o(.conststring)
    .data                                    0x20000000   Section        4  main.o(.data)
    .data                                    0x20000004   Section        4  port.o(.data)
    uxCriticalNesting                        0x20000004   Data           4  port.o(.data)
    .data                                    0x20000008   Section       56  tasks.o(.data)
    uxTasksDeleted                           0x2000000c   Data           4  tasks.o(.data)
    uxCurrentNumberOfTasks                   0x20000010   Data           4  tasks.o(.data)
    xTickCount                               0x20000014   Data           4  tasks.o(.data)
    uxTopReadyPriority                       0x20000018   Data           4  tasks.o(.data)
    xSchedulerRunning                        0x2000001c   Data           4  tasks.o(.data)
    uxPendedTicks                            0x20000020   Data           4  tasks.o(.data)
    xYieldPending                            0x20000024   Data           4  tasks.o(.data)
    xNumOfOverflows                          0x20000028   Data           4  tasks.o(.data)
    uxTaskNumber                             0x2000002c   Data           4  tasks.o(.data)
    xNextTaskUnblockTime                     0x20000030   Data           4  tasks.o(.data)
    uxSchedulerSuspended                     0x20000034   Data           4  tasks.o(.data)
    pxDelayedTaskList                        0x20000038   Data           4  tasks.o(.data)
    pxOverflowDelayedTaskList                0x2000003c   Data           4  tasks.o(.data)
    .data                                    0x20000040   Section        8  uartstdio.o(.data)
    bLastWasCR                               0x20000040   Data           1  uartstdio.o(.data)
    g_ui32Base                               0x20000044   Data           4  uartstdio.o(.data)
    .data                                    0x20000048   Section       28  adc_task.o(.data)
    prevPosition                             0x2000004a   Data           2  adc_task.o(.data)
    currPosition                             0x2000004c   Data           2  adc_task.o(.data)
    zeroCount                                0x2000004e   Data           2  adc_task.o(.data)
    AC_freq                                  0x20000050   Data           2  adc_task.o(.data)
    .data                                    0x20000064   Section        8  heap_1.o(.data)
    xNextFreeByte                            0x20000064   Data           4  heap_1.o(.data)
    pucAlignedHeap                           0x20000068   Data           4  heap_1.o(.data)
    vtable                                   0x20000400   Section      620  interrupt.o(vtable)
    g_pfnRAMVectors                          0x20000400   Data         620  interrupt.o(vtable)
    .bss                                     0x2000066c   Section      420  tasks.o(.bss)
    pxReadyTasksLists                        0x2000066c   Data         320  tasks.o(.bss)
    xDelayedTaskList1                        0x200007ac   Data          20  tasks.o(.bss)
    xDelayedTaskList2                        0x200007c0   Data          20  tasks.o(.bss)
    xPendingReadyList                        0x200007d4   Data          20  tasks.o(.bss)
    xTasksWaitingTermination                 0x200007e8   Data          20  tasks.o(.bss)
    xSuspendedTaskList                       0x200007fc   Data          20  tasks.o(.bss)
    .bss                                     0x20000810   Section       48  adc_task.o(.bss)
    max                                      0x20000810   Data          16  adc_task.o(.bss)
    min                                      0x20000820   Data          16  adc_task.o(.bss)
    rms                                      0x20000830   Data          16  adc_task.o(.bss)
    .bss                                     0x20000840   Section    30000  heap_1.o(.bss)
    ucHeap                                   0x20000840   Data       30000  heap_1.o(.bss)
    STACK                                    0x20007d70   Section      512  startup_rvmdk.o(STACK)
    StackMem                                 0x20007d70   Data           0  startup_rvmdk.o(STACK)

    Global Symbols

    Symbol Name                              Value     Ov Type        Size  Object(Section)

    BuildAttributes$$THM_ISAv4$E$P$D$K$B$S$7EM$VFPi3$EXTD16$VFPS$VFMA$PE$A:L22UL41UL21$X:L11$S22US41US21$IEEE1$IW$USESV6$~STKCKD$USESV7$~SHL$OTIME$ROPI$EBA8$MICROLIB$REQ8$PRES8$EABIv2 0x00000000   Number         0  anon$$obj.o ABSOLUTE
    __ARM_use_no_argv                        0x00000000   Number         0  main.o ABSOLUTE
    __Vectors                                0x00000000   Data           0  startup_rvmdk.o(RESET)
    __cpp_initialize__aeabi_                  - Undefined Weak Reference
    __cxa_finalize                            - Undefined Weak Reference
    _clock_init                               - Undefined Weak Reference
    _microlib_exit                            - Undefined Weak Reference
    Reset_Handler                            0x0000026d   Thumb Code     0  startup_rvmdk.o(RESET)
    __main                                   0x00000289   Thumb Code     0  entry.o(.ARM.Collect$$$$00000000)
    _main_stk                                0x00000289   Thumb Code     0  entry2.o(.ARM.Collect$$$$00000001)
    _main_scatterload                        0x0000028d   Thumb Code     0  entry5.o(.ARM.Collect$$$$00000004)
    __main_after_scatterload                 0x00000291   Thumb Code     0  entry5.o(.ARM.Collect$$$$00000004)
    _main_clock                              0x00000291   Thumb Code     0  entry7b.o(.ARM.Collect$$$$00000008)
    _main_cpp_init                           0x00000291   Thumb Code     0  entry8b.o(.ARM.Collect$$$$0000000A)
    _main_init                               0x00000291   Thumb Code     0  entry9a.o(.ARM.Collect$$$$0000000B)
    __rt_final_cpp                           0x00000299   Thumb Code     0  entry10a.o(.ARM.Collect$$$$0000000D)
    __rt_final_exit                          0x00000299   Thumb Code     0  entry11a.o(.ARM.Collect$$$$0000000F)
    vPortSVCHandler                          0x0000029d   Thumb Code    28  port.o(.emb_text)
    __asm___6_port_c_39a90d8d__prvStartFirstTask 0x000002bd   Thumb Code    28  port.o(.emb_text)
    __asm___6_port_c_39a90d8d__prvEnableVFP  0x000002dd   Thumb Code    16  port.o(.emb_text)
    xPortPendSVHandler                       0x000002f1   Thumb Code    88  port.o(.emb_text)
    vPortGetIPSR                             0x0000034d   Thumb Code     6  port.o(.emb_text)
    __aeabi_memcpy                           0x00000353   Thumb Code    36  memcpya.o(.text)
    __aeabi_memcpy4                          0x00000353   Thumb Code     0  memcpya.o(.text)
    __aeabi_memcpy8                          0x00000353   Thumb Code     0  memcpya.o(.text)
    __aeabi_memset                           0x00000377   Thumb Code    14  memseta.o(.text)
    __aeabi_memset4                          0x00000377   Thumb Code     0  memseta.o(.text)
    __aeabi_memset8                          0x00000377   Thumb Code     0  memseta.o(.text)
    __aeabi_memclr                           0x00000385   Thumb Code     4  memseta.o(.text)
    __aeabi_memclr4                          0x00000385   Thumb Code     0  memseta.o(.text)
    __aeabi_memclr8                          0x00000385   Thumb Code     0  memseta.o(.text)
    _memset$wrapper                          0x00000389   Thumb Code    18  memseta.o(.text)
    __scatterload                            0x0000039d   Thumb Code    28  init.o(.text)
    __scatterload_rt2                        0x0000039d   Thumb Code     0  init.o(.text)
    __decompress                             0x000003c1   Thumb Code     0  __dczerorl.o(.text)
    __decompress0                            0x000003c1   Thumb Code    58  __dczerorl.o(.text)
    ADC0Seq2_Handler                         0x000003fd   Thumb Code   130  adc_task.o(i.ADC0Seq2_Handler)
    ADCClockConfigSet                        0x00000489   Thumb Code    28  adc.o(i.ADCClockConfigSet)
    ADCIntClear                              0x000004a5   Thumb Code    10  adc.o(i.ADCIntClear)
    ADCIntEnable                             0x000004af   Thumb Code    16  adc.o(i.ADCIntEnable)
    ADCIntRegister                           0x000004c1   Thumb Code    92  adc.o(i.ADCIntRegister)
    ADCSequenceConfigure                     0x00000529   Thumb Code    96  adc.o(i.ADCSequenceConfigure)
    ADCSequenceDataGet                       0x00000589   Thumb Code    36  adc.o(i.ADCSequenceDataGet)
    ADCSequenceDisable                       0x000005ad   Thumb Code    16  adc.o(i.ADCSequenceDisable)
    ADCSequenceEnable                        0x000005bd   Thumb Code    14  adc.o(i.ADCSequenceEnable)
    ADCSequenceStepConfigure                 0x000005cb   Thumb Code   154  adc.o(i.ADCSequenceStepConfigure)
    ADCTaskInit                              0x000006fd   Thumb Code   300  adc_task.o(i.ADCTaskInit)
    ADC_Print                                0x00000855   Thumb Code    72  adc_task.o(i.ADC_Print)
    ConfigureUART                            0x0000091d   Thumb Code    76  main.o(i.ConfigureUART)
    GPIODirModeSet                           0x00000979   Thumb Code    40  gpio.o(i.GPIODirModeSet)
    GPIOPadConfigSet                         0x000009a1   Thumb Code   312  gpio.o(i.GPIOPadConfigSet)
    GPIOPinConfigure                         0x00000ad9   Thumb Code    60  gpio.o(i.GPIOPinConfigure)
    GPIOPinTypeADC                           0x00000b1d   Thumb Code    28  gpio.o(i.GPIOPinTypeADC)
    GPIOPinTypePWM                           0x00000b39   Thumb Code    28  gpio.o(i.GPIOPinTypePWM)
    IntEnable                                0x00000b55   Thumb Code    92  interrupt.o(i.IntEnable)
    IntPrioritySet                           0x00000bb9   Thumb Code    36  interrupt.o(i.IntPrioritySet)
    IntRegister                              0x00000be1   Thumb Code    44  interrupt.o(i.IntRegister)
    InterpreterTaskInit                      0x00000d09   Thumb Code    40  interpreter.o(i.InterpreterTaskInit)
    PWMDeadBandEnable                        0x00000d41   Thumb Code    16  pwm.o(i.PWMDeadBandEnable)
    PWMGenConfigure                          0x00000d51   Thumb Code    38  pwm.o(i.PWMGenConfigure)
    PWMGenEnable                             0x00000d77   Thumb Code    10  pwm.o(i.PWMGenEnable)
    PWMGenPeriodSet                          0x00000d81   Thumb Code    18  pwm.o(i.PWMGenPeriodSet)
    PWMOutputInvert                          0x00000d93   Thumb Code    16  pwm.o(i.PWMOutputInvert)
    PWMOutputState                           0x00000da3   Thumb Code    16  pwm.o(i.PWMOutputState)
    PWMPulseWidthSet                         0x00000db3   Thumb Code    32  pwm.o(i.PWMPulseWidthSet)
    PWMTaskInit                              0x00000e1d   Thumb Code   262  pwm_task.o(i.PWMTaskInit)
    PWM_dutyCycleChange                      0x00000f49   Thumb Code    40  pwm_task.o(i.PWM_dutyCycleChange)
    Producer                                 0x00000f75   Thumb Code     2  main.o(i.Producer)
    SysCtlClockGet                           0x00000f79   Thumb Code   304  sysctl.o(i.SysCtlClockGet)
    SysCtlPWMClockSet                        0x000010cd   Thumb Code    14  sysctl.o(i.SysCtlPWMClockSet)
    SysCtlPeripheralEnable                   0x000010e1   Thumb Code    36  sysctl.o(i.SysCtlPeripheralEnable)
    TimerConfigure                           0x00001109   Thumb Code    88  timer.o(i.TimerConfigure)
    TimerControlTrigger                      0x00001169   Thumb Code    70  timer.o(i.TimerControlTrigger)
    TimerDisable                             0x000011b9   Thumb Code    16  timer.o(i.TimerDisable)
    TimerEnable                              0x000011c9   Thumb Code    14  timer.o(i.TimerEnable)
    TimerIntDisable                          0x000011d7   Thumb Code    10  timer.o(i.TimerIntDisable)
    TimerLoadSet                             0x000011e1   Thumb Code    18  timer.o(i.TimerLoadSet)
    UARTClockSourceSet                       0x000011f3   Thumb Code     6  uart.o(i.UARTClockSourceSet)
    UARTStdioConfig                          0x000011f9   Thumb Code    82  uartstdio.o(i.UARTStdioConfig)
    UARTgets                                 0x00001255   Thumb Code   118  uartstdio.o(i.UARTgets)
    UARTprintf                               0x000012d9   Thumb Code    18  uartstdio.o(i.UARTprintf)
    UARTvprintf                              0x000012ed   Thumb Code   420  uartstdio.o(i.UARTvprintf)
    UARTwrite                                0x000014a1   Thumb Code    56  uartstdio.o(i.UARTwrite)
    __scatterload_copy                       0x000014dd   Thumb Code    14  handlers.o(i.__scatterload_copy)
    __scatterload_null                       0x000014eb   Thumb Code     2  handlers.o(i.__scatterload_null)
    __scatterload_zeroinit                   0x000014ed   Thumb Code    14  handlers.o(i.__scatterload_zeroinit)
    clearAdcData                             0x000014fb   Thumb Code    12  adc_task.o(i.clearAdcData)
    main                                     0x00001509   Thumb Code    94  main.o(i.main)
    pvPortMalloc                             0x000017c5   Thumb Code    68  heap_1.o(i.pvPortMalloc)
    pvTaskIncrementMutexHeldCount            0x00001811   Thumb Code    18  tasks.o(i.pvTaskIncrementMutexHeldCount)
    pxPortInitialiseStack                    0x00001829   Thumb Code    36  port.o(i.pxPortInitialiseStack)
    setAdcData                               0x00001851   Thumb Code    14  adc_task.o(i.setAdcData)
    uxListRemove                             0x0000185f   Thumb Code    36  list.o(i.uxListRemove)
    vApplicationStackOverflowHook            0x00001883   Thumb Code     2  main.o(i.vApplicationStackOverflowHook)
    vListInitialise                          0x00001885   Thumb Code    22  list.o(i.vListInitialise)
    vListInitialiseItem                      0x0000189b   Thumb Code     6  list.o(i.vListInitialiseItem)
    vListInsert                              0x000018a1   Thumb Code    48  list.o(i.vListInsert)
    vListInsertEnd                           0x000018d1   Thumb Code    24  list.o(i.vListInsertEnd)
    vPortEnterCritical                       0x000018e9   Thumb Code    24  port.o(i.vPortEnterCritical)
    vPortExitCritical                        0x00001905   Thumb Code    16  port.o(i.vPortExitCritical)
    vPortFree                                0x00001919   Thumb Code     2  heap_1.o(i.vPortFree)
    vPortSetupTimerInterrupt                 0x0000191b   Thumb Code    16  port.o(i.vPortSetupTimerInterrupt)
    vTaskDelayUntil                          0x0000192d   Thumb Code   102  tasks.o(i.vTaskDelayUntil)
    vTaskMissedYield                         0x0000199d   Thumb Code     8  tasks.o(i.vTaskMissedYield)
    vTaskPlaceOnEventList                    0x000019a9   Thumb Code    70  tasks.o(i.vTaskPlaceOnEventList)
    vTaskPriorityInherit                     0x000019f9   Thumb Code   124  tasks.o(i.vTaskPriorityInherit)
    vTaskSetTimeOutState                     0x00001a7d   Thumb Code    12  tasks.o(i.vTaskSetTimeOutState)
    vTaskStartScheduler                      0x00001a8d   Thumb Code    66  tasks.o(i.vTaskStartScheduler)
    vTaskSuspendAll                          0x00001ae1   Thumb Code    10  tasks.o(i.vTaskSuspendAll)
    vTaskSwitchContext                       0x00001af1   Thumb Code   104  tasks.o(i.vTaskSwitchContext)
    xPortStartScheduler                      0x00001b61   Thumb Code    52  port.o(i.xPortStartScheduler)
    xPortSysTickHandler                      0x00001ba1   Thumb Code    38  port.o(i.xPortSysTickHandler)
    xQueueCreateMutex                        0x00001bcd   Thumb Code    74  queue.o(i.xQueueCreateMutex)
    xQueueGenericCreate                      0x00001c17   Thumb Code    72  queue.o(i.xQueueGenericCreate)
    xQueueGenericReceive                     0x00001c61   Thumb Code   296  queue.o(i.xQueueGenericReceive)
    xQueueGenericReset                       0x00001d8d   Thumb Code   106  queue.o(i.xQueueGenericReset)
    xQueueGenericSend                        0x00001dfd   Thumb Code   252  queue.o(i.xQueueGenericSend)
    xQueueGiveFromISR                        0x00001efd   Thumb Code    86  queue.o(i.xQueueGiveFromISR)
    xTaskCheckForTimeOut                     0x00001f55   Thumb Code    66  tasks.o(i.xTaskCheckForTimeOut)
    xTaskGenericCreate                       0x00001f9d   Thumb Code   376  tasks.o(i.xTaskGenericCreate)
    xTaskGetTickCount                        0x00002125   Thumb Code     6  tasks.o(i.xTaskGetTickCount)
    xTaskIncrementTick                       0x00002131   Thumb Code   172  tasks.o(i.xTaskIncrementTick)
    xTaskPriorityDisinherit                  0x000021e5   Thumb Code   102  tasks.o(i.xTaskPriorityDisinherit)
    xTaskRemoveFromEventList                 0x00002255   Thumb Code    88  tasks.o(i.xTaskRemoveFromEventList)
    xTaskResumeAll                           0x000022b9   Thumb Code   164  tasks.o(i.xTaskResumeAll)
    Region$$Table$$Base                      0x0000297c   Number         0  anon$$obj.o(Region$$Table)
    Region$$Table$$Limit                     0x0000299c   Number         0  anon$$obj.o(Region$$Table)
    g_pUARTSemaphore                         0x20000000   Data           4  main.o(.data)
    pxCurrentTCB                             0x20000008   Data           4  tasks.o(.data)
    adc_input_index                          0x20000048   Data           2  adc_task.o(.data)
    adcCount                                 0x20000054   Data           4  adc_task.o(.data)
    ProducerTask                             0x20000058   Data           4  adc_task.o(.data)
    adcRawInput                              0x2000005c   Data           4  adc_task.o(.data)
    arrayFull                                0x20000060   Data           4  adc_task.o(.data)
    __initial_sp                             0x20007f70   Data           0  startup_rvmdk.o(STACK)



==============================================================================

Memory Map of the image

  Image Entry point : 0x0000026d

  Load Region LR_IROM (Base: 0x00000000, Size: 0x00003008, Max: 0x00040000, ABSOLUTE, COMPRESSED[0x000029b0])

    Execution Region ER_IROM (Base: 0x00000000, Size: 0x0000299c, Max: 0x00040000, ABSOLUTE)

    Base Addr    Size         Type   Attr      Idx    E Section Name        Object

    0x00000000   0x00000288   Code   RO          543  * RESET               startup_rvmdk.o
    0x00000288   0x00000000   Code   RO         3200  * .ARM.Collect$$$$00000000  mc_w.l(entry.o)
    0x00000288   0x00000004   Code   RO         3211    .ARM.Collect$$$$00000001  mc_w.l(entry2.o)
    0x0000028c   0x00000004   Code   RO         3214    .ARM.Collect$$$$00000004  mc_w.l(entry5.o)
    0x00000290   0x00000000   Code   RO         3216    .ARM.Collect$$$$00000008  mc_w.l(entry7b.o)
    0x00000290   0x00000000   Code   RO         3218    .ARM.Collect$$$$0000000A  mc_w.l(entry8b.o)
    0x00000290   0x00000008   Code   RO         3219    .ARM.Collect$$$$0000000B  mc_w.l(entry9a.o)
    0x00000298   0x00000000   Code   RO         3221    .ARM.Collect$$$$0000000D  mc_w.l(entry10a.o)
    0x00000298   0x00000000   Code   RO         3223    .ARM.Collect$$$$0000000F  mc_w.l(entry11a.o)
    0x00000298   0x00000004   Code   RO         3212    .ARM.Collect$$$$00002712  mc_w.l(entry2.o)
    0x0000029c   0x000000b6   Code   RO          226    .emb_text           port.o
    0x00000352   0x00000024   Code   RO         3203    .text               mc_w.l(memcpya.o)
    0x00000376   0x00000024   Code   RO         3205    .text               mc_w.l(memseta.o)
    0x0000039a   0x00000002   PAD
    0x0000039c   0x00000024   Code   RO         3228    .text               mc_w.l(init.o)
    0x000003c0   0x0000003a   Code   RO         3238    .text               mc_w.l(__dczerorl.o)
    0x000003fa   0x00000002   PAD
    0x000003fc   0x0000008c   Code   RO         1032    i.ADC0Seq2_Handler  adc_task.o
    0x00000488   0x0000001c   Code   RO         1221    i.ADCClockConfigSet  driverlib.lib(adc.o)
    0x000004a4   0x0000000a   Code   RO         1230    i.ADCIntClear       driverlib.lib(adc.o)
    0x000004ae   0x00000010   Code   RO         1234    i.ADCIntEnable      driverlib.lib(adc.o)
    0x000004be   0x00000002   PAD
    0x000004c0   0x00000068   Code   RO         1236    i.ADCIntRegister    driverlib.lib(adc.o)
    0x00000528   0x00000060   Code   RO         1245    i.ADCSequenceConfigure  driverlib.lib(adc.o)
    0x00000588   0x00000024   Code   RO         1248    i.ADCSequenceDataGet  driverlib.lib(adc.o)
    0x000005ac   0x00000010   Code   RO         1249    i.ADCSequenceDisable  driverlib.lib(adc.o)
    0x000005bc   0x0000000e   Code   RO         1250    i.ADCSequenceEnable  driverlib.lib(adc.o)
    0x000005ca   0x0000009a   Code   RO         1253    i.ADCSequenceStepConfigure  driverlib.lib(adc.o)
    0x00000664   0x00000098   Code   RO         1033    i.ADCTask           adc_task.o
    0x000006fc   0x00000158   Code   RO         1034    i.ADCTaskInit       adc_task.o
    0x00000854   0x000000c8   Code   RO         1035    i.ADC_Print         adc_task.o
    0x0000091c   0x0000005c   Code   RO           56    i.ConfigureUART     main.o
    0x00000978   0x00000028   Code   RO         1502    i.GPIODirModeSet    driverlib.lib(gpio.o)
    0x000009a0   0x00000138   Code   RO         1514    i.GPIOPadConfigSet  driverlib.lib(gpio.o)
    0x00000ad8   0x00000044   Code   RO         1515    i.GPIOPinConfigure  driverlib.lib(gpio.o)
    0x00000b1c   0x0000001c   Code   RO         1517    i.GPIOPinTypeADC    driverlib.lib(gpio.o)
    0x00000b38   0x0000001c   Code   RO         1533    i.GPIOPinTypePWM    driverlib.lib(gpio.o)
    0x00000b54   0x00000064   Code   RO         1805    i.IntEnable         driverlib.lib(interrupt.o)
    0x00000bb8   0x00000028   Code   RO         1816    i.IntPrioritySet    driverlib.lib(interrupt.o)
    0x00000be0   0x00000034   Code   RO         1817    i.IntRegister       driverlib.lib(interrupt.o)
    0x00000c14   0x000000f4   Code   RO         1141    i.InterpreterTask   interpreter.o
    0x00000d08   0x00000038   Code   RO         1142    i.InterpreterTaskInit  interpreter.o
    0x00000d40   0x00000010   Code   RO         1923    i.PWMDeadBandEnable  driverlib.lib(pwm.o)
    0x00000d50   0x00000026   Code   RO         1928    i.PWMGenConfigure   driverlib.lib(pwm.o)
    0x00000d76   0x0000000a   Code   RO         1930    i.PWMGenEnable      driverlib.lib(pwm.o)
    0x00000d80   0x00000012   Code   RO         1943    i.PWMGenPeriodSet   driverlib.lib(pwm.o)
    0x00000d92   0x00000010   Code   RO         1949    i.PWMOutputInvert   driverlib.lib(pwm.o)
    0x00000da2   0x00000010   Code   RO         1950    i.PWMOutputState    driverlib.lib(pwm.o)
    0x00000db2   0x00000020   Code   RO         1953    i.PWMPulseWidthSet  driverlib.lib(pwm.o)
    0x00000dd2   0x00000002   PAD
    0x00000dd4   0x00000048   Code   RO         1108    i.PWMTask           pwm_task.o
    0x00000e1c   0x0000012c   Code   RO         1109    i.PWMTaskInit       pwm_task.o
    0x00000f48   0x0000002c   Code   RO         1110    i.PWM_dutyCycleChange  pwm_task.o
    0x00000f74   0x00000002   Code   RO           57    i.Producer          main.o
    0x00000f76   0x00000002   PAD
    0x00000f78   0x00000154   Code   RO         2308    i.SysCtlClockGet    driverlib.lib(sysctl.o)
    0x000010cc   0x00000014   Code   RO         2334    i.SysCtlPWMClockSet  driverlib.lib(sysctl.o)
    0x000010e0   0x00000028   Code   RO         2339    i.SysCtlPeripheralEnable  driverlib.lib(sysctl.o)
    0x00001108   0x00000060   Code   RO         2657    i.TimerConfigure    driverlib.lib(timer.o)
    0x00001168   0x00000050   Code   RO         2661    i.TimerControlTrigger  driverlib.lib(timer.o)
    0x000011b8   0x00000010   Code   RO         2665    i.TimerDisable      driverlib.lib(timer.o)
    0x000011c8   0x0000000e   Code   RO         2666    i.TimerEnable       driverlib.lib(timer.o)
    0x000011d6   0x0000000a   Code   RO         2668    i.TimerIntDisable   driverlib.lib(timer.o)
    0x000011e0   0x00000012   Code   RO         2675    i.TimerLoadSet      driverlib.lib(timer.o)
    0x000011f2   0x00000006   Code   RO         2907    i.UARTClockSourceSet  driverlib.lib(uart.o)
    0x000011f8   0x0000005c   Code   RO          864    i.UARTStdioConfig   uartstdio.o
    0x00001254   0x00000084   Code   RO          866    i.UARTgets          uartstdio.o
    0x000012d8   0x00000012   Code   RO          867    i.UARTprintf        uartstdio.o
    0x000012ea   0x00000002   PAD
    0x000012ec   0x000001b4   Code   RO          868    i.UARTvprintf       uartstdio.o
    0x000014a0   0x0000003c   Code   RO          869    i.UARTwrite         uartstdio.o
    0x000014dc   0x0000000e   Code   RO         3232    i.__scatterload_copy  mc_w.l(handlers.o)
    0x000014ea   0x00000002   Code   RO         3233    i.__scatterload_null  mc_w.l(handlers.o)
    0x000014ec   0x0000000e   Code   RO         3234    i.__scatterload_zeroinit  mc_w.l(handlers.o)
    0x000014fa   0x0000000c   Code   RO         1038    i.clearAdcData      adc_task.o
    0x00001506   0x00000002   PAD
    0x00001508   0x00000100   Code   RO           58    i.main              main.o
    0x00001608   0x00000034   Code   RO          568    i.prvAddCurrentTaskToDelayedList  tasks.o
    0x0000163c   0x00000058   Code   RO          569    i.prvCheckTasksWaitingTermination  tasks.o
    0x00001694   0x00000026   Code   RO          295    i.prvCopyDataFromQueue  queue.o
    0x000016ba   0x0000006e   Code   RO          296    i.prvCopyDataToQueue  queue.o
    0x00001728   0x00000006   Code   RO          570    i.prvIdleTask       tasks.o
    0x0000172e   0x00000002   PAD
    0x00001730   0x00000020   Code   RO          572    i.prvResetNextTaskUnblockTime  tasks.o
    0x00001750   0x00000010   Code   RO          227    i.prvTaskExitError  port.o
    0x00001760   0x00000064   Code   RO          297    i.prvUnlockQueue    queue.o
    0x000017c4   0x0000004c   Code   RO         1186    i.pvPortMalloc      heap_1.o
    0x00001810   0x00000018   Code   RO          575    i.pvTaskIncrementMutexHeldCount  tasks.o
    0x00001828   0x00000028   Code   RO          228    i.pxPortInitialiseStack  port.o
    0x00001850   0x0000000e   Code   RO         1039    i.setAdcData        adc_task.o
    0x0000185e   0x00000024   Code   RO          181    i.uxListRemove      list.o
    0x00001882   0x00000002   Code   RO           59    i.vApplicationStackOverflowHook  main.o
    0x00001884   0x00000016   Code   RO          182    i.vListInitialise   list.o
    0x0000189a   0x00000006   Code   RO          183    i.vListInitialiseItem  list.o
    0x000018a0   0x00000030   Code   RO          184    i.vListInsert       list.o
    0x000018d0   0x00000018   Code   RO          185    i.vListInsertEnd    list.o
    0x000018e8   0x0000001c   Code   RO          230    i.vPortEnterCritical  port.o
    0x00001904   0x00000014   Code   RO          231    i.vPortExitCritical  port.o
    0x00001918   0x00000002   Code   RO         1187    i.vPortFree         heap_1.o
    0x0000191a   0x00000010   Code   RO          232    i.vPortSetupTimerInterrupt  port.o
    0x0000192a   0x00000002   PAD
    0x0000192c   0x00000070   Code   RO          585    i.vTaskDelayUntil   tasks.o
    0x0000199c   0x0000000c   Code   RO          588    i.vTaskMissedYield  tasks.o
    0x000019a8   0x00000050   Code   RO          590    i.vTaskPlaceOnEventList  tasks.o
    0x000019f8   0x00000084   Code   RO          592    i.vTaskPriorityInherit  tasks.o
    0x00001a7c   0x00000010   Code   RO          596    i.vTaskSetTimeOutState  tasks.o
    0x00001a8c   0x00000054   Code   RO          597    i.vTaskStartScheduler  tasks.o
    0x00001ae0   0x00000010   Code   RO          599    i.vTaskSuspendAll   tasks.o
    0x00001af0   0x00000070   Code   RO          600    i.vTaskSwitchContext  tasks.o
    0x00001b60   0x00000040   Code   RO          233    i.xPortStartScheduler  port.o
    0x00001ba0   0x0000002c   Code   RO          234    i.xPortSysTickHandler  port.o
    0x00001bcc   0x0000004a   Code   RO          307    i.xQueueCreateMutex  queue.o
    0x00001c16   0x00000048   Code   RO          308    i.xQueueGenericCreate  queue.o
    0x00001c5e   0x00000002   PAD
    0x00001c60   0x0000012c   Code   RO          309    i.xQueueGenericReceive  queue.o
    0x00001d8c   0x00000070   Code   RO          310    i.xQueueGenericReset  queue.o
    0x00001dfc   0x00000100   Code   RO          311    i.xQueueGenericSend  queue.o
    0x00001efc   0x00000056   Code   RO          313    i.xQueueGiveFromISR  queue.o
    0x00001f52   0x00000002   PAD
    0x00001f54   0x00000048   Code   RO          601    i.xTaskCheckForTimeOut  tasks.o
    0x00001f9c   0x00000188   Code   RO          602    i.xTaskGenericCreate  tasks.o
    0x00002124   0x0000000c   Code   RO          606    i.xTaskGetTickCount  tasks.o
    0x00002130   0x000000b4   Code   RO          608    i.xTaskIncrementTick  tasks.o
    0x000021e4   0x00000070   Code   RO          611    i.xTaskPriorityDisinherit  tasks.o
    0x00002254   0x00000064   Code   RO          612    i.xTaskRemoveFromEventList  tasks.o
    0x000022b8   0x000000b0   Code   RO          614    i.xTaskResumeAll    tasks.o
    0x00002368   0x0000005c   Data   RO           60    .constdata          main.o
    0x000023c4   0x0000001c   Data   RO          870    .constdata          uartstdio.o
    0x000023e0   0x00000228   Data   RO         1546    .constdata          driverlib.lib(gpio.o)
    0x00002608   0x0000010c   Data   RO         1821    .constdata          driverlib.lib(interrupt.o)
    0x00002714   0x00000254   Data   RO         2361    .constdata          driverlib.lib(sysctl.o)
    0x00002968   0x00000011   Data   RO          871    .conststring        uartstdio.o
    0x00002979   0x00000003   PAD
    0x0000297c   0x00000020   Data   RO         3230    Region$$Table       anon$$obj.o


    Execution Region RW_IRAM (Base: 0x20000000, Size: 0x00007f70, Max: 0x00008000, ABSOLUTE, COMPRESSED[0x00000014])

    Base Addr    Size         Type   Attr      Idx    E Section Name        Object

    0x20000000   0x00000004   Data   RW           61    .data               main.o
    0x20000004   0x00000004   Data   RW          235    .data               port.o
    0x20000008   0x00000038   Data   RW          617    .data               tasks.o
    0x20000040   0x00000008   Data   RW          872    .data               uartstdio.o
    0x20000048   0x0000001c   Data   RW         1042    .data               adc_task.o
    0x20000064   0x00000008   Data   RW         1191    .data               heap_1.o
    0x2000006c   0x00000394   PAD
    0x20000400   0x0000026c   Data   RW         1822    vtable              driverlib.lib(interrupt.o)
    0x2000066c   0x000001a4   Zero   RW          616    .bss                tasks.o
    0x20000810   0x00000030   Zero   RW         1040    .bss                adc_task.o
    0x20000840   0x00007530   Zero   RW         1190    .bss                heap_1.o
    0x20007d70   0x00000200   Zero   RW          541    STACK               startup_rvmdk.o


==============================================================================

Image component sizes


      Code (inc. data)   RO Data    RW Data    ZI Data      Debug   Object Name

       862        202          0         28         48       4974   adc_task.o
         0          0          0          0          0       4212   buttons.o
        78          8          0          8      30000       1843   heap_1.o
       300         98          0          0          0       1274   interpreter.o
       136          0          0          0          0       4690   list.o
       352        178         92          4          0      19625   main.o
       410         46          0          4          0      16000   port.o
       416         60          0          0          0       1784   pwm_task.o
      1148         14          0          0          0      17666   queue.o
       648        622          0          0        512        248   startup_rvmdk.o
      1810        162          0         56        420      18200   tasks.o
       738         44         45          8          0       4800   uartstdio.o

    ----------------------------------------------------------------------
      6912       1434        172       1024      30980      95316   Object Totals
         0          0         32          0          0          0   (incl. Generated)
        14          0          3        916          0          0   (incl. Padding)

    ----------------------------------------------------------------------

      Code (inc. data)   RO Data    RW Data    ZI Data      Debug   Library Member Name

       474         12          0          0          0       9250   adc.o
       476          8        552          0          0       4105   gpio.o
       192         20        268        620          0       2679   interrupt.o
       146          0          0          0          0       3693   pwm.o
       400         46        596          0          0       3634   sysctl.o
       234         18          0          0          0       3201   timer.o
         6          0          0          0          0        497   uart.o
        58          0          0          0          0          0   __dczerorl.o
         0          0          0          0          0          0   entry.o
         0          0          0          0          0          0   entry10a.o
         0          0          0          0          0          0   entry11a.o
         8          4          0          0          0          0   entry2.o
         4          0          0          0          0          0   entry5.o
         0          0          0          0          0          0   entry7b.o
         0          0          0          0          0          0   entry8b.o
         8          4          0          0          0          0   entry9a.o
        30          0          0          0          0          0   handlers.o
        36          8          0          0          0         68   init.o
        36          0          0          0          0         68   memcpya.o
        36          0          0          0          0        108   memseta.o

    ----------------------------------------------------------------------
      2152        120       1416        620          0      27303   Library Totals
         8          0          0          0          0          0   (incl. Padding)

    ----------------------------------------------------------------------

      Code (inc. data)   RO Data    RW Data    ZI Data      Debug   Library Name

      1928        104       1416        620          0      27059   driverlib.lib
       216         16          0          0          0        244   mc_w.l

    ----------------------------------------------------------------------
      2152        120       1416        620          0      27303   Library Totals

    ----------------------------------------------------------------------

==============================================================================


      Code (inc. data)   RO Data    RW Data    ZI Data      Debug   

      9064       1554       1588       1644      30980     113467   Grand Totals
      9064       1554       1588         20      30980     113467   ELF Image Totals (compressed)
      9064       1554       1588         20          0          0   ROM Totals

==============================================================================

    Total RO  Size (Code + RO Data)                10652 (  10.40kB)
    Total RW  Size (RW Data + ZI Data)             32624 (  31.86kB)
    Total ROM Size (Code + RO Data + RW Data)      10672 (  10.42kB)

==============================================================================

